Component: ARM Compiler 5.05 update 1 (build 106) Tool: armlink [4d0efa]

==============================================================================

Section Cross References

    startup_stm32f40xx.o(RESET) refers to startup_stm32f40xx.o(STACK) for __initial_sp
    startup_stm32f40xx.o(RESET) refers to startup_stm32f40xx.o(.text) for Reset_Handler
    startup_stm32f40xx.o(RESET) refers to stm32f4xx_it.o(i.NMI_Handler) for NMI_Handler
    startup_stm32f40xx.o(RESET) refers to stm32f4xx_it.o(i.HardFault_Handler) for HardFault_Handler
    startup_stm32f40xx.o(RESET) refers to stm32f4xx_it.o(i.MemManage_Handler) for MemManage_Handler
    startup_stm32f40xx.o(RESET) refers to stm32f4xx_it.o(i.BusFault_Handler) for BusFault_Handler
    startup_stm32f40xx.o(RESET) refers to stm32f4xx_it.o(i.UsageFault_Handler) for UsageFault_Handler
    startup_stm32f40xx.o(RESET) refers to stm32f4xx_it.o(i.SVC_Handler) for SVC_Handler
    startup_stm32f40xx.o(RESET) refers to stm32f4xx_it.o(i.DebugMon_Handler) for DebugMon_Handler
    startup_stm32f40xx.o(RESET) refers to stm32f4xx_it.o(i.PendSV_Handler) for PendSV_Handler
    startup_stm32f40xx.o(RESET) refers to stm32f4xx_it.o(i.SysTick_Handler) for SysTick_Handler
    startup_stm32f40xx.o(RESET) refers to main.o(i.TIM3_IRQHandler) for TIM3_IRQHandler
    startup_stm32f40xx.o(RESET) refers to bsp_sdio_sd.o(i.SDIO_IRQHandler) for SDIO_IRQHandler
    startup_stm32f40xx.o(RESET) refers to bsp_sdio_sd.o(i.DMA2_Stream3_IRQHandler) for DMA2_Stream3_IRQHandler
    startup_stm32f40xx.o(.text) refers to system_stm32f4xx.o(i.SystemInit) for SystemInit
    startup_stm32f40xx.o(.text) refers to entry.o(.ARM.Collect$$$$00000000) for __main
    system_stm32f4xx.o(i.SystemCoreClockUpdate) refers to system_stm32f4xx.o(.data) for SystemCoreClock
    system_stm32f4xx.o(i.SystemInit) refers to system_stm32f4xx.o(i.SetSysClock) for SetSysClock
    stm32f4xx_adc.o(i.ADC_DeInit) refers to stm32f4xx_rcc.o(i.RCC_APB2PeriphResetCmd) for RCC_APB2PeriphResetCmd
    stm32f4xx_can.o(i.CAN_DeInit) refers to stm32f4xx_rcc.o(i.RCC_APB1PeriphResetCmd) for RCC_APB1PeriphResetCmd
    stm32f4xx_can.o(i.CAN_GetITStatus) refers to stm32f4xx_can.o(i.CheckITStatus) for CheckITStatus
    stm32f4xx_cryp.o(i.CRYP_DeInit) refers to stm32f4xx_rcc.o(i.RCC_AHB2PeriphResetCmd) for RCC_AHB2PeriphResetCmd
    stm32f4xx_cryp_aes.o(i.CRYP_AES_CBC) refers to stm32f4xx_cryp.o(i.CRYP_KeyStructInit) for CRYP_KeyStructInit
    stm32f4xx_cryp_aes.o(i.CRYP_AES_CBC) refers to stm32f4xx_cryp.o(i.CRYP_FIFOFlush) for CRYP_FIFOFlush
    stm32f4xx_cryp_aes.o(i.CRYP_AES_CBC) refers to stm32f4xx_cryp.o(i.CRYP_Init) for CRYP_Init
    stm32f4xx_cryp_aes.o(i.CRYP_AES_CBC) refers to stm32f4xx_cryp.o(i.CRYP_KeyInit) for CRYP_KeyInit
    stm32f4xx_cryp_aes.o(i.CRYP_AES_CBC) refers to stm32f4xx_cryp.o(i.CRYP_Cmd) for CRYP_Cmd
    stm32f4xx_cryp_aes.o(i.CRYP_AES_CBC) refers to stm32f4xx_cryp.o(i.CRYP_GetFlagStatus) for CRYP_GetFlagStatus
    stm32f4xx_cryp_aes.o(i.CRYP_AES_CBC) refers to stm32f4xx_cryp.o(i.CRYP_IVInit) for CRYP_IVInit
    stm32f4xx_cryp_aes.o(i.CRYP_AES_CBC) refers to stm32f4xx_cryp.o(i.CRYP_GetCmdStatus) for CRYP_GetCmdStatus
    stm32f4xx_cryp_aes.o(i.CRYP_AES_CBC) refers to stm32f4xx_cryp.o(i.CRYP_DataIn) for CRYP_DataIn
    stm32f4xx_cryp_aes.o(i.CRYP_AES_CBC) refers to stm32f4xx_cryp.o(i.CRYP_DataOut) for CRYP_DataOut
    stm32f4xx_cryp_aes.o(i.CRYP_AES_CCM) refers to stm32f4xx_cryp.o(i.CRYP_KeyStructInit) for CRYP_KeyStructInit
    stm32f4xx_cryp_aes.o(i.CRYP_AES_CCM) refers to stm32f4xx_cryp.o(i.CRYP_FIFOFlush) for CRYP_FIFOFlush
    stm32f4xx_cryp_aes.o(i.CRYP_AES_CCM) refers to stm32f4xx_cryp.o(i.CRYP_KeyInit) for CRYP_KeyInit
    stm32f4xx_cryp_aes.o(i.CRYP_AES_CCM) refers to stm32f4xx_cryp.o(i.CRYP_IVInit) for CRYP_IVInit
    stm32f4xx_cryp_aes.o(i.CRYP_AES_CCM) refers to stm32f4xx_cryp.o(i.CRYP_Init) for CRYP_Init
    stm32f4xx_cryp_aes.o(i.CRYP_AES_CCM) refers to stm32f4xx_cryp.o(i.CRYP_PhaseConfig) for CRYP_PhaseConfig
    stm32f4xx_cryp_aes.o(i.CRYP_AES_CCM) refers to stm32f4xx_cryp.o(i.CRYP_DataIn) for CRYP_DataIn
    stm32f4xx_cryp_aes.o(i.CRYP_AES_CCM) refers to stm32f4xx_cryp.o(i.CRYP_Cmd) for CRYP_Cmd
    stm32f4xx_cryp_aes.o(i.CRYP_AES_CCM) refers to stm32f4xx_cryp.o(i.CRYP_GetCmdStatus) for CRYP_GetCmdStatus
    stm32f4xx_cryp_aes.o(i.CRYP_AES_CCM) refers to stm32f4xx_cryp.o(i.CRYP_GetFlagStatus) for CRYP_GetFlagStatus
    stm32f4xx_cryp_aes.o(i.CRYP_AES_CCM) refers to stm32f4xx_cryp.o(i.CRYP_DataOut) for CRYP_DataOut
    stm32f4xx_cryp_aes.o(i.CRYP_AES_CTR) refers to stm32f4xx_cryp.o(i.CRYP_KeyStructInit) for CRYP_KeyStructInit
    stm32f4xx_cryp_aes.o(i.CRYP_AES_CTR) refers to stm32f4xx_cryp.o(i.CRYP_KeyInit) for CRYP_KeyInit
    stm32f4xx_cryp_aes.o(i.CRYP_AES_CTR) refers to stm32f4xx_cryp.o(i.CRYP_Init) for CRYP_Init
    stm32f4xx_cryp_aes.o(i.CRYP_AES_CTR) refers to stm32f4xx_cryp.o(i.CRYP_IVInit) for CRYP_IVInit
[...]
    TIM8_CC_IRQHandler                       0x080001b7   Thumb Code     0  startup_stm32f40xx.o(.text)
    TIM8_TRG_COM_TIM14_IRQHandler            0x080001b7   Thumb Code     0  startup_stm32f40xx.o(.text)
    TIM8_UP_TIM13_IRQHandler                 0x080001b7   Thumb Code     0  startup_stm32f40xx.o(.text)
    UART4_IRQHandler                         0x080001b7   Thumb Code     0  startup_stm32f40xx.o(.text)
    UART5_IRQHandler                         0x080001b7   Thumb Code     0  startup_stm32f40xx.o(.text)
    USART1_IRQHandler                        0x080001b7   Thumb Code     0  startup_stm32f40xx.o(.text)
    USART2_IRQHandler                        0x080001b7   Thumb Code     0  startup_stm32f40xx.o(.text)
    USART3_IRQHandler                        0x080001b7   Thumb Code     0  startup_stm32f40xx.o(.text)
    USART6_IRQHandler                        0x080001b7   Thumb Code     0  startup_stm32f40xx.o(.text)
    WWDG_IRQHandler                          0x080001b7   Thumb Code     0  startup_stm32f40xx.o(.text)
    __aeabi_uldivmod                         0x080001c1   Thumb Code    98  uldiv.o(.text)
    __aeabi_memcpy                           0x08000223   Thumb Code    36  memcpya.o(.text)
    __aeabi_memcpy4                          0x08000223   Thumb Code     0  memcpya.o(.text)
    __aeabi_memcpy8                          0x08000223   Thumb Code     0  memcpya.o(.text)
    __aeabi_memset                           0x08000247   Thumb Code    14  memseta.o(.text)
    __aeabi_memset4                          0x08000247   Thumb Code     0  memseta.o(.text)
    __aeabi_memset8                          0x08000247   Thumb Code     0  memseta.o(.text)
    __aeabi_memclr                           0x08000255   Thumb Code     4  memseta.o(.text)
    __aeabi_memclr4                          0x08000255   Thumb Code     0  memseta.o(.text)
    __aeabi_memclr8                          0x08000255   Thumb Code     0  memseta.o(.text)
    _memset$wrapper                          0x08000259   Thumb Code    18  memseta.o(.text)
    strlen                                   0x0800026b   Thumb Code    14  strlen.o(.text)
    strcmp                                   0x08000279   Thumb Code    28  strcmp.o(.text)
    memcmp                                   0x08000295   Thumb Code    26  memcmp.o(.text)
    __aeabi_dmul                             0x080002af   Thumb Code   228  dmul.o(.text)
    __aeabi_ddiv                             0x08000393   Thumb Code   222  ddiv.o(.text)
    __aeabi_i2d                              0x08000471   Thumb Code    34  dflti.o(.text)
    __aeabi_uidiv                            0x08000493   Thumb Code     0  uidiv.o(.text)
    __aeabi_uidivmod                         0x08000493   Thumb Code    44  uidiv.o(.text)
    __aeabi_llsl                             0x080004bf   Thumb Code    30  llshl.o(.text)
    _ll_shift_l                              0x080004bf   Thumb Code     0  llshl.o(.text)
    __aeabi_llsr                             0x080004dd   Thumb Code    32  llushr.o(.text)
    _ll_ushift_r                             0x080004dd   Thumb Code     0  llushr.o(.text)
    __I$use$fp                               0x080004fd   Thumb Code     0  iusefp.o(.text)
    _double_round                            0x080004fd   Thumb Code    30  depilogue.o(.text)
    _double_epilogue                         0x0800051b   Thumb Code   156  depilogue.o(.text)
    __aeabi_dadd                             0x080005b7   Thumb Code   322  dadd.o(.text)
    __aeabi_dsub                             0x080006f9   Thumb Code     6  dadd.o(.text)
    __aeabi_drsub                            0x080006ff   Thumb Code     6  dadd.o(.text)
    __aeabi_d2ulz                            0x08000705   Thumb Code    48  dfixul.o(.text)
    __aeabi_cdrcmple                         0x08000735   Thumb Code    48  cdrcmple.o(.text)
    __scatterload                            0x08000765   Thumb Code    28  init.o(.text)
    __scatterload_rt2                        0x08000765   Thumb Code     0  init.o(.text)
    __aeabi_lasr                             0x08000789   Thumb Code    36  llsshr.o(.text)
    _ll_sshift_r                             0x08000789   Thumb Code     0  llsshr.o(.text)
    __decompress                             0x080007ad   Thumb Code     0  __dczerorl2.o(.text)
    __decompress1                            0x080007ad   Thumb Code    86  __dczerorl2.o(.text)
    ADS1256_Init_No_SPI                      0x08000805   Thumb Code   238  bsp_adc.o(i.ADS1256_Init_No_SPI)
    ADS1256_Read_Chip1_Byte                  0x08000905   Thumb Code    96  bsp_adc.o(i.ADS1256_Read_Chip1_Byte)
    ADS1256_Read_Chip2_Byte                  0x08000969   Thumb Code    96  bsp_adc.o(i.ADS1256_Read_Chip2_Byte)
    ADS1256_Read_Chip3_Byte                  0x080009cd   Thumb Code   100  bsp_adc.o(i.ADS1256_Read_Chip3_Byte)
    ADS1256_Read_dat                         0x08000a39   Thumb Code   256  bsp_adc.o(i.ADS1256_Read_dat)
    ADS1256_Write_Chip1_Byte                 0x08000b4d   Thumb Code    90  bsp_adc.o(i.ADS1256_Write_Chip1_Byte)
    ADS1256_Write_Chip1_Reg                  0x08000bad   Thumb Code    58  bsp_adc.o(i.ADS1256_Write_Chip1_Reg)
    ADS1256_Write_Chip2_Byte                 0x08000bf1   Thumb Code    90  bsp_adc.o(i.ADS1256_Write_Chip2_Byte)
    ADS1256_Write_Chip2_Reg                  0x08000c55   Thumb Code    58  bsp_adc.o(i.ADS1256_Write_Chip2_Reg)
    ADS1256_Write_Chip3_Byte                 0x08000c99   Thumb Code    94  bsp_adc.o(i.ADS1256_Write_Chip3_Byte)
    ADS1256_Write_Chip3_Reg                  0x08000d01   Thumb Code    58  bsp_adc.o(i.ADS1256_Write_Chip3_Reg)
    BusFault_Handler                         0x08000d45   Thumb Code     4  stm32f4xx_it.o(i.BusFault_Handler)
    DMA2_Stream3_IRQHandler                  0x08001015   Thumb Code     8  bsp_sdio_sd.o(i.DMA2_Stream3_IRQHandler)
    DMA_ClearFlag                            0x0800101d   Thumb Code    38  stm32f4xx_dma.o(i.DMA_ClearFlag)
    DMA_Cmd                                  0x08001051   Thumb Code    22  stm32f4xx_dma.o(i.DMA_Cmd)
    DMA_DeInit                               0x08001069   Thumb Code   324  stm32f4xx_dma.o(i.DMA_DeInit)
    DMA_FlowControllerConfig                 0x080011c1   Thumb Code    22  stm32f4xx_dma.o(i.DMA_FlowControllerConfig)
    DMA_ITConfig                             0x080011d7   Thumb Code    58  stm32f4xx_dma.o(i.DMA_ITConfig)
    DMA_Init                                 0x08001211   Thumb Code    82  stm32f4xx_dma.o(i.DMA_Init)
    Data_Collection_And_Xmit                 0x08001269   Thumb Code   392  main.o(i.Data_Collection_And_Xmit)
    DebugMon_Handler                         0x08001451   Thumb Code     2  stm32f4xx_it.o(i.DebugMon_Handler)
    Debug_USART_Config                       0x08001455   Thumb Code   144  bsp_debug_usart.o(i.Debug_USART_Config)
    Delay_10ms                               0x08001511   Thumb Code    20  bsp_systick.o(i.Delay_10ms)
    ETH_BSP_Config                           0x08001529   Thumb Code    38  stm32f4x7_phy.o(i.ETH_BSP_Config)
    ETH_CheckFrameReceived                   0x08001555   Thumb Code   210  stm32f4x7_eth.o(i.ETH_CheckFrameReceived)
    ETH_CheckLinkStatus                      0x08001631   Thumb Code    64  stm32f4x7_phy.o(i.ETH_CheckLinkStatus)
    ETH_DMAReceptionCmd                      0x0800167d   Thumb Code    30  stm32f4x7_eth.o(i.ETH_DMAReceptionCmd)
    ETH_DMARxDescChainInit                   0x080016a1   Thumb Code    82  stm32f4x7_eth.o(i.ETH_DMARxDescChainInit)
    ETH_DMATransmissionCmd                   0x08001705   Thumb Code    30  stm32f4x7_eth.o(i.ETH_DMATransmissionCmd)
    ETH_DMATxDescChainInit                   0x08001729   Thumb Code    70  stm32f4x7_eth.o(i.ETH_DMATxDescChainInit)
    ETH_DMATxDescChecksumInsertionConfig     0x08001779   Thumb Code     8  stm32f4x7_eth.o(i.ETH_DMATxDescChecksumInsertionConfig)
    ETH_DeInit                               0x08001781   Thumb Code    22  stm32f4x7_eth.o(i.ETH_DeInit)
    ETH_FlushTransmitFIFO                    0x08001799   Thumb Code    38  stm32f4x7_eth.o(i.ETH_FlushTransmitFIFO)
    ETH_GetSoftwareResetStatus               0x080018d1   Thumb Code    20  stm32f4x7_eth.o(i.ETH_GetSoftwareResetStatus)
    ETH_Get_Received_Frame                   0x080018e9   Thumb Code    64  stm32f4x7_eth.o(i.ETH_Get_Received_Frame)
    ETH_Init                                 0x08001931   Thumb Code   748  stm32f4x7_eth.o(i.ETH_Init)
    ETH_MACAddressConfig                     0x08001c45   Thumb Code    46  stm32f4x7_eth.o(i.ETH_MACAddressConfig)
    ETH_MACReceptionCmd                      0x08001da1   Thumb Code    56  stm32f4x7_eth.o(i.ETH_MACReceptionCmd)
    ETH_MACTransmissionCmd                   0x08001ddd   Thumb Code    56  stm32f4x7_eth.o(i.ETH_MACTransmissionCmd)
    ETH_Prepare_Transmit_Descriptors         0x08001e19   Thumb Code   194  stm32f4x7_eth.o(i.ETH_Prepare_Transmit_Descriptors)
    ETH_ReadPHYRegister                      0x08001ee5   Thumb Code    98  stm32f4x7_eth.o(i.ETH_ReadPHYRegister)
    ETH_SoftwareReset                        0x08001f51   Thumb Code    14  stm32f4x7_eth.o(i.ETH_SoftwareReset)
    ETH_Start                                0x08001f65   Thumb Code    32  stm32f4x7_eth.o(i.ETH_Start)
    ETH_Stop                                 0x08001f85   Thumb Code    32  stm32f4x7_eth.o(i.ETH_Stop)
    ETH_StructInit                           0x08001fa5   Thumb Code   178  stm32f4x7_eth.o(i.ETH_StructInit)
    ETH_WritePHYRegister                     0x08002059   Thumb Code    96  stm32f4x7_eth.o(i.ETH_WritePHYRegister)
    ETH_link_callback                        0x080020c1   Thumb Code   218  stm32f4x7_phy.o(i.ETH_link_callback)
    FSMC_NORSRAMCmd                          0x080021b9   Thumb Code    46  stm32f4xx_fsmc.o(i.FSMC_NORSRAMCmd)
    FSMC_NORSRAMInit                         0x080021ed   Thumb Code   282  stm32f4xx_fsmc.o(i.FSMC_NORSRAMInit)
    GPIO_Init                                0x080024a5   Thumb Code   144  stm32f4xx_gpio.o(i.GPIO_Init)
    GPIO_PinAFConfig                         0x08002535   Thumb Code    70  stm32f4xx_gpio.o(i.GPIO_PinAFConfig)
    GPIO_ReadInputDataBit                    0x0800257b   Thumb Code    18  stm32f4xx_gpio.o(i.GPIO_ReadInputDataBit)
    GPIO_ResetBits                           0x0800258d   Thumb Code     4  stm32f4xx_gpio.o(i.GPIO_ResetBits)
    GPIO_SetBits                             0x08002591   Thumb Code     4  stm32f4xx_gpio.o(i.GPIO_SetBits)
    Get_Ads1256_Data_No_SPI                  0x08002595   Thumb Code    34  bsp_adc.o(i.Get_Ads1256_Data_No_SPI)
    HardFault_Handler                        0x080025b9   Thumb Code    10  stm32f4xx_it.o(i.HardFault_Handler)
    ILI9806G_BackLed_Control                 0x080025d5   Thumb Code    30  bsp_ili9806g_lcd.o(i.ILI9806G_BackLed_Control)
    ILI9806G_Clear                           0x080025f9   Thumb Code    40  bsp_ili9806g_lcd.o(i.ILI9806G_Clear)
    ILI9806G_DispChar_EN                     0x08002639   Thumb Code   138  bsp_ili9806g_lcd.o(i.ILI9806G_DispChar_EN)
    ILI9806G_DispStringLine_EN               0x080026d1   Thumb Code    92  bsp_ili9806g_lcd.o(i.ILI9806G_DispStringLine_EN)
    ILI9806G_GramScan                        0x080029f5   Thumb Code   176  bsp_ili9806g_lcd.o(i.ILI9806G_GramScan)
    ILI9806G_Init                            0x08002ab1   Thumb Code    50  bsp_ili9806g_lcd.o(i.ILI9806G_Init)
    ILI9806G_OpenWindow                      0x08002af1   Thumb Code    96  bsp_ili9806g_lcd.o(i.ILI9806G_OpenWindow)
    ILI9806G_Rst                             0x08002eb9   Thumb Code    40  bsp_ili9806g_lcd.o(i.ILI9806G_Rst)
    ILI9806G_Write_Cmd                       0x08002ee5   Thumb Code     8  bsp_ili9806g_lcd.o(i.ILI9806G_Write_Cmd)
    ILI9806G_Write_Data                      0x08002eed   Thumb Code     8  bsp_ili9806g_lcd.o(i.ILI9806G_Write_Data)
    Init_ADS_GPIO_NO_SPI                     0x08002ef5   Thumb Code   766  bsp_adc.o(i.Init_ADS_GPIO_NO_SPI)
    Key_GPIO_Config                          0x08003211   Thumb Code    48  bsp_key.o(i.Key_GPIO_Config)
    LCD_Display                              0x08003249   Thumb Code   196  main.o(i.LCD_Display)
    LCD_Display_Init                         0x0800333d   Thumb Code    66  main.o(i.LCD_Display_Init)
    LCD_Display_InitInfo                     0x080033b5   Thumb Code    36  main.o(i.LCD_Display_InitInfo)
    LCD_Display_RecvInfo                     0x080033dd   Thumb Code    42  main.o(i.LCD_Display_RecvInfo)
    LCD_GetFont                              0x0800340d   Thumb Code     6  bsp_ili9806g_lcd.o(i.LCD_GetFont)
    LCD_SetColors                            0x08003419   Thumb Code    10  bsp_ili9806g_lcd.o(i.LCD_SetColors)
    LCD_SetFont                              0x0800342d   Thumb Code     6  bsp_ili9806g_lcd.o(i.LCD_SetFont)
    LED_GPIO_Config                          0x08003439   Thumb Code    90  bsp_led.o(i.LED_GPIO_Config)
    LwIP_Init                                0x08003499   Thumb Code   172  netconf.o(i.LwIP_Init)
    LwIP_Periodic_Handle                     0x080035f1   Thumb Code    78  netconf.o(i.LwIP_Periodic_Handle)
    LwIP_Pkt_Handle                          0x0800364d   Thumb Code    10  netconf.o(i.LwIP_Pkt_Handle)
    MemManage_Handler                        0x0800365d   Thumb Code     4  stm32f4xx_it.o(i.MemManage_Handler)
    NMI_Handler                              0x08003661   Thumb Code     2  stm32f4xx_it.o(i.NMI_Handler)
    NVIC_Init                                0x08003665   Thumb Code   106  misc.o(i.NVIC_Init)
    NVIC_PriorityGroupConfig                 0x080036dd   Thumb Code    10  misc.o(i.NVIC_PriorityGroupConfig)
    PendSV_Handler                           0x080036f1   Thumb Code     2  stm32f4xx_it.o(i.PendSV_Handler)
    RCC_AHB1PeriphClockCmd                   0x080036f5   Thumb Code    26  stm32f4xx_rcc.o(i.RCC_AHB1PeriphClockCmd)
    RCC_AHB1PeriphResetCmd                   0x08003715   Thumb Code    26  stm32f4xx_rcc.o(i.RCC_AHB1PeriphResetCmd)
    RCC_AHB3PeriphClockCmd                   0x08003735   Thumb Code    26  stm32f4xx_rcc.o(i.RCC_AHB3PeriphClockCmd)
    RCC_APB1PeriphClockCmd                   0x08003755   Thumb Code    26  stm32f4xx_rcc.o(i.RCC_APB1PeriphClockCmd)
    RCC_APB2PeriphClockCmd                   0x08003775   Thumb Code    26  stm32f4xx_rcc.o(i.RCC_APB2PeriphClockCmd)
    RCC_APB2PeriphResetCmd                   0x08003795   Thumb Code    26  stm32f4xx_rcc.o(i.RCC_APB2PeriphResetCmd)
    RCC_GetClocksFreq                        0x080037b5   Thumb Code   214  stm32f4xx_rcc.o(i.RCC_GetClocksFreq)
    SDIO_ClearFlag                           0x080039b9   Thumb Code     6  stm32f4xx_sdio.o(i.SDIO_ClearFlag)
    SDIO_ClearITPendingBit                   0x080039c5   Thumb Code     6  stm32f4xx_sdio.o(i.SDIO_ClearITPendingBit)
    SDIO_ClockCmd                            0x080039d1   Thumb Code     6  stm32f4xx_sdio.o(i.SDIO_ClockCmd)
    SDIO_DMACmd                              0x080039dd   Thumb Code     6  stm32f4xx_sdio.o(i.SDIO_DMACmd)
    SDIO_DataConfig                          0x080039e9   Thumb Code    46  stm32f4xx_sdio.o(i.SDIO_DataConfig)
    SDIO_DeInit                              0x08003a1d   Thumb Code    22  stm32f4xx_sdio.o(i.SDIO_DeInit)
    SDIO_GetCommandResponse                  0x08003a35   Thumb Code     8  stm32f4xx_sdio.o(i.SDIO_GetCommandResponse)
    SDIO_GetFlagStatus                       0x08003a41   Thumb Code    20  stm32f4xx_sdio.o(i.SDIO_GetFlagStatus)
    SDIO_GetITStatus                         0x08003a59   Thumb Code    20  stm32f4xx_sdio.o(i.SDIO_GetITStatus)
    SDIO_GetPowerState                       0x08003a71   Thumb Code    10  stm32f4xx_sdio.o(i.SDIO_GetPowerState)
    SDIO_GetResponse                         0x08003a81   Thumb Code    20  stm32f4xx_sdio.o(i.SDIO_GetResponse)
    SDIO_IRQHandler                          0x08003a99   Thumb Code     8  bsp_sdio_sd.o(i.SDIO_IRQHandler)
    SDIO_ITConfig                            0x08003aa1   Thumb Code    26  stm32f4xx_sdio.o(i.SDIO_ITConfig)
    SDIO_Init                                0x08003ac1   Thumb Code    42  stm32f4xx_sdio.o(i.SDIO_Init)
    SDIO_ReadData                            0x08003af1   Thumb Code     6  stm32f4xx_sdio.o(i.SDIO_ReadData)
    SDIO_SendCommand                         0x08003afd   Thumb Code    40  stm32f4xx_sdio.o(i.SDIO_SendCommand)
    SDIO_SetPowerState                       0x08003b29   Thumb Code     6  stm32f4xx_sdio.o(i.SDIO_SetPowerState)
    SD_Detect                                0x08003b35   Thumb Code    12  bsp_sdio_sd.o(i.SD_Detect)
    SD_EnableWideBusOperation                0x08003b41   Thumb Code   136  bsp_sdio_sd.o(i.SD_EnableWideBusOperation)
    SD_GetCardInfo                           0x08003bd1   Thumb Code   780  bsp_sdio_sd.o(i.SD_GetCardInfo)
    SD_GetState                              0x08003eed   Thumb Code    38  bsp_sdio_sd.o(i.SD_GetState)
    SD_GetStatus                             0x08003f13   Thumb Code    30  bsp_sdio_sd.o(i.SD_GetStatus)
    SD_Init                                  0x08003f31   Thumb Code   182  bsp_sdio_sd.o(i.SD_Init)
    SD_InitializeCards                       0x08003ff1   Thumb Code   294  bsp_sdio_sd.o(i.SD_InitializeCards)
    SD_LowLevel_DMA_RxConfig                 0x0800412d   Thumb Code   136  bsp_sdio_sd.o(i.SD_LowLevel_DMA_RxConfig)
    SD_LowLevel_DMA_TxConfig                 0x080041bd   Thumb Code   136  bsp_sdio_sd.o(i.SD_LowLevel_DMA_TxConfig)
    SD_LowLevel_Init                         0x0800424d   Thumb Code   156  bsp_sdio_sd.o(i.SD_LowLevel_Init)
    SD_PowerON                               0x080042f1   Thumb Code   400  bsp_sdio_sd.o(i.SD_PowerON)
    SD_ProcessDMAIRQ                         0x08004491   Thumb Code    32  bsp_sdio_sd.o(i.SD_ProcessDMAIRQ)
    SD_ProcessIRQSrc                         0x080044b9   Thumb Code   162  bsp_sdio_sd.o(i.SD_ProcessIRQSrc)
    SD_ReadMultiBlocks                       0x08004565   Thumb Code   220  bsp_sdio_sd.o(i.SD_ReadMultiBlocks)
    SD_SelectDeselect                        0x0800465d   Thumb Code    50  bsp_sdio_sd.o(i.SD_SelectDeselect)
    SD_SendStatus                            0x08004695   Thumb Code    74  bsp_sdio_sd.o(i.SD_SendStatus)
    SD_StopTransfer                          0x080046e9   Thumb Code    46  bsp_sdio_sd.o(i.SD_StopTransfer)
    SD_WaitReadOperation                     0x0800471d   Thumb Code   108  bsp_sdio_sd.o(i.SD_WaitReadOperation)
    SD_WaitWriteOperation                    0x0800479d   Thumb Code   108  bsp_sdio_sd.o(i.SD_WaitWriteOperation)
    SD_WriteMultiBlocks                      0x0800481d   Thumb Code   312  bsp_sdio_sd.o(i.SD_WriteMultiBlocks)
    SVC_Handler                              0x08004975   Thumb Code     2  stm32f4xx_it.o(i.SVC_Handler)
    SYSCFG_ETH_MediaInterfaceConfig          0x08004979   Thumb Code     6  stm32f4xx_syscfg.o(i.SYSCFG_ETH_MediaInterfaceConfig)
    SysTick_CLKSourceConfig                  0x08004a71   Thumb Code    40  misc.o(i.SysTick_CLKSourceConfig)
    SysTick_Handler                          0x08004a99   Thumb Code     8  stm32f4xx_it.o(i.SysTick_Handler)
    SysTick_Init                             0x08004aa1   Thumb Code    88  bsp_systick.o(i.SysTick_Init)
    SystemInit                               0x08004b05   Thumb Code    88  system_stm32f4xx.o(i.SystemInit)
    TIM3_IRQHandler                          0x08004bc9   Thumb Code    34  main.o(i.TIM3_IRQHandler)
    TIM_ClearITPendingBit                    0x08004bf5   Thumb Code     6  stm32f4xx_tim.o(i.TIM_ClearITPendingBit)
    TIM_Cmd                                  0x08004bfb   Thumb Code    24  stm32f4xx_tim.o(i.TIM_Cmd)
    TIM_GetITStatus                          0x08004c13   Thumb Code    34  stm32f4xx_tim.o(i.TIM_GetITStatus)
    TIM_ITConfig                             0x08004c35   Thumb Code    18  stm32f4xx_tim.o(i.TIM_ITConfig)
    TIM_TimeBaseInit                         0x08004c49   Thumb Code   104  stm32f4xx_tim.o(i.TIM_TimeBaseInit)
    TimingDelay_Decrement                    0x08004ccd   Thumb Code    18  bsp_systick.o(i.TimingDelay_Decrement)
    USART_Cmd                                0x08004ce5   Thumb Code    24  stm32f4xx_usart.o(i.USART_Cmd)
    USART_GetFlagStatus                      0x08004cfd   Thumb Code    26  stm32f4xx_usart.o(i.USART_GetFlagStatus)
    USART_Init                               0x08004d19   Thumb Code   204  stm32f4xx_usart.o(i.USART_Init)
    USART_SendData                           0x08004ded   Thumb Code     8  stm32f4xx_usart.o(i.USART_SendData)
    UsageFault_Handler                       0x08004df5   Thumb Code     4  stm32f4xx_it.o(i.UsageFault_Handler)
    __0printf                                0x08004df9   Thumb Code    22  printfa.o(i.__0printf)
    __1printf                                0x08004df9   Thumb Code     0  printfa.o(i.__0printf)
    __2printf                                0x08004df9   Thumb Code     0  printfa.o(i.__0printf)
    __c89printf                              0x08004df9   Thumb Code     0  printfa.o(i.__0printf)
    printf                                   0x08004df9   Thumb Code     0  printfa.o(i.__0printf)
    __0sprintf                               0x08004e19   Thumb Code    34  printfa.o(i.__0sprintf)
    __1sprintf                               0x08004e19   Thumb Code     0  printfa.o(i.__0sprintf)
    __2sprintf                               0x08004e19   Thumb Code     0  printfa.o(i.__0sprintf)
    __c89sprintf                             0x08004e19   Thumb Code     0  printfa.o(i.__0sprintf)
    sprintf                                  0x08004e19   Thumb Code     0  printfa.o(i.__0sprintf)
    __scatterload_copy                       0x08004e41   Thumb Code    14  handlers.o(i.__scatterload_copy)
    __scatterload_null                       0x08004e4f   Thumb Code     2  handlers.o(i.__scatterload_null)
    __scatterload_zeroinit                   0x08004e51   Thumb Code    14  handlers.o(i.__scatterload_zeroinit)
    clust2sect                               0x080057a1   Thumb Code    26  ff.o(i.clust2sect)
    delay_init                               0x08005ba5   Thumb Code    52  delay.o(i.delay_init)
    delay_ms                                 0x08005be1   Thumb Code    56  delay.o(i.delay_ms)
    delay_us                                 0x08005c19   Thumb Code    72  delay.o(i.delay_us)
    delay_xms                                0x08005c65   Thumb Code    72  delay.o(i.delay_xms)
    dhcp_arp_reply                           0x08005cb1   Thumb Code    46  dhcp.o(i.dhcp_arp_reply)
    dhcp_network_changed                     0x08005f99   Thumb Code    80  dhcp.o(i.dhcp_network_changed)
    disk_initialize                          0x080065ef   Thumb Code    42  diskio.o(i.disk_initialize)
    disk_ioctl                               0x08006619   Thumb Code   102  diskio.o(i.disk_ioctl)
    disk_read                                0x08006685   Thumb Code   180  diskio.o(i.disk_read)
    disk_status                              0x08006739   Thumb Code    28  diskio.o(i.disk_status)
    disk_write                               0x08006755   Thumb Code   186  diskio.o(i.disk_write)
    etharp_cleanup_netif                     0x0800691d   Thumb Code    52  etharp.o(i.etharp_cleanup_netif)
    etharp_output                            0x08006af5   Thumb Code   314  etharp.o(i.etharp_output)
    etharp_query                             0x08006ca9   Thumb Code   338  etharp.o(i.etharp_query)
    etharp_request                           0x08006eb9   Thumb Code    36  etharp.o(i.etharp_request)
    etharp_tmr                               0x08006f1d   Thumb Code   136  etharp.o(i.etharp_tmr)
    ethernet_input                           0x08007061   Thumb Code   178  etharp.o(i.ethernet_input)
    ethernetif_init                          0x08007119   Thumb Code    38  ethernetif.o(i.ethernetif_init)
    ethernetif_input                         0x08007149   Thumb Code    42  ethernetif.o(i.ethernetif_input)
    f_close                                  0x08007173   Thumb Code    32  ff.o(i.f_close)
    f_mkfs                                   0x08007195   Thumb Code  1622  ff.o(i.f_mkfs)
    f_mount                                  0x08007819   Thumb Code    86  ff.o(i.f_mount)
    f_open                                   0x08007875   Thumb Code   382  ff.o(i.f_open)
    f_read                                   0x080079f3   Thumb Code   464  ff.o(i.f_read)
    f_sync                                   0x08007bc3   Thumb Code   176  ff.o(i.f_sync)
    f_write                                  0x08007c73   Thumb Code   524  ff.o(i.f_write)
    ff_convert                               0x08007e81   Thumb Code   116  cc936.o(i.ff_convert)
    ff_wtoupper                              0x08007efd   Thumb Code    84  cc936.o(i.ff_wtoupper)
    fputc                                    0x08008441   Thumb Code    32  bsp_debug_usart.o(i.fputc)
    free                                     0x08008465   Thumb Code    76  malloc.o(i.free)
    get_fat                                  0x08008581   Thumb Code   318  ff.o(i.get_fat)
    get_fattime                              0x080086c1   Thumb Code     4  diskio.o(i.get_fattime)
    icmp_dest_unreach                        0x08008713   Thumb Code    18  icmp.o(i.icmp_dest_unreach)
    icmp_input                               0x08008725   Thumb Code   340  icmp.o(i.icmp_input)
    icmp_time_exceeded                       0x080088f1   Thumb Code    18  icmp.o(i.icmp_time_exceeded)
    inet_chksum                              0x08008903   Thumb Code    20  inet_chksum.o(i.inet_chksum)
    inet_chksum_pbuf                         0x08008917   Thumb Code    86  inet_chksum.o(i.inet_chksum_pbuf)
    ip4_addr_isbroadcast                     0x0800896d   Thumb Code    78  ip_addr.o(i.ip4_addr_isbroadcast)
    ip_frag                                  0x080089bd   Thumb Code   424  ip_frag.o(i.ip_frag)
    ip_input                                 0x08008b85   Thumb Code   420  ip.o(i.ip_input)
    ip_output                                0x08008d3d   Thumb Code    56  ip.o(i.ip_output)
    ip_output_if                             0x08008d75   Thumb Code   192  ip.o(i.ip_output_if)
    ip_reass                                 0x08008e39   Thumb Code   386  ip_frag.o(i.ip_reass)
    ip_route                                 0x080092c5   Thumb Code    76  ip.o(i.ip_route)
    lwip_htonl                               0x08009599   Thumb Code    26  def.o(i.lwip_htonl)
    lwip_htons                               0x080095b3   Thumb Code    12  def.o(i.lwip_htons)
    lwip_ntohl                               0x080095bf   Thumb Code    12  def.o(i.lwip_ntohl)
    lwip_ntohs                               0x080095cb   Thumb Code    12  def.o(i.lwip_ntohs)
    main                                     0x08009635   Thumb Code   260  main.o(i.main)
    malloc                                   0x08009935   Thumb Code    92  malloc.o(i.malloc)
    mcu_connect_server                       0x080099a1   Thumb Code    26  main.o(i.mcu_connect_server)
    mcu_open_savefile                        0x080099d9   Thumb Code    72  main.o(i.mcu_open_savefile)
    mcu_save_ads1256data                     0x08009aa5   Thumb Code    74  main.o(i.mcu_save_ads1256data)
    mcu_xmit_ads1256data                     0x08009b41   Thumb Code   298  main.o(i.mcu_xmit_ads1256data)
    mem_free                                 0x08009de1   Thumb Code    68  mem.o(i.mem_free)
    mem_init                                 0x08009e31   Thumb Code    74  mem.o(i.mem_init)
    mem_malloc                               0x08009e8d   Thumb Code   222  mem.o(i.mem_malloc)
    mem_trim                                 0x08009f8d   Thumb Code   288  mem.o(i.mem_trim)
    memp_free                                0x0800a0b9   Thumb Code    28  memp.o(i.memp_free)
    memp_init                                0x0800a0d9   Thumb Code    82  memp.o(i.memp_init)
    memp_malloc                              0x0800a13d   Thumb Code    40  memp.o(i.memp_malloc)
    netif_add                                0x0800a355   Thumb Code   104  netif.o(i.netif_add)
    netif_set_addr                           0x0800a3c5   Thumb Code    40  netif.o(i.netif_set_addr)
    netif_set_default                        0x0800a3ed   Thumb Code     6  netif.o(i.netif_set_default)
    netif_set_down                           0x0800a3f9   Thumb Code    42  netif.o(i.netif_set_down)
    netif_set_gw                             0x0800a423   Thumb Code    12  netif.o(i.netif_set_gw)
    netif_set_ipaddr                         0x0800a431   Thumb Code   110  netif.o(i.netif_set_ipaddr)
    netif_set_link_callback                  0x0800a4a9   Thumb Code     6  netif.o(i.netif_set_link_callback)
    netif_set_link_down                      0x0800a4af   Thumb Code    42  netif.o(i.netif_set_link_down)
    netif_set_link_up                        0x0800a4d9   Thumb Code    80  netif.o(i.netif_set_link_up)
    netif_set_netmask                        0x0800a529   Thumb Code    12  netif.o(i.netif_set_netmask)
    netif_set_up                             0x0800a535   Thumb Code    54  netif.o(i.netif_set_up)
    pbuf_alloc                               0x0800a56b   Thumb Code   402  pbuf.o(i.pbuf_alloc)
    pbuf_alloced_custom                      0x0800a6fd   Thumb Code   108  pbuf.o(i.pbuf_alloced_custom)
    pbuf_cat                                 0x0800a769   Thumb Code    56  pbuf.o(i.pbuf_cat)
    pbuf_chain                               0x0800a7a1   Thumb Code    22  pbuf.o(i.pbuf_chain)
    pbuf_clen                                0x0800a7b7   Thumb Code    18  pbuf.o(i.pbuf_clen)
    pbuf_copy                                0x0800a7c9   Thumb Code   192  pbuf.o(i.pbuf_copy)
    pbuf_copy_partial                        0x0800a889   Thumb Code   146  pbuf.o(i.pbuf_copy_partial)
    pbuf_free                                0x0800a91b   Thumb Code   134  pbuf.o(i.pbuf_free)
    pbuf_header                              0x0800a9a1   Thumb Code   126  pbuf.o(i.pbuf_header)
    pbuf_realloc                             0x0800aa1f   Thumb Code   120  pbuf.o(i.pbuf_realloc)
    pbuf_ref                                 0x0800aa97   Thumb Code    10  pbuf.o(i.pbuf_ref)
    pbuf_take                                0x0800aaa1   Thumb Code   116  pbuf.o(i.pbuf_take)
    put_fat                                  0x0800ab9d   Thumb Code   392  ff.o(i.put_fat)
    raw_input                                0x0800ad25   Thumb Code   102  raw.o(i.raw_input)
    tcp_abandon                              0x0800af51   Thumb Code   136  tcp.o(i.tcp_abandon)
    tcp_abort                                0x0800afe5   Thumb Code    14  tcp.o(i.tcp_abort)
    tcp_alloc                                0x0800aff5   Thumb Code   172  tcp.o(i.tcp_alloc)
    tcp_arg                                  0x0800b0b1   Thumb Code     4  tcp.o(i.tcp_arg)
    tcp_close                                0x0800b0b5   Thumb Code    28  tcp.o(i.tcp_close)
    tcp_connect                              0x0800b299   Thumb Code   324  tcp.o(i.tcp_connect)
    tcp_echoclient_connect                   0x0800b499   Thumb Code    88  tcp_echoclient.o(i.tcp_echoclient_connect)
    tcp_echoclient_disconnect                0x0800b66d   Thumb Code    22  tcp_echoclient.o(i.tcp_echoclient_disconnect)
    tcp_eff_send_mss                         0x0800b813   Thumb Code    46  tcp.o(i.tcp_eff_send_mss)
    tcp_enqueue_flags                        0x0800b841   Thumb Code   272  tcp_out.o(i.tcp_enqueue_flags)
    tcp_fasttmr                              0x0800b951   Thumb Code   110  tcp.o(i.tcp_fasttmr)
    tcp_input                                0x0800b9cd   Thumb Code  1132  tcp_in.o(i.tcp_input)
    tcp_keepalive                            0x0800be49   Thumb Code    68  tcp_out.o(i.tcp_keepalive)
    tcp_new                                  0x0800c04d   Thumb Code    10  tcp.o(i.tcp_new)
    tcp_next_iss                             0x0800c0c1   Thumb Code    20  tcp.o(i.tcp_next_iss)
    tcp_output                               0x0800c0dd   Thumb Code   444  tcp_out.o(i.tcp_output)
    tcp_pcb_purge                            0x0800c515   Thumb Code    64  tcp.o(i.tcp_pcb_purge)
    tcp_pcb_remove                           0x0800c555   Thumb Code   140  tcp.o(i.tcp_pcb_remove)
    tcp_poll                                 0x0800c5e5   Thumb Code    14  tcp.o(i.tcp_poll)
    tcp_process_refused_data                 0x0800cb81   Thumb Code   140  tcp.o(i.tcp_process_refused_data)
    tcp_recv                                 0x0800d249   Thumb Code     8  tcp.o(i.tcp_recv)
    tcp_recv_null                            0x0800d251   Thumb Code    46  tcp.o(i.tcp_recv_null)
    tcp_recved                               0x0800d27f   Thumb Code    70  tcp.o(i.tcp_recved)
    tcp_rexmit                               0x0800d2c5   Thumb Code    90  tcp_out.o(i.tcp_rexmit)
    tcp_rexmit_fast                          0x0800d31f   Thumb Code   112  tcp_out.o(i.tcp_rexmit_fast)
    tcp_rexmit_rto                           0x0800d38f   Thumb Code    58  tcp_out.o(i.tcp_rexmit_rto)
    tcp_rst                                  0x0800d3c9   Thumb Code   124  tcp_out.o(i.tcp_rst)
    tcp_seg_free                             0x0800d445   Thumb Code    26  tcp.o(i.tcp_seg_free)
    tcp_segs_free                            0x0800d45f   Thumb Code    24  tcp.o(i.tcp_segs_free)
    tcp_send_empty_ack                       0x0800d477   Thumb Code    78  tcp_out.o(i.tcp_send_empty_ack)
    tcp_send_fin                             0x0800d4c5   Thumb Code    74  tcp_out.o(i.tcp_send_fin)
    tcp_sent                                 0x0800d50f   Thumb Code     8  tcp.o(i.tcp_sent)
    tcp_slowtmr                              0x0800d519   Thumb Code   786  tcp.o(i.tcp_slowtmr)
    tcp_timer_needed                         0x0800d84d   Thumb Code     2  timers.o(i.tcp_timer_needed)
    tcp_tmr                                  0x0800d8fd   Thumb Code    30  tcp.o(i.tcp_tmr)
    tcp_update_rcv_ann_wnd                   0x0800d921   Thumb Code    78  tcp.o(i.tcp_update_rcv_ann_wnd)
    tcp_write                                0x0800d96f   Thumb Code   900  tcp_out.o(i.tcp_write)
    tcp_xmit_ads1256data                     0x0800dd65   Thumb Code   136  tcp_echoclient.o(i.tcp_xmit_ads1256data)
    tcp_zero_window_probe                    0x0800ddf9   Thumb Code   164  tcp_out.o(i.tcp_zero_window_probe)
    udp_bind                                 0x0800de9d   Thumb Code   122  udp.o(i.udp_bind)
    udp_input                                0x0800df1d   Thumb Code   450  udp.o(i.udp_input)
    udp_sendto_if                            0x0800e145   Thumb Code   206  udp.o(i.udp_sendto_if)
    ASCII8x16_Table                          0x080393a2   Data        1520  fonts.o(.constdata)
    ASCII16x32_Table                         0x08039992   Data        6080  fonts.o(.constdata)
    ASCII24x48_Table                         0x0803b152   Data       13680  fonts.o(.constdata)
    ip_addr_any                              0x0803e6c4   Data           4  ip_addr.o(.constdata)
    ip_addr_broadcast                        0x0803e6c8   Data           4  ip_addr.o(.constdata)
    tcp_state_str                            0x0803e6f0   Data          44  tcp.o(.constdata)
    tcp_backoff                              0x0803e71c   Data          13  tcp.o(.constdata)
    tcp_persist_backoff                      0x0803e729   Data           7  tcp.o(.constdata)
    tcp_pcb_lists                            0x0803e730   Data          16  tcp.o(.constdata)
    ethbroadcast                             0x0803e740   Data           6  etharp.o(.constdata)
    ethzero                                  0x0803e746   Data           6  etharp.o(.constdata)
    Region$$Table$$Base                      0x0803e7c4   Number         0  anon$$obj.o(Region$$Table)
    Region$$Table$$Limit                     0x0803e7e4   Number         0  anon$$obj.o(Region$$Table)
    SystemCoreClock                          0x20000000   Data           4  system_stm32f4xx.o(.data)
    AHBPrescTable                            0x20000004   Data          16  system_stm32f4xx.o(.data)
    LocalTime                                0x20000024   Data           4  main.o(.data)
    res_sd                                   0x20000028   Data           1  main.o(.data)
    fnum                                     0x2000002c   Data           4  main.o(.data)
    ads1256_sd                               0x20000030   Data           1  main.o(.data)
    TCPTimer                                 0x20000040   Data           4  netconf.o(.data)
    ARPTimer                                 0x20000044   Data           4  netconf.o(.data)
    LinkTimer                                0x20000048   Data           4  netconf.o(.data)
    IPaddress                                0x2000004c   Data           4  netconf.o(.data)
    message_count                            0x20000050   Data           4  tcp_echoclient.o(.data)
    echoclient_pcb                           0x20000054   Data           4  tcp_echoclient.o(.data)
    echoclient_es                            0x20000058   Data           4  tcp_echoclient.o(.data)
    Font8x16                                 0x2000006c   Data           8  fonts.o(.data)
    Font16x32                                0x20000074   Data           8  fonts.o(.data)
    Font24x48                                0x2000007c   Data           8  fonts.o(.data)
    LCD_X_LENGTH                             0x20000084   Data           2  bsp_ili9806g_lcd.o(.data)
    LCD_Y_LENGTH                             0x20000086   Data           2  bsp_ili9806g_lcd.o(.data)
    LCD_SCAN_MODE                            0x20000088   Data           1  bsp_ili9806g_lcd.o(.data)
    StopCondition                            0x2000009c   Data           4  bsp_sdio_sd.o(.data)
    TransferError                            0x200000a0   Data           1  bsp_sdio_sd.o(.data)
    TransferEnd                              0x200000a4   Data           4  bsp_sdio_sd.o(.data)
    DMAEndOfTransfer                         0x200000a8   Data           4  bsp_sdio_sd.o(.data)
    DMATxDescToSet                           0x200000b0   Data           4  stm32f4x7_eth.o(.data)
    DMARxDescToGet                           0x200000b4   Data           4  stm32f4x7_eth.o(.data)
    DMA_RX_FRAME_infos                       0x200000b8   Data           4  stm32f4x7_eth.o(.data)
    Frame_Rx_index                           0x200000bc   Data           4  stm32f4x7_eth.o(.data)
    EthStatus                                0x200000c0   Data           4  stm32f4x7_phy.o(.data)
    EthLinkStatus                            0x200000c4   Data           1  stm32f4x7_phy.o(.data)
    current_netif                            0x200000c8   Data           4  ip.o(.data)
    current_header                           0x200000cc   Data           4  ip.o(.data)
    current_iphdr_src                        0x200000d0   Data           4  ip.o(.data)
    current_iphdr_dest                       0x200000d4   Data           4  ip.o(.data)
    netif_list                               0x200000f4   Data           4  netif.o(.data)
    netif_default                            0x200000f8   Data           4  netif.o(.data)
    tcp_ticks                                0x20000108   Data           4  tcp.o(.data)
    tcp_bound_pcbs                           0x2000010c   Data           4  tcp.o(.data)
    tcp_listen_pcbs                          0x20000110   Data           4  tcp.o(.data)
    tcp_active_pcbs                          0x20000114   Data           4  tcp.o(.data)
    tcp_tw_pcbs                              0x20000118   Data           4  tcp.o(.data)
    tcp_tmp_pcb                              0x2000011c   Data           4  tcp.o(.data)
    tcp_active_pcbs_changed                  0x20000120   Data           1  tcp.o(.data)
    tcp_input_pcb                            0x20000144   Data           4  tcp_in.o(.data)
    udp_pcbs                                 0x2000014c   Data           4  udp.o(.data)
    __stdout                                 0x20000154   Data           4  stdout.o(.data)
    __microlib_freelist                      0x20000158   Data           4  mvars.o(.data)
    __microlib_freelist_initialised          0x2000015c   Data           4  mvars.o(.data)
    fs                                       0x20000160   Data        4144  main.o(.bss)
    adsfnew                                  0x20001190   Data       12396  main.o(.bss)
    ADSVolutage                              0x20004200   Data         800  main.o(.bss)
    ReadADSVolutage                          0x20004520   Data         800  main.o(.bss)
    gnetif                                   0x20004840   Data          56  netconf.o(.bss)
    recev_buf                                0x20004878   Data          50  tcp_echoclient.o(.bss)
    data                                     0x200048aa   Data         100  tcp_echoclient.o(.bss)
    ds                                       0x20004910   Data          11  bsp_adc.o(.bss)
    Ad_Result                                0x2000491c   Data          12  bsp_adc.o(.bss)
    SDCardInfo                               0x20004958   Data          88  bsp_sdio_sd.o(.bss)
    SDIO_InitStructure                       0x200049b0   Data          24  bsp_sdio_sd.o(.bss)
    SDIO_CmdInitStructure                    0x200049c8   Data          20  bsp_sdio_sd.o(.bss)
    SDIO_DataInitStructure                   0x200049dc   Data          24  bsp_sdio_sd.o(.bss)
    DMARxDscrTab                             0x200049f4   Data         128  stm32f4x7_eth.o(.bss)
    DMATxDscrTab                             0x20004a74   Data         128  stm32f4x7_eth.o(.bss)
    Rx_Buff                                  0x20004af4   Data        6096  stm32f4x7_eth.o(.bss)
    Tx_Buff                                  0x200062c4   Data        6096  stm32f4x7_eth.o(.bss)
    RX_Frame_Descriptor                      0x20007a94   Data          12  stm32f4x7_eth.o(.bss)
    ETH_InitStructure                        0x20007aa0   Data         188  stm32f4x7_phy.o(.bss)
    ram_heap                                 0x20007b5c   Data       10260  mem.o(.bss)
    __heap_base                              0x2000c620   Data           0  startup_stm32f40xx.o(HEAP)
    __heap_limit                             0x2000c820   Data           0  startup_stm32f40xx.o(HEAP)
    __initial_sp                             0x2000cc20   Data           0  startup_stm32f40xx.o(STACK)



==============================================================================

Memory Map of the image

  Image Entry point : 0x08000189

  Load Region LR_IROM1 (Base: 0x08000000, Size: 0x0003e944, Max: 0x00100000, ABSOLUTE, COMPRESSED[0x0003e82c])

    Execution Region ER_IROM1 (Base: 0x08000000, Size: 0x0003e7e4, Max: 0x00100000, ABSOLUTE)

    Base Addr    Size         Type   Attr      Idx    E Section Name        Object

    0x08000000   0x00000188   Data   RO            3    RESET               startup_stm32f40xx.o
    0x08000188   0x00000000   Code   RO         8880  * .ARM.Collect$$$$00000000  mc_w.l(entry.o)
    0x08000188   0x00000004   Code   RO         9192    .ARM.Collect$$$$00000001  mc_w.l(entry2.o)
    0x0800018c   0x00000004   Code   RO         9195    .ARM.Collect$$$$00000004  mc_w.l(entry5.o)
    0x08000190   0x00000000   Code   RO         9197    .ARM.Collect$$$$00000008  mc_w.l(entry7b.o)
    0x08000190   0x00000000   Code   RO         9199    .ARM.Collect$$$$0000000A  mc_w.l(entry8b.o)
    0x08000190   0x00000008   Code   RO         9200    .ARM.Collect$$$$0000000B  mc_w.l(entry9a.o)
    0x08000198   0x00000000   Code   RO         9202    .ARM.Collect$$$$0000000D  mc_w.l(entry10a.o)
    0x08000198   0x00000000   Code   RO         9204    .ARM.Collect$$$$0000000F  mc_w.l(entry11a.o)
    0x08000198   0x00000004   Code   RO         9193    .ARM.Collect$$$$00002712  mc_w.l(entry2.o)
    0x0800019c   0x00000024   Code   RO            4    .text               startup_stm32f40xx.o
    0x080001c0   0x00000062   Code   RO         8883    .text               mc_w.l(uldiv.o)
    0x08000222   0x00000024   Code   RO         8885    .text               mc_w.l(memcpya.o)
    0x08000246   0x00000024   Code   RO         8887    .text               mc_w.l(memseta.o)
    0x0800026a   0x0000000e   Code   RO         8889    .text               mc_w.l(strlen.o)
    0x08000278   0x0000001c   Code   RO         8891    .text               mc_w.l(strcmp.o)
    0x08000294   0x0000001a   Code   RO         8893    .text               mc_w.l(memcmp.o)
    0x080002ae   0x000000e4   Code   RO         9186    .text               mf_w.l(dmul.o)
    0x08000392   0x000000de   Code   RO         9188    .text               mf_w.l(ddiv.o)
    0x08000470   0x00000022   Code   RO         9190    .text               mf_w.l(dflti.o)
    0x08000492   0x0000002c   Code   RO         9207    .text               mc_w.l(uidiv.o)
    0x080004be   0x0000001e   Code   RO         9209    .text               mc_w.l(llshl.o)
    0x080004dc   0x00000020   Code   RO         9211    .text               mc_w.l(llushr.o)
    0x080004fc   0x00000000   Code   RO         9215    .text               mc_w.l(iusefp.o)
    0x080004fc   0x000000ba   Code   RO         9216    .text               mf_w.l(depilogue.o)
    0x080005b6   0x0000014e   Code   RO         9218    .text               mf_w.l(dadd.o)
    0x08000704   0x00000030   Code   RO         9220    .text               mf_w.l(dfixul.o)
    0x08000734   0x00000030   Code   RO         9222    .text               mf_w.l(cdrcmple.o)
    0x08000764   0x00000024   Code   RO         9224    .text               mc_w.l(init.o)
    0x08000788   0x00000024   Code   RO         9226    .text               mc_w.l(llsshr.o)
    0x080007ac   0x00000056   Code   RO         9236    .text               mc_w.l(__dczerorl2.o)
    0x08000802   0x00000002   PAD
    0x08000804   0x00000100   Code   RO         5405    i.ADS1256_Init_No_SPI  bsp_adc.o
    0x08000904   0x00000064   Code   RO         5406    i.ADS1256_Read_Chip1_Byte  bsp_adc.o
    0x08000968   0x00000064   Code   RO         5407    i.ADS1256_Read_Chip2_Byte  bsp_adc.o
    0x080009cc   0x0000006c   Code   RO         5408    i.ADS1256_Read_Chip3_Byte  bsp_adc.o
    0x08000a38   0x00000114   Code   RO         5409    i.ADS1256_Read_dat  bsp_adc.o
    0x08000b4c   0x00000060   Code   RO         5410    i.ADS1256_Write_Chip1_Byte  bsp_adc.o
    0x08000bac   0x00000044   Code   RO         5411    i.ADS1256_Write_Chip1_Reg  bsp_adc.o
    0x08000bf0   0x00000064   Code   RO         5412    i.ADS1256_Write_Chip2_Byte  bsp_adc.o
    0x08000c54   0x00000044   Code   RO         5413    i.ADS1256_Write_Chip2_Reg  bsp_adc.o
    0x08000c98   0x00000068   Code   RO         5414    i.ADS1256_Write_Chip3_Byte  bsp_adc.o
    0x08000d00   0x00000044   Code   RO         5415    i.ADS1256_Write_Chip3_Reg  bsp_adc.o
    0x08000d44   0x00000004   Code   RO         5114    i.BusFault_Handler  stm32f4xx_it.o
    0x08000d48   0x0000002c   Code   RO         6244    i.CmdError          bsp_sdio_sd.o
    0x08000d74   0x00000134   Code   RO         6245    i.CmdResp1Error     bsp_sdio_sd.o
    0x08000ea8   0x0000004c   Code   RO         6246    i.CmdResp2Error     bsp_sdio_sd.o
    0x08000ef4   0x00000038   Code   RO         6247    i.CmdResp3Error     bsp_sdio_sd.o
    0x08000f2c   0x0000009c   Code   RO         6248    i.CmdResp6Error     bsp_sdio_sd.o
    0x08000fc8   0x0000004c   Code   RO         6249    i.CmdResp7Error     bsp_sdio_sd.o
    0x08001014   0x00000008   Code   RO         6250    i.DMA2_Stream3_IRQHandler  bsp_sdio_sd.o
    0x0800101c   0x00000034   Code   RO         1211    i.DMA_ClearFlag     stm32f4xx_dma.o
    0x08001050   0x00000016   Code   RO         1213    i.DMA_Cmd           stm32f4xx_dma.o
    0x08001066   0x00000002   PAD
    0x08001068   0x00000158   Code   RO         1214    i.DMA_DeInit        stm32f4xx_dma.o
    0x080011c0   0x00000016   Code   RO         1217    i.DMA_FlowControllerConfig  stm32f4xx_dma.o
    0x080011d6   0x0000003a   Code   RO         1224    i.DMA_ITConfig      stm32f4xx_dma.o
    0x08001210   0x00000058   Code   RO         1225    i.DMA_Init          stm32f4xx_dma.o
    0x08001268   0x000001e8   Code   RO         4900    i.Data_Collection_And_Xmit  main.o
    0x08001450   0x00000002   Code   RO         5115    i.DebugMon_Handler  stm32f4xx_it.o
    0x08001452   0x00000002   PAD
    0x08001454   0x00000098   Code   RO         6572    i.Debug_USART_Config  bsp_debug_usart.o
    0x080014ec   0x00000012   Code   RO         4901    i.Delay             main.o
    0x080014fe   0x00000012   Code   RO         6024    i.Delay             bsp_ili9806g_lcd.o
    0x08001510   0x00000018   Code   RO         6530    i.Delay_10ms        bsp_systick.o
    0x08001528   0x0000002c   Code   RO         7197    i.ETH_BSP_Config    stm32f4x7_phy.o
    0x08001554   0x000000dc   Code   RO         6669    i.ETH_CheckFrameReceived  stm32f4x7_eth.o
    0x08001630   0x0000004c   Code   RO         7198    i.ETH_CheckLinkStatus  stm32f4x7_phy.o
    0x0800167c   0x00000024   Code   RO         6673    i.ETH_DMAReceptionCmd  stm32f4x7_eth.o
    0x080016a0   0x00000064   Code   RO         6674    i.ETH_DMARxDescChainInit  stm32f4x7_eth.o
    0x08001704   0x00000024   Code   RO         6676    i.ETH_DMATransmissionCmd  stm32f4x7_eth.o
    0x08001728   0x00000050   Code   RO         6679    i.ETH_DMATxDescChainInit  stm32f4x7_eth.o
    0x08001778   0x00000008   Code   RO         6680    i.ETH_DMATxDescChecksumInsertionConfig  stm32f4x7_eth.o
    0x08001780   0x00000016   Code   RO         6685    i.ETH_DeInit        stm32f4x7_eth.o
    0x08001796   0x00000002   PAD
    0x08001798   0x0000002c   Code   RO         6687    i.ETH_FlushTransmitFIFO  stm32f4x7_eth.o
    0x080017c4   0x0000010c   Code   RO         7199    i.ETH_GPIO_Config   stm32f4x7_phy.o
    0x080018d0   0x00000018   Code   RO         6713    i.ETH_GetSoftwareResetStatus  stm32f4x7_eth.o
    0x080018e8   0x00000048   Code   RO         6715    i.ETH_Get_Received_Frame  stm32f4x7_eth.o
    0x08001930   0x00000314   Code   RO         6718    i.ETH_Init          stm32f4x7_eth.o
    0x08001c44   0x00000034   Code   RO         6720    i.ETH_MACAddressConfig  stm32f4x7_eth.o
    0x08001c78   0x00000128   Code   RO         7200    i.ETH_MACDMA_Config  stm32f4x7_phy.o
    0x08001da0   0x0000003c   Code   RO         6725    i.ETH_MACReceptionCmd  stm32f4x7_eth.o
    0x08001ddc   0x0000003c   Code   RO         6726    i.ETH_MACTransmissionCmd  stm32f4x7_eth.o
    0x08001e18   0x000000cc   Code   RO         6737    i.ETH_Prepare_Transmit_Descriptors  stm32f4x7_eth.o
    0x08001ee4   0x0000006c   Code   RO         6738    i.ETH_ReadPHYRegister  stm32f4x7_eth.o
    0x08001f50   0x00000014   Code   RO         6746    i.ETH_SoftwareReset  stm32f4x7_eth.o
    0x08001f64   0x00000020   Code   RO         6747    i.ETH_Start         stm32f4x7_eth.o
    0x08001f84   0x00000020   Code   RO         6748    i.ETH_Stop          stm32f4x7_eth.o
    0x08001fa4   0x000000b2   Code   RO         6749    i.ETH_StructInit    stm32f4x7_eth.o
    0x08002056   0x00000002   PAD
    0x08002058   0x00000068   Code   RO         6751    i.ETH_WritePHYRegister  stm32f4x7_eth.o
    0x080020c0   0x000000f8   Code   RO         7201    i.ETH_link_callback  stm32f4x7_phy.o
    0x080021b8   0x00000034   Code   RO         1867    i.FSMC_NORSRAMCmd   stm32f4xx_fsmc.o
    0x080021ec   0x00000124   Code   RO         1869    i.FSMC_NORSRAMInit  stm32f4xx_fsmc.o
    0x08002310   0x00000194   Code   RO         6251    i.FindSCR           bsp_sdio_sd.o
    0x080024a4   0x00000090   Code   RO         1992    i.GPIO_Init         stm32f4xx_gpio.o
    0x08002534   0x00000046   Code   RO         1993    i.GPIO_PinAFConfig  stm32f4xx_gpio.o
    0x0800257a   0x00000012   Code   RO         1996    i.GPIO_ReadInputDataBit  stm32f4xx_gpio.o
    0x0800258c   0x00000004   Code   RO         1999    i.GPIO_ResetBits    stm32f4xx_gpio.o
    0x08002590   0x00000004   Code   RO         2000    i.GPIO_SetBits      stm32f4xx_gpio.o
    0x08002594   0x00000022   Code   RO         5416    i.Get_Ads1256_Data_No_SPI  bsp_adc.o
    0x080025b6   0x00000002   PAD
    0x080025b8   0x0000001c   Code   RO         5116    i.HardFault_Handler  stm32f4xx_it.o
    0x080025d4   0x00000024   Code   RO         6025    i.ILI9806G_BackLed_Control  bsp_ili9806g_lcd.o
    0x080025f8   0x0000002c   Code   RO         6026    i.ILI9806G_Clear    bsp_ili9806g_lcd.o
    0x08002624   0x00000012   Code   RO         6028    i.ILI9806G_Delay    bsp_ili9806g_lcd.o
    0x08002636   0x00000002   PAD
    0x08002638   0x00000098   Code   RO         6029    i.ILI9806G_DispChar_EN  bsp_ili9806g_lcd.o
    0x080026d0   0x00000068   Code   RO         6030    i.ILI9806G_DispStringLine_EN  bsp_ili9806g_lcd.o
    0x08002738   0x00000060   Code   RO         6036    i.ILI9806G_FSMC_Config  bsp_ili9806g_lcd.o
    0x08002798   0x00000020   Code   RO         6037    i.ILI9806G_FillColor  bsp_ili9806g_lcd.o
    0x080027b8   0x0000023c   Code   RO         6038    i.ILI9806G_GPIO_Config  bsp_ili9806g_lcd.o
    0x080029f4   0x000000bc   Code   RO         6040    i.ILI9806G_GramScan  bsp_ili9806g_lcd.o
    0x08002ab0   0x00000040   Code   RO         6041    i.ILI9806G_Init     bsp_ili9806g_lcd.o
    0x08002af0   0x00000060   Code   RO         6042    i.ILI9806G_OpenWindow  bsp_ili9806g_lcd.o
    0x08002b50   0x00000368   Code   RO         6043    i.ILI9806G_REG_Config  bsp_ili9806g_lcd.o
    0x08002eb8   0x0000002c   Code   RO         6045    i.ILI9806G_Rst      bsp_ili9806g_lcd.o
    0x08002ee4   0x00000008   Code   RO         6211    i.ILI9806G_Write_Cmd  bsp_ili9806g_lcd.o
    0x08002eec   0x00000008   Code   RO         6216    i.ILI9806G_Write_Data  bsp_ili9806g_lcd.o
    0x08002ef4   0x0000031c   Code   RO         5419    i.Init_ADS_GPIO_NO_SPI  bsp_adc.o
    0x08003210   0x00000038   Code   RO         6608    i.Key_GPIO_Config   bsp_key.o
    0x08003248   0x000000f4   Code   RO         4902    i.LCD_Display       main.o
    0x0800333c   0x00000078   Code   RO         4903    i.LCD_Display_Init  main.o
    0x080033b4   0x00000028   Code   RO         4904    i.LCD_Display_InitInfo  main.o
    0x080033dc   0x00000030   Code   RO         4905    i.LCD_Display_RecvInfo  main.o
    0x0800340c   0x0000000c   Code   RO         6049    i.LCD_GetFont       bsp_ili9806g_lcd.o
    0x08003418   0x00000014   Code   RO         6051    i.LCD_SetColors     bsp_ili9806g_lcd.o
    0x0800342c   0x0000000c   Code   RO         6052    i.LCD_SetFont       bsp_ili9806g_lcd.o
    0x08003438   0x00000060   Code   RO         6641    i.LED_GPIO_Config   bsp_led.o
    0x08003498   0x00000158   Code   RO         5195    i.LwIP_Init         netconf.o
    0x080035f0   0x0000005c   Code   RO         5196    i.LwIP_Periodic_Handle  netconf.o
    0x0800364c   0x00000010   Code   RO         5197    i.LwIP_Pkt_Handle   netconf.o
    0x0800365c   0x00000004   Code   RO         5117    i.MemManage_Handler  stm32f4xx_it.o
    0x08003660   0x00000002   Code   RO         5118    i.NMI_Handler       stm32f4xx_it.o
    0x08003662   0x00000002   PAD
    0x08003664   0x00000078   Code   RO          155    i.NVIC_Init         misc.o
    0x080036dc   0x00000014   Code   RO          156    i.NVIC_PriorityGroupConfig  misc.o
    0x080036f0   0x00000002   Code   RO         5119    i.PendSV_Handler    stm32f4xx_it.o
    0x080036f2   0x00000002   PAD
    0x080036f4   0x00000020   Code   RO         2696    i.RCC_AHB1PeriphClockCmd  stm32f4xx_rcc.o
    0x08003714   0x00000020   Code   RO         2698    i.RCC_AHB1PeriphResetCmd  stm32f4xx_rcc.o
    0x08003734   0x00000020   Code   RO         2702    i.RCC_AHB3PeriphClockCmd  stm32f4xx_rcc.o
    0x08003754   0x00000020   Code   RO         2705    i.RCC_APB1PeriphClockCmd  stm32f4xx_rcc.o
    0x08003774   0x00000020   Code   RO         2708    i.RCC_APB2PeriphClockCmd  stm32f4xx_rcc.o
    0x08003794   0x00000020   Code   RO         2710    i.RCC_APB2PeriphResetCmd  stm32f4xx_rcc.o
    0x080037b4   0x000000e8   Code   RO         2717    i.RCC_GetClocksFreq  stm32f4xx_rcc.o
    0x0800389c   0x0000011c   Code   RO         6253    i.SDEnWideBus       bsp_sdio_sd.o
    0x080039b8   0x0000000c   Code   RO         3630    i.SDIO_ClearFlag    stm32f4xx_sdio.o
    0x080039c4   0x0000000c   Code   RO         3631    i.SDIO_ClearITPendingBit  stm32f4xx_sdio.o
    0x080039d0   0x0000000c   Code   RO         3632    i.SDIO_ClockCmd     stm32f4xx_sdio.o
    0x080039dc   0x0000000c   Code   RO         3635    i.SDIO_DMACmd       stm32f4xx_sdio.o
    0x080039e8   0x00000034   Code   RO         3636    i.SDIO_DataConfig   stm32f4xx_sdio.o
    0x08003a1c   0x00000016   Code   RO         3638    i.SDIO_DeInit       stm32f4xx_sdio.o
    0x08003a32   0x00000002   PAD
    0x08003a34   0x0000000c   Code   RO         3639    i.SDIO_GetCommandResponse  stm32f4xx_sdio.o
    0x08003a40   0x00000018   Code   RO         3642    i.SDIO_GetFlagStatus  stm32f4xx_sdio.o
    0x08003a58   0x00000018   Code   RO         3643    i.SDIO_GetITStatus  stm32f4xx_sdio.o
    0x08003a70   0x00000010   Code   RO         3644    i.SDIO_GetPowerState  stm32f4xx_sdio.o
    0x08003a80   0x00000018   Code   RO         3645    i.SDIO_GetResponse  stm32f4xx_sdio.o
    0x08003a98   0x00000008   Code   RO         6254    i.SDIO_IRQHandler   bsp_sdio_sd.o
    0x08003aa0   0x00000020   Code   RO         3646    i.SDIO_ITConfig     stm32f4xx_sdio.o
    0x08003ac0   0x00000030   Code   RO         3647    i.SDIO_Init         stm32f4xx_sdio.o
    0x08003af0   0x0000000c   Code   RO         3648    i.SDIO_ReadData     stm32f4xx_sdio.o
    0x08003afc   0x0000002c   Code   RO         3650    i.SDIO_SendCommand  stm32f4xx_sdio.o
    0x08003b28   0x0000000c   Code   RO         3652    i.SDIO_SetPowerState  stm32f4xx_sdio.o
    0x08003b34   0x0000000c   Code   RO         6256    i.SD_Detect         bsp_sdio_sd.o
    0x08003b40   0x00000090   Code   RO         6257    i.SD_EnableWideBusOperation  bsp_sdio_sd.o
    0x08003bd0   0x0000031c   Code   RO         6259    i.SD_GetCardInfo    bsp_sdio_sd.o
    0x08003eec   0x00000026   Code   RO         6261    i.SD_GetState       bsp_sdio_sd.o
    0x08003f12   0x0000001e   Code   RO         6262    i.SD_GetStatus      bsp_sdio_sd.o
    0x08003f30   0x000000c0   Code   RO         6265    i.SD_Init           bsp_sdio_sd.o
    0x08003ff0   0x0000013c   Code   RO         6266    i.SD_InitializeCards  bsp_sdio_sd.o
    0x0800412c   0x00000090   Code   RO         6267    i.SD_LowLevel_DMA_RxConfig  bsp_sdio_sd.o
    0x080041bc   0x00000090   Code   RO         6268    i.SD_LowLevel_DMA_TxConfig  bsp_sdio_sd.o
    0x0800424c   0x000000a4   Code   RO         6270    i.SD_LowLevel_Init  bsp_sdio_sd.o
    0x080042f0   0x000001a0   Code   RO         6272    i.SD_PowerON        bsp_sdio_sd.o
    0x08004490   0x00000028   Code   RO         6273    i.SD_ProcessDMAIRQ  bsp_sdio_sd.o
    0x080044b8   0x000000ac   Code   RO         6274    i.SD_ProcessIRQSrc  bsp_sdio_sd.o
    0x08004564   0x000000f8   Code   RO         6276    i.SD_ReadMultiBlocks  bsp_sdio_sd.o
    0x0800465c   0x00000038   Code   RO         6277    i.SD_SelectDeselect  bsp_sdio_sd.o
    0x08004694   0x00000054   Code   RO         6279    i.SD_SendStatus     bsp_sdio_sd.o
    0x080046e8   0x00000034   Code   RO         6280    i.SD_StopTransfer   bsp_sdio_sd.o
    0x0800471c   0x00000080   Code   RO         6281    i.SD_WaitReadOperation  bsp_sdio_sd.o
    0x0800479c   0x00000080   Code   RO         6282    i.SD_WaitWriteOperation  bsp_sdio_sd.o
    0x0800481c   0x00000158   Code   RO         6284    i.SD_WriteMultiBlocks  bsp_sdio_sd.o
    0x08004974   0x00000002   Code   RO         5120    i.SVC_Handler       stm32f4xx_it.o
    0x08004976   0x00000002   PAD
    0x08004978   0x0000000c   Code   RO         4018    i.SYSCFG_ETH_MediaInterfaceConfig  stm32f4xx_syscfg.o
    0x08004984   0x000000ec   Code   RO           13    i.SetSysClock       system_stm32f4xx.o
    0x08004a70   0x00000028   Code   RO          159    i.SysTick_CLKSourceConfig  misc.o
    0x08004a98   0x00000008   Code   RO         5121    i.SysTick_Handler   stm32f4xx_it.o
    0x08004aa0   0x00000064   Code   RO         6531    i.SysTick_Init      bsp_systick.o
    0x08004b04   0x00000068   Code   RO           15    i.SystemInit        system_stm32f4xx.o
    0x08004b6c   0x0000005c   Code   RO         4906    i.TIM3_Config       main.o
    0x08004bc8   0x0000002c   Code   RO         4907    i.TIM3_IRQHandler   main.o
    0x08004bf4   0x00000006   Code   RO         4087    i.TIM_ClearITPendingBit  stm32f4xx_tim.o
    0x08004bfa   0x00000018   Code   RO         4092    i.TIM_Cmd           stm32f4xx_tim.o
    0x08004c12   0x00000022   Code   RO         4113    i.TIM_GetITStatus   stm32f4xx_tim.o
    0x08004c34   0x00000012   Code   RO         4117    i.TIM_ITConfig      stm32f4xx_tim.o
    0x08004c46   0x00000002   PAD
    0x08004c48   0x00000084   Code   RO         4164    i.TIM_TimeBaseInit  stm32f4xx_tim.o
    0x08004ccc   0x00000018   Code   RO         6532    i.TimingDelay_Decrement  bsp_systick.o
    0x08004ce4   0x00000018   Code   RO         4646    i.USART_Cmd         stm32f4xx_usart.o
    0x08004cfc   0x0000001a   Code   RO         4649    i.USART_GetFlagStatus  stm32f4xx_usart.o
    0x08004d16   0x00000002   PAD
    0x08004d18   0x000000d4   Code   RO         4653    i.USART_Init        stm32f4xx_usart.o
    0x08004dec   0x00000008   Code   RO         4663    i.USART_SendData    stm32f4xx_usart.o
    0x08004df4   0x00000004   Code   RO         5122    i.UsageFault_Handler  stm32f4xx_it.o
    0x08004df8   0x00000020   Code   RO         9130    i.__0printf         mc_w.l(printfa.o)
    0x08004e18   0x00000028   Code   RO         9132    i.__0sprintf        mc_w.l(printfa.o)
    0x08004e40   0x0000000e   Code   RO         9230    i.__scatterload_copy  mc_w.l(handlers.o)
    0x08004e4e   0x00000002   Code   RO         9231    i.__scatterload_null  mc_w.l(handlers.o)
    0x08004e50   0x0000000e   Code   RO         9232    i.__scatterload_zeroinit  mc_w.l(handlers.o)
    0x08004e5e   0x00000002   PAD
    0x08004e60   0x00000164   Code   RO         9137    i._fp_digits        mc_w.l(printfa.o)
    0x08004fc4   0x000006dc   Code   RO         9138    i._printf_core      mc_w.l(printfa.o)
    0x080056a0   0x00000024   Code   RO         9139    i._printf_post_padding  mc_w.l(printfa.o)
    0x080056c4   0x0000002e   Code   RO         9140    i._printf_pre_padding  mc_w.l(printfa.o)
    0x080056f2   0x0000000a   Code   RO         9142    i._sputc            mc_w.l(printfa.o)
    0x080056fc   0x00000090   Code   RO         5670    i.check_fs          ff.o
    0x0800578c   0x00000014   Code   RO         5671    i.chk_chr           ff.o
    0x080057a0   0x0000001a   Code   RO         5672    i.clust2sect        ff.o
    0x080057ba   0x00000002   PAD
    0x080057bc   0x000000a0   Code   RO         5673    i.cmp_lfn           ff.o
    0x0800585c   0x000000d6   Code   RO         5674    i.create_chain      ff.o
    0x08005932   0x00000002   PAD
    0x08005934   0x00000270   Code   RO         5675    i.create_name       ff.o
    0x08005ba4   0x0000003c   Code   RO         5559    i.delay_init        delay.o
    0x08005be0   0x00000038   Code   RO         5560    i.delay_ms          delay.o
    0x08005c18   0x0000004c   Code   RO         5561    i.delay_us          delay.o
    0x08005c64   0x0000004c   Code   RO         5562    i.delay_xms         delay.o
    0x08005cb0   0x0000002e   Code   RO         7648    i.dhcp_arp_reply    dhcp.o
    0x08005cde   0x00000002   PAD
    0x08005ce0   0x00000148   Code   RO         7653    i.dhcp_create_msg   dhcp.o
    0x08005e28   0x00000084   Code   RO         7654    i.dhcp_decline      dhcp.o
    0x08005eac   0x00000028   Code   RO         7655    i.dhcp_delete_msg   dhcp.o
    0x08005ed4   0x000000c4   Code   RO         7656    i.dhcp_discover     dhcp.o
    0x08005f98   0x00000050   Code   RO         7662    i.dhcp_network_changed  dhcp.o
    0x08005fe8   0x00000020   Code   RO         7663    i.dhcp_option       dhcp.o
    0x08006008   0x00000012   Code   RO         7664    i.dhcp_option_byte  dhcp.o
    0x0800601a   0x00000042   Code   RO         7665    i.dhcp_option_long  dhcp.o
    0x0800605c   0x00000022   Code   RO         7666    i.dhcp_option_short  dhcp.o
    0x0800607e   0x00000046   Code   RO         7667    i.dhcp_option_trailer  dhcp.o
    0x080060c4   0x000000a8   Code   RO         7670    i.dhcp_reboot       dhcp.o
    0x0800616c   0x00000010   Code   RO         7675    i.dhcp_set_state    dhcp.o
    0x0800617c   0x0000005c   Code   RO         5676    i.dir_alloc         ff.o
    0x080061d8   0x000000ea   Code   RO         5677    i.dir_find          ff.o
    0x080062c2   0x0000013a   Code   RO         5678    i.dir_next          ff.o
    0x080063fc   0x0000012a   Code   RO         5680    i.dir_register      ff.o
    0x08006526   0x000000c8   Code   RO         5682    i.dir_sdi           ff.o
    0x080065ee   0x0000002a   Code   RO         5603    i.disk_initialize   diskio.o
    0x08006618   0x0000006c   Code   RO         5604    i.disk_ioctl        diskio.o
    0x08006684   0x000000b4   Code   RO         5605    i.disk_read         diskio.o
    0x08006738   0x0000001c   Code   RO         5606    i.disk_status       diskio.o
    0x08006754   0x000000ba   Code   RO         5607    i.disk_write        diskio.o
    0x0800680e   0x0000010c   Code   RO         8735    i.etharp_arp_input  etharp.o
    0x0800691a   0x00000002   PAD
    0x0800691c   0x00000038   Code   RO         8736    i.etharp_cleanup_netif  etharp.o
    0x08006954   0x00000160   Code   RO         8738    i.etharp_find_entry  etharp.o
    0x08006ab4   0x00000040   Code   RO         8739    i.etharp_free_entry  etharp.o
    0x08006af4   0x00000148   Code   RO         8740    i.etharp_output     etharp.o
    0x08006c3c   0x0000006c   Code   RO         8741    i.etharp_output_to_arp_index  etharp.o
    0x08006ca8   0x0000015c   Code   RO         8742    i.etharp_query      etharp.o
    0x08006e04   0x000000b2   Code   RO         8743    i.etharp_raw        etharp.o
    0x08006eb6   0x00000002   PAD
    0x08006eb8   0x0000002c   Code   RO         8744    i.etharp_request    etharp.o
    0x08006ee4   0x00000038   Code   RO         8745    i.etharp_send_ip    etharp.o
    0x08006f1c   0x0000008c   Code   RO         8746    i.etharp_tmr        etharp.o
    0x08006fa8   0x000000b8   Code   RO         8747    i.etharp_update_arp_entry  etharp.o
    0x08007060   0x000000b8   Code   RO         8748    i.ethernet_input    etharp.o
    0x08007118   0x00000030   Code   RO         8829    i.ethernetif_init   ethernetif.o
    0x08007148   0x0000002a   Code   RO         8830    i.ethernetif_input  ethernetif.o
    0x08007172   0x00000020   Code   RO         5684    i.f_close           ff.o
    0x08007192   0x00000002   PAD
    0x08007194   0x00000684   Code   RO         5689    i.f_mkfs            ff.o
    0x08007818   0x0000005c   Code   RO         5690    i.f_mount           ff.o
    0x08007874   0x0000017e   Code   RO         5691    i.f_open            ff.o
    0x080079f2   0x000001d0   Code   RO         5693    i.f_read            ff.o
    0x08007bc2   0x000000b0   Code   RO         5697    i.f_sync            ff.o
    0x08007c72   0x0000020c   Code   RO         5701    i.f_write           ff.o
    0x08007e7e   0x00000002   PAD
    0x08007e80   0x0000007c   Code   RO         5967    i.ff_convert        cc936.o
    0x08007efc   0x0000005c   Code   RO         5968    i.ff_wtoupper       cc936.o
    0x08007f58   0x000003d8   Code   RO         5702    i.find_volume       ff.o
    0x08008330   0x00000080   Code   RO         5703    i.fit_lfn           ff.o
    0x080083b0   0x00000090   Code   RO         5704    i.follow_path       ff.o
    0x08008440   0x00000024   Code   RO         6574    i.fputc             bsp_debug_usart.o
    0x08008464   0x00000050   Code   RO         9158    i.free              mc_w.l(malloc.o)
    0x080084b4   0x000000cc   Code   RO         5705    i.gen_numname       ff.o
    0x08008580   0x0000013e   Code   RO         5706    i.get_fat           ff.o
    0x080086be   0x00000002   PAD
    0x080086c0   0x00000008   Code   RO         5608    i.get_fattime       diskio.o
    0x080086c8   0x0000004a   Code   RO         5708    i.get_ldnumber      ff.o
    0x08008712   0x00000012   Code   RO         7326    i.icmp_dest_unreach  icmp.o
    0x08008724   0x0000015c   Code   RO         7327    i.icmp_input        icmp.o
    0x08008880   0x00000070   Code   RO         7328    i.icmp_send_response  icmp.o
    0x080088f0   0x00000012   Code   RO         7329    i.icmp_time_exceeded  icmp.o
    0x08008902   0x00000014   Code   RO         7383    i.inet_chksum       inet_chksum.o
    0x08008916   0x00000056   Code   RO         7384    i.inet_chksum_pbuf  inet_chksum.o
    0x0800896c   0x0000004e   Code   RO         7496    i.ip4_addr_isbroadcast  ip_addr.o
    0x080089ba   0x00000002   PAD
    0x080089bc   0x000001ac   Code   RO         7549    i.ip_frag           ip_frag.o
    0x08008b68   0x0000000a   Code   RO         7550    i.ip_frag_alloc_pbuf_custom_ref  ip_frag.o
    0x08008b72   0x00000012   Code   RO         7551    i.ip_frag_free_pbuf_custom_ref  ip_frag.o
    0x08008b84   0x000001b8   Code   RO         7424    i.ip_input          ip.o
    0x08008d3c   0x00000038   Code   RO         7425    i.ip_output         ip.o
    0x08008d74   0x000000c4   Code   RO         7426    i.ip_output_if      ip.o
    0x08008e38   0x0000018c   Code   RO         7552    i.ip_reass          ip_frag.o
    0x08008fc4   0x00000164   Code   RO         7553    i.ip_reass_chain_frag_into_datagram_and_validate  ip_frag.o
    0x08009128   0x0000002c   Code   RO         7554    i.ip_reass_dequeue_datagram  ip_frag.o
    0x08009154   0x00000054   Code   RO         7555    i.ip_reass_enqueue_new_datagram  ip_frag.o
    0x080091a8   0x000000a0   Code   RO         7556    i.ip_reass_free_complete_datagram  ip_frag.o
    0x08009248   0x0000007c   Code   RO         7557    i.ip_reass_remove_oldest_datagram  ip_frag.o
    0x080092c4   0x00000054   Code   RO         7427    i.ip_route          ip.o
    0x08009318   0x00000020   Code   RO         7559    i.ipfrag_free_pbuf_custom  ip_frag.o
    0x08009338   0x00000020   Code   RO         5709    i.ld_clust          ff.o
    0x08009358   0x00000080   Code   RO         8831    i.low_level_init    ethernetif.o
    0x080093d8   0x000000e0   Code   RO         8832    i.low_level_input   ethernetif.o
    0x080094b8   0x000000e0   Code   RO         8833    i.low_level_output  ethernetif.o
    0x08009598   0x0000001a   Code   RO         7618    i.lwip_htonl        def.o
    0x080095b2   0x0000000c   Code   RO         7619    i.lwip_htons        def.o
    0x080095be   0x0000000c   Code   RO         7620    i.lwip_ntohl        def.o
    0x080095ca   0x0000000c   Code   RO         7621    i.lwip_ntohs        def.o
    0x080095d6   0x0000005e   Code   RO         7387    i.lwip_standard_chksum  inet_chksum.o
    0x08009634   0x00000300   Code   RO         4908    i.main              main.o
    0x08009934   0x0000006c   Code   RO         9159    i.malloc            mc_w.l(malloc.o)
    0x080099a0   0x00000038   Code   RO         4909    i.mcu_connect_server  main.o
    0x080099d8   0x000000cc   Code   RO         4910    i.mcu_open_savefile  main.o
    0x08009aa4   0x0000009c   Code   RO         4911    i.mcu_save_ads1256data  main.o
    0x08009b40   0x00000260   Code   RO         4912    i.mcu_xmit_ads1256data  main.o
    0x08009da0   0x00000026   Code   RO         5710    i.mem_cmp           ff.o
    0x08009dc6   0x0000001a   Code   RO         5711    i.mem_cpy           ff.o
    0x08009de0   0x00000050   Code   RO         7890    i.mem_free          mem.o
    0x08009e30   0x0000005c   Code   RO         7891    i.mem_init          mem.o
    0x08009e8c   0x000000ec   Code   RO         7892    i.mem_malloc        mem.o
    0x08009f78   0x00000014   Code   RO         5712    i.mem_set           ff.o
    0x08009f8c   0x0000012c   Code   RO         7893    i.mem_trim          mem.o
    0x0800a0b8   0x00000020   Code   RO         7934    i.memp_free         memp.o
    0x0800a0d8   0x00000064   Code   RO         7935    i.memp_init         memp.o
    0x0800a13c   0x0000002c   Code   RO         7936    i.memp_malloc       memp.o
    0x0800a168   0x000001b8   Code   RO         4913    i.mount_filesystem  main.o
    0x0800a320   0x00000034   Code   RO         5713    i.move_window       ff.o
    0x0800a354   0x00000070   Code   RO         7973    i.netif_add         netif.o
    0x0800a3c4   0x00000028   Code   RO         7977    i.netif_set_addr    netif.o
    0x0800a3ec   0x0000000c   Code   RO         7978    i.netif_set_default  netif.o
    0x0800a3f8   0x0000002a   Code   RO         7979    i.netif_set_down    netif.o
    0x0800a422   0x0000000c   Code   RO         7980    i.netif_set_gw      netif.o
    0x0800a42e   0x00000002   PAD
    0x0800a430   0x00000078   Code   RO         7981    i.netif_set_ipaddr  netif.o
    0x0800a4a8   0x00000006   Code   RO         7982    i.netif_set_link_callback  netif.o
    0x0800a4ae   0x0000002a   Code   RO         7983    i.netif_set_link_down  netif.o
    0x0800a4d8   0x00000050   Code   RO         7984    i.netif_set_link_up  netif.o
    0x0800a528   0x0000000c   Code   RO         7985    i.netif_set_netmask  netif.o
    0x0800a534   0x00000036   Code   RO         7986    i.netif_set_up      netif.o
    0x0800a56a   0x00000192   Code   RO         8073    i.pbuf_alloc        pbuf.o
    0x0800a6fc   0x0000006c   Code   RO         8074    i.pbuf_alloced_custom  pbuf.o
    0x0800a768   0x00000038   Code   RO         8075    i.pbuf_cat          pbuf.o
    0x0800a7a0   0x00000016   Code   RO         8076    i.pbuf_chain        pbuf.o
    0x0800a7b6   0x00000012   Code   RO         8077    i.pbuf_clen         pbuf.o
    0x0800a7c8   0x000000c0   Code   RO         8079    i.pbuf_copy         pbuf.o
    0x0800a888   0x00000092   Code   RO         8080    i.pbuf_copy_partial  pbuf.o
    0x0800a91a   0x00000086   Code   RO         8082    i.pbuf_free         pbuf.o
    0x0800a9a0   0x0000007e   Code   RO         8084    i.pbuf_header       pbuf.o
    0x0800aa1e   0x00000078   Code   RO         8087    i.pbuf_realloc      pbuf.o
    0x0800aa96   0x0000000a   Code   RO         8088    i.pbuf_ref          pbuf.o
    0x0800aaa0   0x00000074   Code   RO         8090    i.pbuf_take         pbuf.o
    0x0800ab14   0x00000088   Code   RO         7894    i.plug_holes        mem.o
    0x0800ab9c   0x00000188   Code   RO         5715    i.put_fat           ff.o
    0x0800ad24   0x00000074   Code   RO         8189    i.raw_input         raw.o
    0x0800ad98   0x0000006c   Code   RO         5716    i.remove_chain      ff.o
    0x0800ae04   0x00000010   Code   RO         5717    i.st_clust          ff.o
    0x0800ae14   0x00000020   Code   RO         5718    i.sum_sfn           ff.o
    0x0800ae34   0x000000c8   Code   RO         5719    i.sync_fs           ff.o
    0x0800aefc   0x00000052   Code   RO         5720    i.sync_window       ff.o
    0x0800af4e   0x00000002   PAD
    0x0800af50   0x00000094   Code   RO         8255    i.tcp_abandon       tcp.o
    0x0800afe4   0x0000000e   Code   RO         8256    i.tcp_abort         tcp.o
    0x0800aff2   0x00000002   PAD
    0x0800aff4   0x000000bc   Code   RO         8259    i.tcp_alloc         tcp.o
    0x0800b0b0   0x00000004   Code   RO         8260    i.tcp_arg           tcp.o
    0x0800b0b4   0x0000001c   Code   RO         8262    i.tcp_close         tcp.o
    0x0800b0d0   0x000001c8   Code   RO         8263    i.tcp_close_shutdown  tcp.o
    0x0800b298   0x00000154   Code   RO         8264    i.tcp_connect       tcp.o
    0x0800b3ec   0x000000ac   Code   RO         8532    i.tcp_create_segment  tcp_out.o
    0x0800b498   0x000000cc   Code   RO         5293    i.tcp_echoclient_connect  tcp_echoclient.o
    0x0800b564   0x000000d8   Code   RO         5294    i.tcp_echoclient_connected  tcp_echoclient.o
    0x0800b63c   0x00000030   Code   RO         5295    i.tcp_echoclient_connection_close  tcp_echoclient.o
    0x0800b66c   0x00000038   Code   RO         5296    i.tcp_echoclient_disconnect  tcp_echoclient.o
    0x0800b6a4   0x0000003c   Code   RO         5297    i.tcp_echoclient_poll  tcp_echoclient.o
    0x0800b6e0   0x000000c4   Code   RO         5298    i.tcp_echoclient_recv  tcp_echoclient.o
    0x0800b7a4   0x00000050   Code   RO         5299    i.tcp_echoclient_send  tcp_echoclient.o
    0x0800b7f4   0x0000001e   Code   RO         5300    i.tcp_echoclient_sent  tcp_echoclient.o
    0x0800b812   0x0000002e   Code   RO         8266    i.tcp_eff_send_mss  tcp.o
    0x0800b840   0x00000110   Code   RO         8533    i.tcp_enqueue_flags  tcp_out.o
    0x0800b950   0x0000007c   Code   RO         8268    i.tcp_fasttmr       tcp.o
    0x0800b9cc   0x0000047c   Code   RO         8484    i.tcp_input         tcp_in.o
    0x0800be48   0x00000044   Code   RO         8534    i.tcp_keepalive     tcp_out.o
    0x0800be8c   0x00000054   Code   RO         8270    i.tcp_kill_prio     tcp.o
    0x0800bee0   0x0000003c   Code   RO         8271    i.tcp_kill_timewait  tcp.o
    0x0800bf1c   0x00000130   Code   RO         8485    i.tcp_listen_input  tcp_in.o
    0x0800c04c   0x0000000a   Code   RO         8273    i.tcp_new           tcp.o
    0x0800c056   0x00000002   PAD
    0x0800c058   0x00000068   Code   RO         8274    i.tcp_new_port      tcp.o
    0x0800c0c0   0x0000001c   Code   RO         8275    i.tcp_next_iss      tcp.o
    0x0800c0dc   0x000001c0   Code   RO         8535    i.tcp_output        tcp_out.o
    0x0800c29c   0x00000078   Code   RO         8536    i.tcp_output_alloc_header  tcp_out.o
    0x0800c314   0x000000d0   Code   RO         8537    i.tcp_output_segment  tcp_out.o
    0x0800c3e4   0x000000b8   Code   RO         8486    i.tcp_parseopt      tcp_in.o
    0x0800c49c   0x00000078   Code   RO         8538    i.tcp_pbuf_prealloc  tcp_out.o
    0x0800c514   0x00000040   Code   RO         8276    i.tcp_pcb_purge     tcp.o
    0x0800c554   0x00000090   Code   RO         8277    i.tcp_pcb_remove    tcp.o
    0x0800c5e4   0x0000000e   Code   RO         8278    i.tcp_poll          tcp.o
    0x0800c5f2   0x00000002   PAD
    0x0800c5f4   0x0000058c   Code   RO         8487    i.tcp_process       tcp_in.o
    0x0800cb80   0x0000008c   Code   RO         8279    i.tcp_process_refused_data  tcp.o
    0x0800cc0c   0x0000063c   Code   RO         8488    i.tcp_receive       tcp_in.o
    0x0800d248   0x00000008   Code   RO         8280    i.tcp_recv          tcp.o
    0x0800d250   0x0000002e   Code   RO         8281    i.tcp_recv_null     tcp.o
    0x0800d27e   0x00000046   Code   RO         8282    i.tcp_recved        tcp.o
    0x0800d2c4   0x0000005a   Code   RO         8539    i.tcp_rexmit        tcp_out.o
    0x0800d31e   0x00000070   Code   RO         8540    i.tcp_rexmit_fast   tcp_out.o
    0x0800d38e   0x0000003a   Code   RO         8541    i.tcp_rexmit_rto    tcp_out.o
    0x0800d3c8   0x0000007c   Code   RO         8542    i.tcp_rst           tcp_out.o
    0x0800d444   0x0000001a   Code   RO         8283    i.tcp_seg_free      tcp.o
    0x0800d45e   0x00000018   Code   RO         8284    i.tcp_segs_free     tcp.o
    0x0800d476   0x0000004e   Code   RO         8543    i.tcp_send_empty_ack  tcp_out.o
    0x0800d4c4   0x0000004a   Code   RO         8544    i.tcp_send_fin      tcp_out.o
    0x0800d50e   0x00000008   Code   RO         8285    i.tcp_sent          tcp.o
    0x0800d516   0x00000002   PAD
    0x0800d518   0x00000334   Code   RO         8288    i.tcp_slowtmr       tcp.o
    0x0800d84c   0x00000002   Code   RO         8629    i.tcp_timer_needed  timers.o
    0x0800d84e   0x00000002   PAD
    0x0800d850   0x000000ac   Code   RO         8489    i.tcp_timewait_input  tcp_in.o
    0x0800d8fc   0x00000024   Code   RO         8289    i.tcp_tmr           tcp.o
    0x0800d920   0x0000004e   Code   RO         8290    i.tcp_update_rcv_ann_wnd  tcp.o
    0x0800d96e   0x00000384   Code   RO         8545    i.tcp_write         tcp_out.o
    0x0800dcf2   0x00000070   Code   RO         8546    i.tcp_write_checks  tcp_out.o
    0x0800dd62   0x00000002   PAD
    0x0800dd64   0x00000094   Code   RO         5301    i.tcp_xmit_ads1256data  tcp_echoclient.o
    0x0800ddf8   0x000000a4   Code   RO         8547    i.tcp_zero_window_probe  tcp_out.o
    0x0800de9c   0x00000080   Code   RO         8641    i.udp_bind          udp.o
    0x0800df1c   0x000001d0   Code   RO         8645    i.udp_input         udp.o
    0x0800e0ec   0x00000058   Code   RO         8647    i.udp_new_port      udp.o
    0x0800e144   0x000000ce   Code   RO         8652    i.udp_sendto_if     udp.o
    0x0800e212   0x00000032   Code   RO         5721    i.validate          ff.o
    0x0800e244   0x00000064   Data   RO         4915    .constdata          main.o
    0x0800e2a8   0x0000003a   Data   RO         5722    .constdata          ff.o
    0x0800e2e2   0x0002b0c0   Data   RO         5969    .constdata          cc936.o
    0x080393a2   0x00005320   Data   RO         5999    .constdata          fonts.o
    0x0803e6c2   0x00000002   PAD
    0x0803e6c4   0x00000008   Data   RO         7503    .constdata          ip_addr.o
    0x0803e6cc   0x00000024   Data   RO         7938    .constdata          memp.o
    0x0803e6f0   0x00000050   Data   RO         8291    .constdata          tcp.o
    0x0803e740   0x0000000c   Data   RO         8750    .constdata          etharp.o
    0x0803e74c   0x00000075   Data   RO         8292    .conststring        tcp.o
    0x0803e7c1   0x00000003   PAD
    0x0803e7c4   0x00000020   Data   RO         9228    Region$$Table       anon$$obj.o


    Execution Region RW_IRAM1 (Base: 0x20000000, Size: 0x0000cc20, Max: 0x00020000, ABSOLUTE, COMPRESSED[0x00000048])

    Base Addr    Size         Type   Attr      Idx    E Section Name        Object

    0x20000000   0x00000014   Data   RW           16    .data               system_stm32f4xx.o
    0x20000014   0x00000010   Data   RW         2749    .data               stm32f4xx_rcc.o
    0x20000024   0x00000019   Data   RW         4916    .data               main.o
    0x2000003d   0x00000003   PAD
    0x20000040   0x00000010   Data   RW         5199    .data               netconf.o
    0x20000050   0x0000000c   Data   RW         5303    .data               tcp_echoclient.o
    0x2000005c   0x00000004   Data   RW         5563    .data               delay.o
    0x20000060   0x0000000a   Data   RW         5723    .data               ff.o
    0x2000006a   0x00000002   PAD
    0x2000006c   0x00000018   Data   RW         6000    .data               fonts.o
    0x20000084   0x00000010   Data   RW         6054    .data               bsp_ili9806g_lcd.o
    0x20000094   0x00000018   Data   RW         6287    .data               bsp_sdio_sd.o
    0x200000ac   0x00000004   Data   RW         6533    .data               bsp_systick.o
    0x200000b0   0x00000010   Data   RW         6753    .data               stm32f4x7_eth.o
    0x200000c0   0x00000006   Data   RW         7203    .data               stm32f4x7_phy.o
    0x200000c6   0x00000002   PAD
    0x200000c8   0x00000012   Data   RW         7428    .data               ip.o
    0x200000da   0x00000002   PAD
    0x200000dc   0x00000006   Data   RW         7560    .data               ip_frag.o
    0x200000e2   0x00000002   PAD
    0x200000e4   0x00000004   Data   RW         7683    .data               dhcp.o
    0x200000e8   0x0000000c   Data   RW         7896    .data               mem.o
    0x200000f4   0x00000009   Data   RW         7987    .data               netif.o
    0x200000fd   0x00000003   PAD
    0x20000100   0x00000004   Data   RW         8195    .data               raw.o
    0x20000104   0x00000024   Data   RW         8293    .data               tcp.o
    0x20000128   0x00000020   Data   RW         8491    .data               tcp_in.o
    0x20000148   0x00000008   Data   RW         8653    .data               udp.o
    0x20000150   0x00000001   Data   RW         8751    .data               etharp.o
    0x20000151   0x00000003   PAD
    0x20000154   0x00000004   Data   RW         9206    .data               mc_w.l(stdout.o)
    0x20000158   0x00000004   Data   RW         9213    .data               mc_w.l(mvars.o)
    0x2000015c   0x00000004   Data   RW         9214    .data               mc_w.l(mvars.o)
    0x20000160   0x000046e0   Zero   RW         4914    .bss                main.o
    0x20004840   0x00000038   Zero   RW         5198    .bss                netconf.o
    0x20004878   0x00000096   Zero   RW         5302    .bss                tcp_echoclient.o
    0x2000490e   0x00000002   PAD
    0x20004910   0x00000018   Zero   RW         5423    .bss                bsp_adc.o
    0x20004928   0x000000cc   Zero   RW         6286    .bss                bsp_sdio_sd.o
    0x200049f4   0x000030ac   Zero   RW         6752    .bss                stm32f4x7_eth.o
    0x20007aa0   0x000000bc   Zero   RW         7202    .bss                stm32f4x7_phy.o
    0x20007b5c   0x00002814   Zero   RW         7895    .bss                mem.o
    0x2000a370   0x000021d7   Zero   RW         7937    .bss                memp.o
    0x2000c547   0x00000001   PAD
    0x2000c548   0x00000010   Zero   RW         8490    .bss                tcp_in.o
    0x2000c558   0x000000c8   Zero   RW         8749    .bss                etharp.o
    0x2000c620   0x00000200   Zero   RW            2    HEAP                startup_stm32f40xx.o
    0x2000c820   0x00000400   Zero   RW            1    STACK               startup_stm32f40xx.o


==============================================================================

Image component sizes


      Code (inc. data)   RO Data    RW Data    ZI Data      Debug   Object Name

      2174        140          0          0         24      10125   bsp_adc.o
       188         12          0          0          0       1373   bsp_debug_usart.o
      2396        106          0         16          0      13938   bsp_ili9806g_lcd.o
        56          8          0          0          0        590   bsp_key.o
        96          6          0          0          0        626   bsp_led.o
      5068        292          0         24        204      26767   bsp_sdio_sd.o
       148         22          0          4          0      28695   bsp_systick.o
       216         16     176320          0          0       2815   cc936.o
        62          0          0          0          0       2348   def.o
       268         16          0          4          0       2627   delay.o
      1226         26          0          4          0      10168   dhcp.o
       552         10          0          0          0      12345   diskio.o
      2310         66         12          1        200      14404   etharp.o
       666         46          0          0          0       6813   ethernetif.o
      8564        136         58         10          0      38039   ff.o
         0          0      21280         24          0       1393   fonts.o
       496          8          0          0          0       4526   icmp.o
         0          0          0          0          0       3872   inet.o
       200          0          0          0          0       2857   inet_chksum.o
       776         32          0         18          0      23268   ip.o
        78          0          8          0          0       7394   ip_addr.o
      1652         36          0          6          0      10993   ip_frag.o
      3326       1556        100         25      18144      30648   main.o
       844         68          0         12      10260       5365   mem.o
       176         26         36          0       8663       3466   memp.o
       180         24          0          0          0       2493   misc.o
       452        192          0         16         56      15470   netconf.o
       532         24          0          9          0      10026   netif.o
      1450          0          0          0          0      11011   pbuf.o
       116         14          0          4          0       1660   raw.o
        36          8        392          0       1536        996   startup_stm32f40xx.o
      2280        156          0         16      12460      51821   stm32f4x7_eth.o
       932        194          0          6        188      10558   stm32f4x7_phy.o
       586         40          0          0          0       5652   stm32f4xx_dma.o
       344         16          0          0          0       2321   stm32f4xx_fsmc.o
       240          0          0          0          0       4103   stm32f4xx_gpio.o
        56         18          0          0          0       4562   stm32f4xx_it.o
       424         54          0         16          0       7286   stm32f4xx_rcc.o
       370         80          0          0          0      12202   stm32f4xx_sdio.o
        12          6          0          0          0        674   stm32f4xx_syscfg.o
       214         28          0          0          0       4262   stm32f4xx_tim.o
       270          8          0          0          0       3740   stm32f4xx_usart.o
       340         32          0         20          0     324285   system_stm32f4xx.o
      3112        168        197         36          0      29997   tcp.o
      1038        232          0         12        150      16612   tcp_echoclient.o
      4824        288          0         32         16      17031   tcp_in.o
      3120         10          0          0          0      15867   tcp_out.o
         2          0          0          0          0        531   timers.o
       886         28          0          8          0      13565   udp.o

    ----------------------------------------------------------------------
     53412       4248     198440        340      51904     832180   Object Totals
         0          0         32          0          0          0   (incl. Generated)
        58          0          5         17          3          0   (incl. Padding)

    ----------------------------------------------------------------------

      Code (inc. data)   RO Data    RW Data    ZI Data      Debug   Library Member Name

        86          0          0          0          0          0   __dczerorl2.o
         0          0          0          0          0          0   entry.o
         0          0          0          0          0          0   entry10a.o
         0          0          0          0          0          0   entry11a.o
         8          4          0          0          0          0   entry2.o
         4          0          0          0          0          0   entry5.o
         0          0          0          0          0          0   entry7b.o
         0          0          0          0          0          0   entry8b.o
         8          4          0          0          0          0   entry9a.o
        30          0          0          0          0          0   handlers.o
        36          8          0          0          0         68   init.o
         0          0          0          0          0          0   iusefp.o
        30          0          0          0          0         68   llshl.o
        36          0          0          0          0         68   llsshr.o
        32          0          0          0          0         68   llushr.o
       188         20          0          0          0        160   malloc.o
        26          0          0          0          0         80   memcmp.o
        36          0          0          0          0         68   memcpya.o
        36          0          0          0          0        108   memseta.o
         0          0          0          8          0          0   mvars.o
      2276         96          0          0          0        596   printfa.o
         0          0          0          4          0          0   stdout.o
        28          0          0          0          0         76   strcmp.o
        14          0          0          0          0         68   strlen.o
        44          0          0          0          0         80   uidiv.o
        98          0          0          0          0         92   uldiv.o
        48          0          0          0          0         68   cdrcmple.o
       334          0          0          0          0        148   dadd.o
       222          0          0          0          0        100   ddiv.o
       186          0          0          0          0        176   depilogue.o
        48          0          0          0          0         68   dfixul.o
        34          0          0          0          0         76   dflti.o
       228          0          0          0          0         96   dmul.o

    ----------------------------------------------------------------------
      4120        132          0         12          0       2332   Library Totals
         4          0          0          0          0          0   (incl. Padding)

    ----------------------------------------------------------------------

      Code (inc. data)   RO Data    RW Data    ZI Data      Debug   Library Name

      3016        132          0         12          0       1600   mc_w.l
      1100          0          0          0          0        732   mf_w.l

    ----------------------------------------------------------------------
      4120        132          0         12          0       2332   Library Totals

    ----------------------------------------------------------------------

==============================================================================


      Code (inc. data)   RO Data    RW Data    ZI Data      Debug   

     57532       4380     198440        352      51904     797148   Grand Totals
     57532       4380     198440         72      51904     797148   ELF Image Totals (compressed)
     57532       4380     198440         72          0          0   ROM Totals

==============================================================================

    Total RO  Size (Code + RO Data)               255972 ( 249.97kB)
    Total RW  Size (RW Data + ZI Data)             52256 (  51.03kB)
    Total ROM Size (Code + RO Data + RW Data)     256044 ( 250.04kB)

==============================================================================

