Component: ARM Compiler 5.05 update 1 (build 106) Tool: armlink [4d0efa]

==============================================================================

Section Cross References

    startup_stm32f40xx.o(RESET) refers to startup_stm32f40xx.o(STACK) for __initial_sp
    startup_stm32f40xx.o(RESET) refers to startup_stm32f40xx.o(.text) for Reset_Handler
    startup_stm32f40xx.o(RESET) refers to stm32f4xx_it.o(i.NMI_Handler) for NMI_Handler
    startup_stm32f40xx.o(RESET) refers to stm32f4xx_it.o(i.HardFault_Handler) for HardFault_Handler
    startup_stm32f40xx.o(RESET) refers to stm32f4xx_it.o(i.MemManage_Handler) for MemManage_Handler
    startup_stm32f40xx.o(RESET) refers to stm32f4xx_it.o(i.BusFault_Handler) for BusFault_Handler
    startup_stm32f40xx.o(RESET) refers to stm32f4xx_it.o(i.UsageFault_Handler) for UsageFault_Handler
    startup_stm32f40xx.o(RESET) refers to stm32f4xx_it.o(i.SVC_Handler) for SVC_Handler
    startup_stm32f40xx.o(RESET) refers to stm32f4xx_it.o(i.DebugMon_Handler) for DebugMon_Handler
    startup_stm32f40xx.o(RESET) refers to stm32f4xx_it.o(i.PendSV_Handler) for PendSV_Handler
    startup_stm32f40xx.o(RESET) refers to stm32f4xx_it.o(i.SysTick_Handler) for SysTick_Handler
    startup_stm32f40xx.o(RESET) refers to main.o(i.TIM3_IRQHandler) for TIM3_IRQHandler
    startup_stm32f40xx.o(RESET) refers to main.o(i.TIM4_IRQHandler) for TIM4_IRQHandler
    startup_stm32f40xx.o(RESET) refers to bsp_sdio_sd.o(i.SDIO_IRQHandler) for SDIO_IRQHandler
    startup_stm32f40xx.o(RESET) refers to bsp_sdio_sd.o(i.DMA2_Stream3_IRQHandler) for DMA2_Stream3_IRQHandler
    startup_stm32f40xx.o(.text) refers to system_stm32f4xx.o(i.SystemInit) for SystemInit
    startup_stm32f40xx.o(.text) refers to entry.o(.ARM.Collect$$$$00000000) for __main
    system_stm32f4xx.o(i.SystemCoreClockUpdate) refers to system_stm32f4xx.o(.data) for SystemCoreClock
    system_stm32f4xx.o(i.SystemInit) refers to system_stm32f4xx.o(i.SetSysClock) for SetSysClock
    stm32f4xx_adc.o(i.ADC_DeInit) refers to stm32f4xx_rcc.o(i.RCC_APB2PeriphResetCmd) for RCC_APB2PeriphResetCmd
    stm32f4xx_can.o(i.CAN_DeInit) refers to stm32f4xx_rcc.o(i.RCC_APB1PeriphResetCmd) for RCC_APB1PeriphResetCmd
    stm32f4xx_can.o(i.CAN_GetITStatus) refers to stm32f4xx_can.o(i.CheckITStatus) for CheckITStatus
    stm32f4xx_cryp.o(i.CRYP_DeInit) refers to stm32f4xx_rcc.o(i.RCC_AHB2PeriphResetCmd) for RCC_AHB2PeriphResetCmd
    stm32f4xx_cryp_aes.o(i.CRYP_AES_CBC) refers to stm32f4xx_cryp.o(i.CRYP_KeyStructInit) for CRYP_KeyStructInit
    stm32f4xx_cryp_aes.o(i.CRYP_AES_CBC) refers to stm32f4xx_cryp.o(i.CRYP_FIFOFlush) for CRYP_FIFOFlush
    stm32f4xx_cryp_aes.o(i.CRYP_AES_CBC) refers to stm32f4xx_cryp.o(i.CRYP_Init) for CRYP_Init
    stm32f4xx_cryp_aes.o(i.CRYP_AES_CBC) refers to stm32f4xx_cryp.o(i.CRYP_KeyInit) for CRYP_KeyInit
    stm32f4xx_cryp_aes.o(i.CRYP_AES_CBC) refers to stm32f4xx_cryp.o(i.CRYP_Cmd) for CRYP_Cmd
    stm32f4xx_cryp_aes.o(i.CRYP_AES_CBC) refers to stm32f4xx_cryp.o(i.CRYP_GetFlagStatus) for CRYP_GetFlagStatus
    stm32f4xx_cryp_aes.o(i.CRYP_AES_CBC) refers to stm32f4xx_cryp.o(i.CRYP_IVInit) for CRYP_IVInit
    stm32f4xx_cryp_aes.o(i.CRYP_AES_CBC) refers to stm32f4xx_cryp.o(i.CRYP_GetCmdStatus) for CRYP_GetCmdStatus
    stm32f4xx_cryp_aes.o(i.CRYP_AES_CBC) refers to stm32f4xx_cryp.o(i.CRYP_DataIn) for CRYP_DataIn
    stm32f4xx_cryp_aes.o(i.CRYP_AES_CBC) refers to stm32f4xx_cryp.o(i.CRYP_DataOut) for CRYP_DataOut
    stm32f4xx_cryp_aes.o(i.CRYP_AES_CCM) refers to stm32f4xx_cryp.o(i.CRYP_KeyStructInit) for CRYP_KeyStructInit
    stm32f4xx_cryp_aes.o(i.CRYP_AES_CCM) refers to stm32f4xx_cryp.o(i.CRYP_FIFOFlush) for CRYP_FIFOFlush
    stm32f4xx_cryp_aes.o(i.CRYP_AES_CCM) refers to stm32f4xx_cryp.o(i.CRYP_KeyInit) for CRYP_KeyInit
    stm32f4xx_cryp_aes.o(i.CRYP_AES_CCM) refers to stm32f4xx_cryp.o(i.CRYP_IVInit) for CRYP_IVInit
    stm32f4xx_cryp_aes.o(i.CRYP_AES_CCM) refers to stm32f4xx_cryp.o(i.CRYP_Init) for CRYP_Init
    stm32f4xx_cryp_aes.o(i.CRYP_AES_CCM) refers to stm32f4xx_cryp.o(i.CRYP_PhaseConfig) for CRYP_PhaseConfig
    stm32f4xx_cryp_aes.o(i.CRYP_AES_CCM) refers to stm32f4xx_cryp.o(i.CRYP_DataIn) for CRYP_DataIn
    stm32f4xx_cryp_aes.o(i.CRYP_AES_CCM) refers to stm32f4xx_cryp.o(i.CRYP_Cmd) for CRYP_Cmd
    stm32f4xx_cryp_aes.o(i.CRYP_AES_CCM) refers to stm32f4xx_cryp.o(i.CRYP_GetCmdStatus) for CRYP_GetCmdStatus
    stm32f4xx_cryp_aes.o(i.CRYP_AES_CCM) refers to stm32f4xx_cryp.o(i.CRYP_GetFlagStatus) for CRYP_GetFlagStatus
    stm32f4xx_cryp_aes.o(i.CRYP_AES_CCM) refers to stm32f4xx_cryp.o(i.CRYP_DataOut) for CRYP_DataOut
    stm32f4xx_cryp_aes.o(i.CRYP_AES_CTR) refers to stm32f4xx_cryp.o(i.CRYP_KeyStructInit) for CRYP_KeyStructInit
    stm32f4xx_cryp_aes.o(i.CRYP_AES_CTR) refers to stm32f4xx_cryp.o(i.CRYP_KeyInit) for CRYP_KeyInit
    stm32f4xx_cryp_aes.o(i.CRYP_AES_CTR) refers to stm32f4xx_cryp.o(i.CRYP_Init) for CRYP_Init
    stm32f4xx_cryp_aes.o(i.CRYP_AES_CTR) refers to stm32f4xx_cryp.o(i.CRYP_IVInit) for CRYP_IVInit
[...]
    CAN1_RX1_IRQHandler                      0x080001b7   Thumb Code     0  startup_stm32f40xx.o(.text)
    CAN1_SCE_IRQHandler                      0x080001b7   Thumb Code     0  startup_stm32f40xx.o(.text)
    CAN1_TX_IRQHandler                       0x080001b7   Thumb Code     0  startup_stm32f40xx.o(.text)
    CAN2_RX0_IRQHandler                      0x080001b7   Thumb Code     0  startup_stm32f40xx.o(.text)
    CAN2_RX1_IRQHandler                      0x080001b7   Thumb Code     0  startup_stm32f40xx.o(.text)
    CAN2_SCE_IRQHandler                      0x080001b7   Thumb Code     0  startup_stm32f40xx.o(.text)
    CAN2_TX_IRQHandler                       0x080001b7   Thumb Code     0  startup_stm32f40xx.o(.text)
    CRYP_IRQHandler                          0x080001b7   Thumb Code     0  startup_stm32f40xx.o(.text)
    DCMI_IRQHandler                          0x080001b7   Thumb Code     0  startup_stm32f40xx.o(.text)
    DMA1_Stream0_IRQHandler                  0x080001b7   Thumb Code     0  startup_stm32f40xx.o(.text)
    DMA1_Stream1_IRQHandler                  0x080001b7   Thumb Code     0  startup_stm32f40xx.o(.text)
    DMA1_Stream2_IRQHandler                  0x080001b7   Thumb Code     0  startup_stm32f40xx.o(.text)
    DMA1_Stream3_IRQHandler                  0x080001b7   Thumb Code     0  startup_stm32f40xx.o(.text)
    DMA1_Stream4_IRQHandler                  0x080001b7   Thumb Code     0  startup_stm32f40xx.o(.text)
    DMA1_Stream5_IRQHandler                  0x080001b7   Thumb Code     0  startup_stm32f40xx.o(.text)
    DMA1_Stream6_IRQHandler                  0x080001b7   Thumb Code     0  startup_stm32f40xx.o(.text)
    DMA1_Stream7_IRQHandler                  0x080001b7   Thumb Code     0  startup_stm32f40xx.o(.text)
    DMA2_Stream0_IRQHandler                  0x080001b7   Thumb Code     0  startup_stm32f40xx.o(.text)
    DMA2_Stream1_IRQHandler                  0x080001b7   Thumb Code     0  startup_stm32f40xx.o(.text)
    DMA2_Stream2_IRQHandler                  0x080001b7   Thumb Code     0  startup_stm32f40xx.o(.text)
    DMA2_Stream4_IRQHandler                  0x080001b7   Thumb Code     0  startup_stm32f40xx.o(.text)
    DMA2_Stream5_IRQHandler                  0x080001b7   Thumb Code     0  startup_stm32f40xx.o(.text)
    DMA2_Stream6_IRQHandler                  0x080001b7   Thumb Code     0  startup_stm32f40xx.o(.text)
    DMA2_Stream7_IRQHandler                  0x080001b7   Thumb Code     0  startup_stm32f40xx.o(.text)
    ETH_IRQHandler                           0x080001b7   Thumb Code     0  startup_stm32f40xx.o(.text)
    ETH_WKUP_IRQHandler                      0x080001b7   Thumb Code     0  startup_stm32f40xx.o(.text)
    EXTI0_IRQHandler                         0x080001b7   Thumb Code     0  startup_stm32f40xx.o(.text)
    EXTI15_10_IRQHandler                     0x080001b7   Thumb Code     0  startup_stm32f40xx.o(.text)
    EXTI1_IRQHandler                         0x080001b7   Thumb Code     0  startup_stm32f40xx.o(.text)
    EXTI2_IRQHandler                         0x080001b7   Thumb Code     0  startup_stm32f40xx.o(.text)
    EXTI3_IRQHandler                         0x080001b7   Thumb Code     0  startup_stm32f40xx.o(.text)
    EXTI4_IRQHandler                         0x080001b7   Thumb Code     0  startup_stm32f40xx.o(.text)
    EXTI9_5_IRQHandler                       0x080001b7   Thumb Code     0  startup_stm32f40xx.o(.text)
    FLASH_IRQHandler                         0x080001b7   Thumb Code     0  startup_stm32f40xx.o(.text)
    FPU_IRQHandler                           0x080001b7   Thumb Code     0  startup_stm32f40xx.o(.text)
    FSMC_IRQHandler                          0x080001b7   Thumb Code     0  startup_stm32f40xx.o(.text)
    HASH_RNG_IRQHandler                      0x080001b7   Thumb Code     0  startup_stm32f40xx.o(.text)
    I2C1_ER_IRQHandler                       0x080001b7   Thumb Code     0  startup_stm32f40xx.o(.text)
    I2C1_EV_IRQHandler                       0x080001b7   Thumb Code     0  startup_stm32f40xx.o(.text)
    I2C2_ER_IRQHandler                       0x080001b7   Thumb Code     0  startup_stm32f40xx.o(.text)
    I2C2_EV_IRQHandler                       0x080001b7   Thumb Code     0  startup_stm32f40xx.o(.text)
    I2C3_ER_IRQHandler                       0x080001b7   Thumb Code     0  startup_stm32f40xx.o(.text)
    I2C3_EV_IRQHandler                       0x080001b7   Thumb Code     0  startup_stm32f40xx.o(.text)
    OTG_FS_IRQHandler                        0x080001b7   Thumb Code     0  startup_stm32f40xx.o(.text)
    OTG_FS_WKUP_IRQHandler                   0x080001b7   Thumb Code     0  startup_stm32f40xx.o(.text)
    OTG_HS_EP1_IN_IRQHandler                 0x080001b7   Thumb Code     0  startup_stm32f40xx.o(.text)
    OTG_HS_EP1_OUT_IRQHandler                0x080001b7   Thumb Code     0  startup_stm32f40xx.o(.text)
    OTG_HS_IRQHandler                        0x080001b7   Thumb Code     0  startup_stm32f40xx.o(.text)
    OTG_HS_WKUP_IRQHandler                   0x080001b7   Thumb Code     0  startup_stm32f40xx.o(.text)
    PVD_IRQHandler                           0x080001b7   Thumb Code     0  startup_stm32f40xx.o(.text)
    RCC_IRQHandler                           0x080001b7   Thumb Code     0  startup_stm32f40xx.o(.text)
    RTC_Alarm_IRQHandler                     0x080001b7   Thumb Code     0  startup_stm32f40xx.o(.text)
    RTC_WKUP_IRQHandler                      0x080001b7   Thumb Code     0  startup_stm32f40xx.o(.text)
    SPI1_IRQHandler                          0x080001b7   Thumb Code     0  startup_stm32f40xx.o(.text)
    SPI2_IRQHandler                          0x080001b7   Thumb Code     0  startup_stm32f40xx.o(.text)
    SPI3_IRQHandler                          0x080001b7   Thumb Code     0  startup_stm32f40xx.o(.text)
    TAMP_STAMP_IRQHandler                    0x080001b7   Thumb Code     0  startup_stm32f40xx.o(.text)
    TIM1_BRK_TIM9_IRQHandler                 0x080001b7   Thumb Code     0  startup_stm32f40xx.o(.text)
    TIM1_CC_IRQHandler                       0x080001b7   Thumb Code     0  startup_stm32f40xx.o(.text)
    TIM1_TRG_COM_TIM11_IRQHandler            0x080001b7   Thumb Code     0  startup_stm32f40xx.o(.text)
    TIM1_UP_TIM10_IRQHandler                 0x080001b7   Thumb Code     0  startup_stm32f40xx.o(.text)
    TIM2_IRQHandler                          0x080001b7   Thumb Code     0  startup_stm32f40xx.o(.text)
    TIM5_IRQHandler                          0x080001b7   Thumb Code     0  startup_stm32f40xx.o(.text)
    TIM6_DAC_IRQHandler                      0x080001b7   Thumb Code     0  startup_stm32f40xx.o(.text)
    TIM7_IRQHandler                          0x080001b7   Thumb Code     0  startup_stm32f40xx.o(.text)
    TIM8_BRK_TIM12_IRQHandler                0x080001b7   Thumb Code     0  startup_stm32f40xx.o(.text)
    TIM8_CC_IRQHandler                       0x080001b7   Thumb Code     0  startup_stm32f40xx.o(.text)
    TIM8_TRG_COM_TIM14_IRQHandler            0x080001b7   Thumb Code     0  startup_stm32f40xx.o(.text)
    TIM8_UP_TIM13_IRQHandler                 0x080001b7   Thumb Code     0  startup_stm32f40xx.o(.text)
    UART4_IRQHandler                         0x080001b7   Thumb Code     0  startup_stm32f40xx.o(.text)
    UART5_IRQHandler                         0x080001b7   Thumb Code     0  startup_stm32f40xx.o(.text)
    USART1_IRQHandler                        0x080001b7   Thumb Code     0  startup_stm32f40xx.o(.text)
    USART2_IRQHandler                        0x080001b7   Thumb Code     0  startup_stm32f40xx.o(.text)
    USART3_IRQHandler                        0x080001b7   Thumb Code     0  startup_stm32f40xx.o(.text)
    USART6_IRQHandler                        0x080001b7   Thumb Code     0  startup_stm32f40xx.o(.text)
    WWDG_IRQHandler                          0x080001b7   Thumb Code     0  startup_stm32f40xx.o(.text)
    __aeabi_uldivmod                         0x080001c1   Thumb Code    98  uldiv.o(.text)
    __aeabi_memcpy                           0x08000223   Thumb Code    36  memcpya.o(.text)
    __aeabi_memcpy4                          0x08000223   Thumb Code     0  memcpya.o(.text)
    __aeabi_memcpy8                          0x08000223   Thumb Code     0  memcpya.o(.text)
    __aeabi_memset                           0x08000247   Thumb Code    14  memseta.o(.text)
    __aeabi_memset4                          0x08000247   Thumb Code     0  memseta.o(.text)
    __aeabi_memset8                          0x08000247   Thumb Code     0  memseta.o(.text)
    __aeabi_memclr                           0x08000255   Thumb Code     4  memseta.o(.text)
    __aeabi_memclr4                          0x08000255   Thumb Code     0  memseta.o(.text)
    __aeabi_memclr8                          0x08000255   Thumb Code     0  memseta.o(.text)
    _memset$wrapper                          0x08000259   Thumb Code    18  memseta.o(.text)
    strlen                                   0x0800026b   Thumb Code    14  strlen.o(.text)
    strcmp                                   0x08000279   Thumb Code    28  strcmp.o(.text)
    memcmp                                   0x08000295   Thumb Code    26  memcmp.o(.text)
    strcpy                                   0x080002af   Thumb Code    18  strcpy.o(.text)
    strtok                                   0x080002c1   Thumb Code    62  strtok.o(.text)
    atoi                                     0x08000305   Thumb Code    26  atoi.o(.text)
    __aeabi_dmul                             0x0800031f   Thumb Code   228  dmul.o(.text)
    __aeabi_ddiv                             0x08000403   Thumb Code   222  ddiv.o(.text)
    __aeabi_ui2d                             0x080004e1   Thumb Code    26  dfltui.o(.text)
    __aeabi_uidiv                            0x080004fb   Thumb Code     0  uidiv.o(.text)
    __aeabi_uidivmod                         0x080004fb   Thumb Code    44  uidiv.o(.text)
    __aeabi_llsl                             0x08000527   Thumb Code    30  llshl.o(.text)
    _ll_shift_l                              0x08000527   Thumb Code     0  llshl.o(.text)
    __aeabi_llsr                             0x08000545   Thumb Code    32  llushr.o(.text)
    _ll_ushift_r                             0x08000545   Thumb Code     0  llushr.o(.text)
    strtol                                   0x08000565   Thumb Code   112  strtol.o(.text)
    __I$use$fp                               0x080005d5   Thumb Code     0  iusefp.o(.text)
    _double_round                            0x080005d5   Thumb Code    30  depilogue.o(.text)
    _double_epilogue                         0x080005f3   Thumb Code   156  depilogue.o(.text)
    __aeabi_dadd                             0x0800068f   Thumb Code   322  dadd.o(.text)
    __aeabi_dsub                             0x080007d1   Thumb Code     6  dadd.o(.text)
    __aeabi_drsub                            0x080007d7   Thumb Code     6  dadd.o(.text)
    __aeabi_d2ulz                            0x080007dd   Thumb Code    48  dfixul.o(.text)
    __aeabi_cdrcmple                         0x0800080d   Thumb Code    48  cdrcmple.o(.text)
    __scatterload                            0x0800083d   Thumb Code    28  init.o(.text)
    __scatterload_rt2                        0x0800083d   Thumb Code     0  init.o(.text)
    __aeabi_lasr                             0x08000861   Thumb Code    36  llsshr.o(.text)
    _ll_sshift_r                             0x08000861   Thumb Code     0  llsshr.o(.text)
    __rt_ctype_table                         0x08000885   Thumb Code     4  ctype_o.o(.text)
    _strtoul                                 0x0800088d   Thumb Code   158  _strtoul.o(.text)
    _chval                                   0x0800092b   Thumb Code    28  _chval.o(.text)
    __decompress                             0x08000947   Thumb Code     0  __dczerorl2.o(.text)
    __decompress1                            0x08000947   Thumb Code    86  __dczerorl2.o(.text)
    ADS1256_Init_No_SPI                      0x0800099d   Thumb Code   238  bsp_adc.o(i.ADS1256_Init_No_SPI)
    ADS1256_Read_Chip1_Byte                  0x08000a9d   Thumb Code    96  bsp_adc.o(i.ADS1256_Read_Chip1_Byte)
    ADS1256_Read_Chip2_Byte                  0x08000b01   Thumb Code    96  bsp_adc.o(i.ADS1256_Read_Chip2_Byte)
    ADS1256_Read_Chip3_Byte                  0x08000b65   Thumb Code   100  bsp_adc.o(i.ADS1256_Read_Chip3_Byte)
    ADS1256_Read_dat                         0x08000bd1   Thumb Code   256  bsp_adc.o(i.ADS1256_Read_dat)
    ADS1256_Write_Chip1_Byte                 0x08000ce5   Thumb Code    90  bsp_adc.o(i.ADS1256_Write_Chip1_Byte)
    ADS1256_Write_Chip1_Reg                  0x08000d45   Thumb Code    58  bsp_adc.o(i.ADS1256_Write_Chip1_Reg)
    ADS1256_Write_Chip2_Byte                 0x08000d89   Thumb Code    90  bsp_adc.o(i.ADS1256_Write_Chip2_Byte)
    ADS1256_Write_Chip2_Reg                  0x08000ded   Thumb Code    58  bsp_adc.o(i.ADS1256_Write_Chip2_Reg)
    ADS1256_Write_Chip3_Byte                 0x08000e31   Thumb Code    94  bsp_adc.o(i.ADS1256_Write_Chip3_Byte)
    ADS1256_Write_Chip3_Reg                  0x08000e99   Thumb Code    58  bsp_adc.o(i.ADS1256_Write_Chip3_Reg)
    Analysis_Cmd_Data                        0x08000edd   Thumb Code   188  udp_echoclient.o(i.Analysis_Cmd_Data)
    BusFault_Handler                         0x08001025   Thumb Code     4  stm32f4xx_it.o(i.BusFault_Handler)
    DMA2_Stream3_IRQHandler                  0x080012f5   Thumb Code     8  bsp_sdio_sd.o(i.DMA2_Stream3_IRQHandler)
    DMA_ClearFlag                            0x080012fd   Thumb Code    38  stm32f4xx_dma.o(i.DMA_ClearFlag)
    DMA_Cmd                                  0x08001331   Thumb Code    22  stm32f4xx_dma.o(i.DMA_Cmd)
    DMA_DeInit                               0x08001349   Thumb Code   324  stm32f4xx_dma.o(i.DMA_DeInit)
    DMA_FlowControllerConfig                 0x080014a1   Thumb Code    22  stm32f4xx_dma.o(i.DMA_FlowControllerConfig)
    DMA_ITConfig                             0x080014b7   Thumb Code    58  stm32f4xx_dma.o(i.DMA_ITConfig)
    DMA_Init                                 0x080014f1   Thumb Code    82  stm32f4xx_dma.o(i.DMA_Init)
    Data_Collection_And_Xmit                 0x08001549   Thumb Code   162  main.o(i.Data_Collection_And_Xmit)
    DebugMon_Handler                         0x08001609   Thumb Code     2  stm32f4xx_it.o(i.DebugMon_Handler)
    Debug_USART_Config                       0x0800160d   Thumb Code   144  bsp_debug_usart.o(i.Debug_USART_Config)
    Delay_10ms                               0x080016c9   Thumb Code    20  bsp_systick.o(i.Delay_10ms)
    ETH_BSP_Config                           0x080016e1   Thumb Code    38  stm32f4x7_phy.o(i.ETH_BSP_Config)
    ETH_CheckFrameReceived                   0x0800170d   Thumb Code   210  stm32f4x7_eth.o(i.ETH_CheckFrameReceived)
    ETH_CheckLinkStatus                      0x080017e9   Thumb Code    64  stm32f4x7_phy.o(i.ETH_CheckLinkStatus)
    ETH_DMAReceptionCmd                      0x08001835   Thumb Code    30  stm32f4x7_eth.o(i.ETH_DMAReceptionCmd)
    ETH_DMARxDescChainInit                   0x08001859   Thumb Code    82  stm32f4x7_eth.o(i.ETH_DMARxDescChainInit)
    ETH_DMATransmissionCmd                   0x080018bd   Thumb Code    30  stm32f4x7_eth.o(i.ETH_DMATransmissionCmd)
    ETH_DMATxDescChainInit                   0x080018e1   Thumb Code    70  stm32f4x7_eth.o(i.ETH_DMATxDescChainInit)
    ETH_DMATxDescChecksumInsertionConfig     0x08001931   Thumb Code     8  stm32f4x7_eth.o(i.ETH_DMATxDescChecksumInsertionConfig)
    ETH_DeInit                               0x08001939   Thumb Code    22  stm32f4x7_eth.o(i.ETH_DeInit)
    ETH_FlushTransmitFIFO                    0x08001951   Thumb Code    38  stm32f4x7_eth.o(i.ETH_FlushTransmitFIFO)
    ETH_GetSoftwareResetStatus               0x08001a89   Thumb Code    20  stm32f4x7_eth.o(i.ETH_GetSoftwareResetStatus)
    ETH_Get_Received_Frame                   0x08001aa1   Thumb Code    64  stm32f4x7_eth.o(i.ETH_Get_Received_Frame)
    ETH_Init                                 0x08001ae9   Thumb Code   748  stm32f4x7_eth.o(i.ETH_Init)
    ETH_MACAddressConfig                     0x08001dfd   Thumb Code    46  stm32f4x7_eth.o(i.ETH_MACAddressConfig)
    ETH_MACReceptionCmd                      0x08001f59   Thumb Code    56  stm32f4x7_eth.o(i.ETH_MACReceptionCmd)
    ETH_MACTransmissionCmd                   0x08001f95   Thumb Code    56  stm32f4x7_eth.o(i.ETH_MACTransmissionCmd)
    ETH_Prepare_Transmit_Descriptors         0x08001fd1   Thumb Code   194  stm32f4x7_eth.o(i.ETH_Prepare_Transmit_Descriptors)
    ETH_ReadPHYRegister                      0x0800209d   Thumb Code    98  stm32f4x7_eth.o(i.ETH_ReadPHYRegister)
    ETH_SoftwareReset                        0x08002109   Thumb Code    14  stm32f4x7_eth.o(i.ETH_SoftwareReset)
    ETH_Start                                0x0800211d   Thumb Code    32  stm32f4x7_eth.o(i.ETH_Start)
    ETH_Stop                                 0x0800213d   Thumb Code    32  stm32f4x7_eth.o(i.ETH_Stop)
    ETH_StructInit                           0x0800215d   Thumb Code   178  stm32f4x7_eth.o(i.ETH_StructInit)
    ETH_WritePHYRegister                     0x08002211   Thumb Code    96  stm32f4x7_eth.o(i.ETH_WritePHYRegister)
    ETH_link_callback                        0x08002279   Thumb Code   218  stm32f4x7_phy.o(i.ETH_link_callback)
    FSMC_NORSRAMCmd                          0x08002371   Thumb Code    46  stm32f4xx_fsmc.o(i.FSMC_NORSRAMCmd)
    FSMC_NORSRAMInit                         0x080023a5   Thumb Code   282  stm32f4xx_fsmc.o(i.FSMC_NORSRAMInit)
    GPIO_Init                                0x0800265d   Thumb Code   144  stm32f4xx_gpio.o(i.GPIO_Init)
    GPIO_PinAFConfig                         0x080026ed   Thumb Code    70  stm32f4xx_gpio.o(i.GPIO_PinAFConfig)
    GPIO_ReadInputDataBit                    0x08002733   Thumb Code    18  stm32f4xx_gpio.o(i.GPIO_ReadInputDataBit)
    GPIO_ResetBits                           0x08002745   Thumb Code     4  stm32f4xx_gpio.o(i.GPIO_ResetBits)
    GPIO_SetBits                             0x08002749   Thumb Code     4  stm32f4xx_gpio.o(i.GPIO_SetBits)
    Get_Ads1256_Data_No_SPI                  0x0800274d   Thumb Code    34  bsp_adc.o(i.Get_Ads1256_Data_No_SPI)
    HardFault_Handler                        0x08002771   Thumb Code    16  stm32f4xx_it.o(i.HardFault_Handler)
    ILI9806G_BackLed_Control                 0x0800279d   Thumb Code    30  bsp_ili9806g_lcd.o(i.ILI9806G_BackLed_Control)
    ILI9806G_Clear                           0x080027c1   Thumb Code    40  bsp_ili9806g_lcd.o(i.ILI9806G_Clear)
    ILI9806G_DispChar_EN                     0x08002801   Thumb Code   138  bsp_ili9806g_lcd.o(i.ILI9806G_DispChar_EN)
    ILI9806G_DispStringLine_EN               0x08002899   Thumb Code    92  bsp_ili9806g_lcd.o(i.ILI9806G_DispStringLine_EN)
    ILI9806G_GramScan                        0x08002bbd   Thumb Code   176  bsp_ili9806g_lcd.o(i.ILI9806G_GramScan)
    ILI9806G_Init                            0x08002c79   Thumb Code    50  bsp_ili9806g_lcd.o(i.ILI9806G_Init)
    ILI9806G_OpenWindow                      0x08002cb9   Thumb Code    96  bsp_ili9806g_lcd.o(i.ILI9806G_OpenWindow)
    ILI9806G_Rst                             0x08003081   Thumb Code    40  bsp_ili9806g_lcd.o(i.ILI9806G_Rst)
    ILI9806G_Write_Cmd                       0x080030ad   Thumb Code     8  bsp_ili9806g_lcd.o(i.ILI9806G_Write_Cmd)
    ILI9806G_Write_Data                      0x080030b5   Thumb Code     8  bsp_ili9806g_lcd.o(i.ILI9806G_Write_Data)
    Init_ADS_GPIO_NO_SPI                     0x080030bd   Thumb Code   766  bsp_adc.o(i.Init_ADS_GPIO_NO_SPI)
    Key_GPIO_Config                          0x080033d9   Thumb Code    48  bsp_key.o(i.Key_GPIO_Config)
    LCD_Display_Init                         0x08003411   Thumb Code    66  main.o(i.LCD_Display_Init)
    LCD_Display_InitInfo                     0x08003489   Thumb Code    36  main.o(i.LCD_Display_InitInfo)
    LCD_GetFont                              0x080034b1   Thumb Code     6  bsp_ili9806g_lcd.o(i.LCD_GetFont)
    LCD_SetColors                            0x080034bd   Thumb Code    10  bsp_ili9806g_lcd.o(i.LCD_SetColors)
    LCD_SetFont                              0x080034d1   Thumb Code     6  bsp_ili9806g_lcd.o(i.LCD_SetFont)
    LED_GPIO_Config                          0x080034dd   Thumb Code    90  bsp_led.o(i.LED_GPIO_Config)
    LwIP_Init                                0x0800353d   Thumb Code   172  netconf.o(i.LwIP_Init)
    LwIP_Periodic_Handle                     0x08003695   Thumb Code    84  netconf.o(i.LwIP_Periodic_Handle)
    LwIP_Pkt_Handle                          0x080036f1   Thumb Code    10  netconf.o(i.LwIP_Pkt_Handle)
    MemManage_Handler                        0x08003701   Thumb Code     4  stm32f4xx_it.o(i.MemManage_Handler)
    NMI_Handler                              0x08003705   Thumb Code     2  stm32f4xx_it.o(i.NMI_Handler)
    NVIC_Init                                0x08003709   Thumb Code   106  misc.o(i.NVIC_Init)
    NVIC_PriorityGroupConfig                 0x08003781   Thumb Code    10  misc.o(i.NVIC_PriorityGroupConfig)
    PendSV_Handler                           0x08003795   Thumb Code     2  stm32f4xx_it.o(i.PendSV_Handler)
    RCC_AHB1PeriphClockCmd                   0x08003799   Thumb Code    26  stm32f4xx_rcc.o(i.RCC_AHB1PeriphClockCmd)
    RCC_AHB1PeriphResetCmd                   0x080037b9   Thumb Code    26  stm32f4xx_rcc.o(i.RCC_AHB1PeriphResetCmd)
    RCC_AHB3PeriphClockCmd                   0x080037d9   Thumb Code    26  stm32f4xx_rcc.o(i.RCC_AHB3PeriphClockCmd)
    RCC_APB1PeriphClockCmd                   0x080037f9   Thumb Code    26  stm32f4xx_rcc.o(i.RCC_APB1PeriphClockCmd)
    RCC_APB2PeriphClockCmd                   0x08003819   Thumb Code    26  stm32f4xx_rcc.o(i.RCC_APB2PeriphClockCmd)
    RCC_APB2PeriphResetCmd                   0x08003839   Thumb Code    26  stm32f4xx_rcc.o(i.RCC_APB2PeriphResetCmd)
    RCC_GetClocksFreq                        0x08003859   Thumb Code   214  stm32f4xx_rcc.o(i.RCC_GetClocksFreq)
    SDIO_ClearFlag                           0x08003a5d   Thumb Code     6  stm32f4xx_sdio.o(i.SDIO_ClearFlag)
    SDIO_ClearITPendingBit                   0x08003a69   Thumb Code     6  stm32f4xx_sdio.o(i.SDIO_ClearITPendingBit)
    SDIO_ClockCmd                            0x08003a75   Thumb Code     6  stm32f4xx_sdio.o(i.SDIO_ClockCmd)
    SDIO_DMACmd                              0x08003a81   Thumb Code     6  stm32f4xx_sdio.o(i.SDIO_DMACmd)
    SDIO_DataConfig                          0x08003a8d   Thumb Code    46  stm32f4xx_sdio.o(i.SDIO_DataConfig)
    SDIO_DeInit                              0x08003ac1   Thumb Code    22  stm32f4xx_sdio.o(i.SDIO_DeInit)
    SDIO_GetCommandResponse                  0x08003ad9   Thumb Code     8  stm32f4xx_sdio.o(i.SDIO_GetCommandResponse)
    SDIO_GetFlagStatus                       0x08003ae5   Thumb Code    20  stm32f4xx_sdio.o(i.SDIO_GetFlagStatus)
    SDIO_GetITStatus                         0x08003afd   Thumb Code    20  stm32f4xx_sdio.o(i.SDIO_GetITStatus)
    SDIO_GetPowerState                       0x08003b15   Thumb Code    10  stm32f4xx_sdio.o(i.SDIO_GetPowerState)
    SDIO_GetResponse                         0x08003b25   Thumb Code    20  stm32f4xx_sdio.o(i.SDIO_GetResponse)
    SDIO_IRQHandler                          0x08003b3d   Thumb Code     8  bsp_sdio_sd.o(i.SDIO_IRQHandler)
    SDIO_ITConfig                            0x08003b45   Thumb Code    26  stm32f4xx_sdio.o(i.SDIO_ITConfig)
    SDIO_Init                                0x08003b65   Thumb Code    42  stm32f4xx_sdio.o(i.SDIO_Init)
    SDIO_ReadData                            0x08003b95   Thumb Code     6  stm32f4xx_sdio.o(i.SDIO_ReadData)
    SDIO_SendCommand                         0x08003ba1   Thumb Code    40  stm32f4xx_sdio.o(i.SDIO_SendCommand)
    SDIO_SetPowerState                       0x08003bcd   Thumb Code     6  stm32f4xx_sdio.o(i.SDIO_SetPowerState)
    SD_Detect                                0x08003bd9   Thumb Code    12  bsp_sdio_sd.o(i.SD_Detect)
    SD_EnableWideBusOperation                0x08003be5   Thumb Code   136  bsp_sdio_sd.o(i.SD_EnableWideBusOperation)
    SD_GetCardInfo                           0x08003c75   Thumb Code   780  bsp_sdio_sd.o(i.SD_GetCardInfo)
    SD_GetState                              0x08003f91   Thumb Code    38  bsp_sdio_sd.o(i.SD_GetState)
    SD_GetStatus                             0x08003fb7   Thumb Code    30  bsp_sdio_sd.o(i.SD_GetStatus)
    SD_Init                                  0x08003fd5   Thumb Code   182  bsp_sdio_sd.o(i.SD_Init)
    SD_InitializeCards                       0x08004095   Thumb Code   294  bsp_sdio_sd.o(i.SD_InitializeCards)
    SD_LowLevel_DMA_RxConfig                 0x080041d1   Thumb Code   136  bsp_sdio_sd.o(i.SD_LowLevel_DMA_RxConfig)
    SD_LowLevel_DMA_TxConfig                 0x08004261   Thumb Code   136  bsp_sdio_sd.o(i.SD_LowLevel_DMA_TxConfig)
    SD_LowLevel_Init                         0x080042f1   Thumb Code   156  bsp_sdio_sd.o(i.SD_LowLevel_Init)
    SD_PowerON                               0x08004395   Thumb Code   400  bsp_sdio_sd.o(i.SD_PowerON)
    SD_ProcessDMAIRQ                         0x08004535   Thumb Code    32  bsp_sdio_sd.o(i.SD_ProcessDMAIRQ)
    SD_ProcessIRQSrc                         0x0800455d   Thumb Code   162  bsp_sdio_sd.o(i.SD_ProcessIRQSrc)
    SD_ReadMultiBlocks                       0x08004609   Thumb Code   220  bsp_sdio_sd.o(i.SD_ReadMultiBlocks)
    SD_SelectDeselect                        0x08004701   Thumb Code    50  bsp_sdio_sd.o(i.SD_SelectDeselect)
    SD_SendStatus                            0x08004739   Thumb Code    74  bsp_sdio_sd.o(i.SD_SendStatus)
    SD_StopTransfer                          0x0800478d   Thumb Code    46  bsp_sdio_sd.o(i.SD_StopTransfer)
    SD_WaitReadOperation                     0x080047c1   Thumb Code   108  bsp_sdio_sd.o(i.SD_WaitReadOperation)
    SD_WaitWriteOperation                    0x08004841   Thumb Code   108  bsp_sdio_sd.o(i.SD_WaitWriteOperation)
    SD_WriteMultiBlocks                      0x080048c1   Thumb Code   312  bsp_sdio_sd.o(i.SD_WriteMultiBlocks)
    SVC_Handler                              0x08004a19   Thumb Code     2  stm32f4xx_it.o(i.SVC_Handler)
    SYSCFG_ETH_MediaInterfaceConfig          0x08004a1d   Thumb Code     6  stm32f4xx_syscfg.o(i.SYSCFG_ETH_MediaInterfaceConfig)
    SysTick_CLKSourceConfig                  0x08004b15   Thumb Code    40  misc.o(i.SysTick_CLKSourceConfig)
    SysTick_Handler                          0x08004b3d   Thumb Code     8  stm32f4xx_it.o(i.SysTick_Handler)
    SysTick_Init                             0x08004b45   Thumb Code    88  bsp_systick.o(i.SysTick_Init)
    SystemInit                               0x08004ba9   Thumb Code    88  system_stm32f4xx.o(i.SystemInit)
    TIM3_IRQHandler                          0x08004c6d   Thumb Code    42  main.o(i.TIM3_IRQHandler)
    TIM4_IRQHandler                          0x08004cf5   Thumb Code    64  main.o(i.TIM4_IRQHandler)
    TIM_ClearITPendingBit                    0x08004d45   Thumb Code     6  stm32f4xx_tim.o(i.TIM_ClearITPendingBit)
    TIM_Cmd                                  0x08004d4b   Thumb Code    24  stm32f4xx_tim.o(i.TIM_Cmd)
    TIM_GetITStatus                          0x08004d63   Thumb Code    34  stm32f4xx_tim.o(i.TIM_GetITStatus)
    TIM_ITConfig                             0x08004d85   Thumb Code    18  stm32f4xx_tim.o(i.TIM_ITConfig)
    TIM_TimeBaseInit                         0x08004d99   Thumb Code   104  stm32f4xx_tim.o(i.TIM_TimeBaseInit)
    TimingDelay_Decrement                    0x08004e1d   Thumb Code    18  bsp_systick.o(i.TimingDelay_Decrement)
    USART_Cmd                                0x08004e35   Thumb Code    24  stm32f4xx_usart.o(i.USART_Cmd)
    USART_GetFlagStatus                      0x08004e4d   Thumb Code    26  stm32f4xx_usart.o(i.USART_GetFlagStatus)
    USART_Init                               0x08004e69   Thumb Code   204  stm32f4xx_usart.o(i.USART_Init)
    USART_SendData                           0x08004f3d   Thumb Code     8  stm32f4xx_usart.o(i.USART_SendData)
    UsageFault_Handler                       0x08004f45   Thumb Code     4  stm32f4xx_it.o(i.UsageFault_Handler)
    __0printf                                0x08004f49   Thumb Code    22  printfa.o(i.__0printf)
    __1printf                                0x08004f49   Thumb Code     0  printfa.o(i.__0printf)
    __2printf                                0x08004f49   Thumb Code     0  printfa.o(i.__0printf)
    __c89printf                              0x08004f49   Thumb Code     0  printfa.o(i.__0printf)
    printf                                   0x08004f49   Thumb Code     0  printfa.o(i.__0printf)
    __0sprintf                               0x08004f69   Thumb Code    34  printfa.o(i.__0sprintf)
    __1sprintf                               0x08004f69   Thumb Code     0  printfa.o(i.__0sprintf)
    __2sprintf                               0x08004f69   Thumb Code     0  printfa.o(i.__0sprintf)
    __c89sprintf                             0x08004f69   Thumb Code     0  printfa.o(i.__0sprintf)
    sprintf                                  0x08004f69   Thumb Code     0  printfa.o(i.__0sprintf)
    __aeabi_errno_addr                       0x08004f91   Thumb Code     4  errno.o(i.__aeabi_errno_addr)
    __rt_errno_addr                          0x08004f91   Thumb Code     0  errno.o(i.__aeabi_errno_addr)
    __scatterload_copy                       0x08004f99   Thumb Code    14  handlers.o(i.__scatterload_copy)
    __scatterload_null                       0x08004fa7   Thumb Code     2  handlers.o(i.__scatterload_null)
    __scatterload_zeroinit                   0x08004fa9   Thumb Code    14  handlers.o(i.__scatterload_zeroinit)
    clust2sect                               0x080058f9   Thumb Code    26  ff.o(i.clust2sect)
    delay_init                               0x08005cfd   Thumb Code    52  delay.o(i.delay_init)
    delay_ms                                 0x08005d39   Thumb Code    56  delay.o(i.delay_ms)
    delay_us                                 0x08005d71   Thumb Code    72  delay.o(i.delay_us)
    delay_xms                                0x08005dbd   Thumb Code    72  delay.o(i.delay_xms)
    dhcp_arp_reply                           0x08005e09   Thumb Code    46  dhcp.o(i.dhcp_arp_reply)
    dhcp_network_changed                     0x080060f1   Thumb Code    80  dhcp.o(i.dhcp_network_changed)
    disk_initialize                          0x08006747   Thumb Code    42  diskio.o(i.disk_initialize)
    disk_ioctl                               0x08006771   Thumb Code   102  diskio.o(i.disk_ioctl)
    disk_read                                0x080067dd   Thumb Code   180  diskio.o(i.disk_read)
    disk_status                              0x08006891   Thumb Code    28  diskio.o(i.disk_status)
    disk_write                               0x080068ad   Thumb Code   186  diskio.o(i.disk_write)
    etharp_cleanup_netif                     0x08006a75   Thumb Code    52  etharp.o(i.etharp_cleanup_netif)
    etharp_output                            0x08006c4d   Thumb Code   314  etharp.o(i.etharp_output)
    etharp_query                             0x08006e01   Thumb Code   338  etharp.o(i.etharp_query)
    etharp_request                           0x08007011   Thumb Code    36  etharp.o(i.etharp_request)
    etharp_tmr                               0x08007075   Thumb Code   136  etharp.o(i.etharp_tmr)
    ethernet_input                           0x080071b9   Thumb Code   178  etharp.o(i.ethernet_input)
    ethernetif_init                          0x08007271   Thumb Code    38  ethernetif.o(i.ethernetif_init)
    ethernetif_input                         0x080072a1   Thumb Code    42  ethernetif.o(i.ethernetif_input)
    f_close                                  0x080072cb   Thumb Code    32  ff.o(i.f_close)
    f_mkfs                                   0x080072ed   Thumb Code  1622  ff.o(i.f_mkfs)
    f_mount                                  0x08007971   Thumb Code    86  ff.o(i.f_mount)
    f_open                                   0x080079cd   Thumb Code   382  ff.o(i.f_open)
    f_read                                   0x08007b4b   Thumb Code   464  ff.o(i.f_read)
    f_sync                                   0x08007d1b   Thumb Code   176  ff.o(i.f_sync)
    f_write                                  0x08007dcb   Thumb Code   524  ff.o(i.f_write)
    ff_convert                               0x08007fd9   Thumb Code   116  cc936.o(i.ff_convert)
    ff_wtoupper                              0x08008055   Thumb Code    84  cc936.o(i.ff_wtoupper)
    fputc                                    0x08008599   Thumb Code    32  bsp_debug_usart.o(i.fputc)
    get_fat                                  0x08008689   Thumb Code   318  ff.o(i.get_fat)
    get_fattime                              0x080087c9   Thumb Code     4  diskio.o(i.get_fattime)
    icmp_dest_unreach                        0x0800881b   Thumb Code    18  icmp.o(i.icmp_dest_unreach)
    icmp_input                               0x0800882d   Thumb Code   340  icmp.o(i.icmp_input)
    icmp_time_exceeded                       0x080089f9   Thumb Code    18  icmp.o(i.icmp_time_exceeded)
    inet_chksum                              0x08008a0b   Thumb Code    20  inet_chksum.o(i.inet_chksum)
    inet_chksum_pbuf                         0x08008a1f   Thumb Code    86  inet_chksum.o(i.inet_chksum_pbuf)
    ip4_addr_isbroadcast                     0x08008a75   Thumb Code    78  ip_addr.o(i.ip4_addr_isbroadcast)
    ip_frag                                  0x08008ac5   Thumb Code   424  ip_frag.o(i.ip_frag)
    ip_input                                 0x08008c8d   Thumb Code   406  ip.o(i.ip_input)
    ip_output                                0x08008e39   Thumb Code    56  ip.o(i.ip_output)
    ip_output_if                             0x08008e71   Thumb Code   192  ip.o(i.ip_output_if)
    ip_reass                                 0x08008f35   Thumb Code   386  ip_frag.o(i.ip_reass)
    ip_route                                 0x080093c1   Thumb Code    76  ip.o(i.ip_route)
    lwip_htonl                               0x08009695   Thumb Code    26  def.o(i.lwip_htonl)
    lwip_htons                               0x080096af   Thumb Code    12  def.o(i.lwip_htons)
    lwip_ntohl                               0x080096bb   Thumb Code    12  def.o(i.lwip_ntohl)
    lwip_ntohs                               0x080096c7   Thumb Code    12  def.o(i.lwip_ntohs)
    main                                     0x08009731   Thumb Code   430  main.o(i.main)
    mcu_connect_udp_server                   0x08009b3d   Thumb Code    28  main.o(i.mcu_connect_udp_server)
    mcu_open_savefile                        0x08009b75   Thumb Code    74  main.o(i.mcu_open_savefile)
    mcu_save_ads1256data                     0x08009c45   Thumb Code    64  main.o(i.mcu_save_ads1256data)
    mcu_save_ads1256data_left                0x08009c99   Thumb Code    66  main.o(i.mcu_save_ads1256data_left)
    mcu_xmit_ads1256data                     0x08009cf1   Thumb Code   450  main.o(i.mcu_xmit_ads1256data)
    mem_free                                 0x08009fdd   Thumb Code    68  mem.o(i.mem_free)
    mem_init                                 0x0800a02d   Thumb Code    74  mem.o(i.mem_init)
    mem_malloc                               0x0800a089   Thumb Code   222  mem.o(i.mem_malloc)
    mem_trim                                 0x0800a189   Thumb Code   288  mem.o(i.mem_trim)
    memp_free                                0x0800a2b5   Thumb Code    28  memp.o(i.memp_free)
    memp_init                                0x0800a2d5   Thumb Code    82  memp.o(i.memp_init)
    memp_malloc                              0x0800a339   Thumb Code    40  memp.o(i.memp_malloc)
    netif_add                                0x0800a551   Thumb Code   104  netif.o(i.netif_add)
    netif_set_addr                           0x0800a5c1   Thumb Code    34  netif.o(i.netif_set_addr)
    netif_set_default                        0x0800a5e5   Thumb Code     6  netif.o(i.netif_set_default)
    netif_set_down                           0x0800a5f1   Thumb Code    42  netif.o(i.netif_set_down)
    netif_set_gw                             0x0800a61b   Thumb Code    12  netif.o(i.netif_set_gw)
    netif_set_ipaddr                         0x0800a627   Thumb Code    12  netif.o(i.netif_set_ipaddr)
    netif_set_link_callback                  0x0800a633   Thumb Code     6  netif.o(i.netif_set_link_callback)
    netif_set_link_down                      0x0800a639   Thumb Code    42  netif.o(i.netif_set_link_down)
    netif_set_link_up                        0x0800a663   Thumb Code    80  netif.o(i.netif_set_link_up)
    netif_set_netmask                        0x0800a6b3   Thumb Code    12  netif.o(i.netif_set_netmask)
    netif_set_up                             0x0800a6bf   Thumb Code    54  netif.o(i.netif_set_up)
    pbuf_alloc                               0x0800a6f5   Thumb Code   402  pbuf.o(i.pbuf_alloc)
    pbuf_alloced_custom                      0x0800a887   Thumb Code   108  pbuf.o(i.pbuf_alloced_custom)
    pbuf_cat                                 0x0800a8f3   Thumb Code    56  pbuf.o(i.pbuf_cat)
    pbuf_chain                               0x0800a92b   Thumb Code    22  pbuf.o(i.pbuf_chain)
    pbuf_clen                                0x0800a941   Thumb Code    18  pbuf.o(i.pbuf_clen)
    pbuf_copy                                0x0800a953   Thumb Code   192  pbuf.o(i.pbuf_copy)
    pbuf_free                                0x0800aa13   Thumb Code   134  pbuf.o(i.pbuf_free)
    pbuf_header                              0x0800aa99   Thumb Code   126  pbuf.o(i.pbuf_header)
    pbuf_realloc                             0x0800ab17   Thumb Code   120  pbuf.o(i.pbuf_realloc)
    pbuf_ref                                 0x0800ab8f   Thumb Code    10  pbuf.o(i.pbuf_ref)
    pbuf_take                                0x0800ab99   Thumb Code   116  pbuf.o(i.pbuf_take)
    put_fat                                  0x0800ac95   Thumb Code   392  ff.o(i.put_fat)
    raw_input                                0x0800ae1d   Thumb Code   102  raw.o(i.raw_input)
    udp_bind                                 0x0800b049   Thumb Code   122  udp.o(i.udp_bind)
    udp_connect                              0x0800b0c9   Thumb Code    94  udp.o(i.udp_connect)
    udp_echoclient_connect                   0x0800b12d   Thumb Code   176  udp_echoclient.o(i.udp_echoclient_connect)
    udp_input                                0x0800b27d   Thumb Code   450  udp.o(i.udp_input)
    udp_new                                  0x0800b44d   Thumb Code    28  udp.o(i.udp_new)
    udp_receive_callback                     0x0800b4c1   Thumb Code   146  udp_echoclient.o(i.udp_receive_callback)
    udp_recv                                 0x0800b5c9   Thumb Code     6  udp.o(i.udp_recv)
    udp_remove                               0x0800b5d1   Thumb Code    60  udp.o(i.udp_remove)
    udp_send                                 0x0800b611   Thumb Code    20  udp.o(i.udp_send)
    udp_sendto                               0x0800b625   Thumb Code    46  udp.o(i.udp_sendto)
    udp_sendto_if                            0x0800b653   Thumb Code   206  udp.o(i.udp_sendto_if)
    udp_xmit_ads1256data                     0x0800b721   Thumb Code   152  udp_echoclient.o(i.udp_xmit_ads1256data)
    udp_xmit_flag                            0x0800b7c1   Thumb Code    82  udp_echoclient.o(i.udp_xmit_flag)
    ASCII8x16_Table                          0x08036a06   Data        1520  fonts.o(.constdata)
    ASCII16x32_Table                         0x08036ff6   Data        6080  fonts.o(.constdata)
    ASCII24x48_Table                         0x080387b6   Data       13680  fonts.o(.constdata)
    ip_addr_any                              0x0803bd28   Data           4  ip_addr.o(.constdata)
    ip_addr_broadcast                        0x0803bd2c   Data           4  ip_addr.o(.constdata)
    ethbroadcast                             0x0803bd48   Data           6  etharp.o(.constdata)
    ethzero                                  0x0803bd4e   Data           6  etharp.o(.constdata)
    __ctype_table                            0x0803bd54   Data         129  ctype_o.o(.constdata)
    Region$$Table$$Base                      0x0803bea8   Number         0  anon$$obj.o(Region$$Table)
    Region$$Table$$Limit                     0x0803bec8   Number         0  anon$$obj.o(Region$$Table)
    SystemCoreClock                          0x20000000   Data           4  system_stm32f4xx.o(.data)
    AHBPrescTable                            0x20000004   Data          16  system_stm32f4xx.o(.data)
    LocalTime                                0x20000028   Data           8  main.o(.data)
    KEEPALIVETime                            0x20000030   Data           4  main.o(.data)
    KEEPCONNECTTime                          0x20000038   Data           8  main.o(.data)
    res_sd                                   0x20000040   Data           1  main.o(.data)
    fnum                                     0x20000044   Data           4  main.o(.data)
    ads1256_sd                               0x20000048   Data           1  main.o(.data)
    ReadADSVolutage                          0x20000050   Data         400  main.o(.data)
    Start_ADC_Flag                           0x200001e4   Data           4  main.o(.data)
    Coll_Duration                            0x200001ec   Data           4  main.o(.data)
    TCPTimer                                 0x20000200   Data           8  netconf.o(.data)
    ARPTimer                                 0x20000208   Data           8  netconf.o(.data)
    LinkTimer                                0x20000210   Data           8  netconf.o(.data)
    IPaddress                                0x20000218   Data           4  netconf.o(.data)
    Font8x16                                 0x2000022c   Data           8  fonts.o(.data)
    Font16x32                                0x20000234   Data           8  fonts.o(.data)
    Font24x48                                0x2000023c   Data           8  fonts.o(.data)
    LCD_X_LENGTH                             0x20000244   Data           2  bsp_ili9806g_lcd.o(.data)
    LCD_Y_LENGTH                             0x20000246   Data           2  bsp_ili9806g_lcd.o(.data)
    LCD_SCAN_MODE                            0x20000248   Data           1  bsp_ili9806g_lcd.o(.data)
    StopCondition                            0x2000025c   Data           4  bsp_sdio_sd.o(.data)
    TransferError                            0x20000260   Data           1  bsp_sdio_sd.o(.data)
    TransferEnd                              0x20000264   Data           4  bsp_sdio_sd.o(.data)
    DMAEndOfTransfer                         0x20000268   Data           4  bsp_sdio_sd.o(.data)
    message_count_udp                        0x2000026c   Data           4  udp_echoclient.o(.data)
    upcb                                     0x20000270   Data           4  udp_echoclient.o(.data)
    Connect_Server_Flag                      0x20000274   Data           4  udp_echoclient.o(.data)
    DMATxDescToSet                           0x2000027c   Data           4  stm32f4x7_eth.o(.data)
    DMARxDescToGet                           0x20000280   Data           4  stm32f4x7_eth.o(.data)
    DMA_RX_FRAME_infos                       0x20000284   Data           4  stm32f4x7_eth.o(.data)
    Frame_Rx_index                           0x20000288   Data           4  stm32f4x7_eth.o(.data)
    EthStatus                                0x2000028c   Data           4  stm32f4x7_phy.o(.data)
    EthLinkStatus                            0x20000290   Data           1  stm32f4x7_phy.o(.data)
    current_netif                            0x20000294   Data           4  ip.o(.data)
    current_header                           0x20000298   Data           4  ip.o(.data)
    current_iphdr_src                        0x2000029c   Data           4  ip.o(.data)
    current_iphdr_dest                       0x200002a0   Data           4  ip.o(.data)
    netif_list                               0x200002c0   Data           4  netif.o(.data)
    netif_default                            0x200002c4   Data           4  netif.o(.data)
    udp_pcbs                                 0x200002d4   Data           4  udp.o(.data)
    __stdout                                 0x200002e0   Data           4  stdout.o(.data)
    fs                                       0x200002e8   Data        4144  main.o(.bss)
    adsfnew                                  0x20001318   Data       12396  main.o(.bss)
    Ad_Data_Save                             0x20004384   Data       12288  main.o(.bss)
    Ad_Data_Read                             0x20007384   Data         200  main.o(.bss)
    gnetif                                   0x2000744c   Data          56  netconf.o(.bss)
    ds                                       0x20007484   Data          11  bsp_adc.o(.bss)
    Ad_Result                                0x20007490   Data          12  bsp_adc.o(.bss)
    SDCardInfo                               0x200074d0   Data          88  bsp_sdio_sd.o(.bss)
    SDIO_InitStructure                       0x20007528   Data          24  bsp_sdio_sd.o(.bss)
    SDIO_CmdInitStructure                    0x20007540   Data          20  bsp_sdio_sd.o(.bss)
    SDIO_DataInitStructure                   0x20007554   Data          24  bsp_sdio_sd.o(.bss)
    data_udp                                 0x2000756c   Data         100  udp_echoclient.o(.bss)
    DMARxDscrTab                             0x200075d0   Data         128  stm32f4x7_eth.o(.bss)
    DMATxDscrTab                             0x20007650   Data         128  stm32f4x7_eth.o(.bss)
    Rx_Buff                                  0x200076d0   Data        6096  stm32f4x7_eth.o(.bss)
    Tx_Buff                                  0x20008ea0   Data        6096  stm32f4x7_eth.o(.bss)
    RX_Frame_Descriptor                      0x2000a670   Data          12  stm32f4x7_eth.o(.bss)
    ETH_InitStructure                        0x2000a67c   Data         188  stm32f4x7_phy.o(.bss)
    ram_heap                                 0x2000a738   Data       51220  mem.o(.bss)
    __initial_sp                             0x2001d5e8   Data           0  startup_stm32f40xx.o(STACK)



==============================================================================

Memory Map of the image

  Image Entry point : 0x08000189

  Load Region LR_IROM1 (Base: 0x08000000, Size: 0x0003c1b0, Max: 0x00100000, ABSOLUTE, COMPRESSED[0x0003bf14])

    Execution Region ER_IROM1 (Base: 0x08000000, Size: 0x0003bec8, Max: 0x00100000, ABSOLUTE)

    Base Addr    Size         Type   Attr      Idx    E Section Name        Object

    0x08000000   0x00000188   Data   RO            3    RESET               startup_stm32f40xx.o
    0x08000188   0x00000000   Code   RO         8742  * .ARM.Collect$$$$00000000  mc_w.l(entry.o)
    0x08000188   0x00000004   Code   RO         9036    .ARM.Collect$$$$00000001  mc_w.l(entry2.o)
    0x0800018c   0x00000004   Code   RO         9039    .ARM.Collect$$$$00000004  mc_w.l(entry5.o)
    0x08000190   0x00000000   Code   RO         9041    .ARM.Collect$$$$00000008  mc_w.l(entry7b.o)
    0x08000190   0x00000000   Code   RO         9043    .ARM.Collect$$$$0000000A  mc_w.l(entry8b.o)
    0x08000190   0x00000008   Code   RO         9044    .ARM.Collect$$$$0000000B  mc_w.l(entry9a.o)
    0x08000198   0x00000000   Code   RO         9046    .ARM.Collect$$$$0000000D  mc_w.l(entry10a.o)
    0x08000198   0x00000000   Code   RO         9048    .ARM.Collect$$$$0000000F  mc_w.l(entry11a.o)
    0x08000198   0x00000004   Code   RO         9037    .ARM.Collect$$$$00002712  mc_w.l(entry2.o)
    0x0800019c   0x00000024   Code   RO            4    .text               startup_stm32f40xx.o
    0x080001c0   0x00000062   Code   RO         8745    .text               mc_w.l(uldiv.o)
    0x08000222   0x00000024   Code   RO         8747    .text               mc_w.l(memcpya.o)
    0x08000246   0x00000024   Code   RO         8749    .text               mc_w.l(memseta.o)
    0x0800026a   0x0000000e   Code   RO         8751    .text               mc_w.l(strlen.o)
    0x08000278   0x0000001c   Code   RO         8753    .text               mc_w.l(strcmp.o)
    0x08000294   0x0000001a   Code   RO         8755    .text               mc_w.l(memcmp.o)
    0x080002ae   0x00000012   Code   RO         8757    .text               mc_w.l(strcpy.o)
    0x080002c0   0x00000044   Code   RO         8759    .text               mc_w.l(strtok.o)
    0x08000304   0x0000001a   Code   RO         9028    .text               mc_w.l(atoi.o)
    0x0800031e   0x000000e4   Code   RO         9030    .text               mf_w.l(dmul.o)
    0x08000402   0x000000de   Code   RO         9032    .text               mf_w.l(ddiv.o)
    0x080004e0   0x0000001a   Code   RO         9034    .text               mf_w.l(dfltui.o)
    0x080004fa   0x0000002c   Code   RO         9051    .text               mc_w.l(uidiv.o)
    0x08000526   0x0000001e   Code   RO         9053    .text               mc_w.l(llshl.o)
    0x08000544   0x00000020   Code   RO         9055    .text               mc_w.l(llushr.o)
    0x08000564   0x00000070   Code   RO         9064    .text               mc_w.l(strtol.o)
    0x080005d4   0x00000000   Code   RO         9066    .text               mc_w.l(iusefp.o)
    0x080005d4   0x000000ba   Code   RO         9067    .text               mf_w.l(depilogue.o)
    0x0800068e   0x0000014e   Code   RO         9069    .text               mf_w.l(dadd.o)
    0x080007dc   0x00000030   Code   RO         9071    .text               mf_w.l(dfixul.o)
    0x0800080c   0x00000030   Code   RO         9073    .text               mf_w.l(cdrcmple.o)
    0x0800083c   0x00000024   Code   RO         9075    .text               mc_w.l(init.o)
    0x08000860   0x00000024   Code   RO         9077    .text               mc_w.l(llsshr.o)
    0x08000884   0x00000008   Code   RO         9079    .text               mc_w.l(ctype_o.o)
    0x0800088c   0x0000009e   Code   RO         9107    .text               mc_w.l(_strtoul.o)
    0x0800092a   0x0000001c   Code   RO         9109    .text               mc_w.l(_chval.o)
    0x08000946   0x00000056   Code   RO         9119    .text               mc_w.l(__dczerorl2.o)
    0x0800099c   0x00000100   Code   RO         5384    i.ADS1256_Init_No_SPI  bsp_adc.o
    0x08000a9c   0x00000064   Code   RO         5385    i.ADS1256_Read_Chip1_Byte  bsp_adc.o
    0x08000b00   0x00000064   Code   RO         5386    i.ADS1256_Read_Chip2_Byte  bsp_adc.o
    0x08000b64   0x0000006c   Code   RO         5387    i.ADS1256_Read_Chip3_Byte  bsp_adc.o
    0x08000bd0   0x00000114   Code   RO         5388    i.ADS1256_Read_dat  bsp_adc.o
    0x08000ce4   0x00000060   Code   RO         5389    i.ADS1256_Write_Chip1_Byte  bsp_adc.o
    0x08000d44   0x00000044   Code   RO         5390    i.ADS1256_Write_Chip1_Reg  bsp_adc.o
    0x08000d88   0x00000064   Code   RO         5391    i.ADS1256_Write_Chip2_Byte  bsp_adc.o
    0x08000dec   0x00000044   Code   RO         5392    i.ADS1256_Write_Chip2_Reg  bsp_adc.o
    0x08000e30   0x00000068   Code   RO         5393    i.ADS1256_Write_Chip3_Byte  bsp_adc.o
    0x08000e98   0x00000044   Code   RO         5394    i.ADS1256_Write_Chip3_Reg  bsp_adc.o
    0x08000edc   0x00000148   Code   RO         6557    i.Analysis_Cmd_Data  udp_echoclient.o
    0x08001024   0x00000004   Code   RO         5165    i.BusFault_Handler  stm32f4xx_it.o
    0x08001028   0x0000002c   Code   RO         6229    i.CmdError          bsp_sdio_sd.o
    0x08001054   0x00000134   Code   RO         6230    i.CmdResp1Error     bsp_sdio_sd.o
    0x08001188   0x0000004c   Code   RO         6231    i.CmdResp2Error     bsp_sdio_sd.o
    0x080011d4   0x00000038   Code   RO         6232    i.CmdResp3Error     bsp_sdio_sd.o
    0x0800120c   0x0000009c   Code   RO         6233    i.CmdResp6Error     bsp_sdio_sd.o
    0x080012a8   0x0000004c   Code   RO         6234    i.CmdResp7Error     bsp_sdio_sd.o
    0x080012f4   0x00000008   Code   RO         6235    i.DMA2_Stream3_IRQHandler  bsp_sdio_sd.o
    0x080012fc   0x00000034   Code   RO         1211    i.DMA_ClearFlag     stm32f4xx_dma.o
    0x08001330   0x00000016   Code   RO         1213    i.DMA_Cmd           stm32f4xx_dma.o
    0x08001346   0x00000002   PAD
    0x08001348   0x00000158   Code   RO         1214    i.DMA_DeInit        stm32f4xx_dma.o
    0x080014a0   0x00000016   Code   RO         1217    i.DMA_FlowControllerConfig  stm32f4xx_dma.o
    0x080014b6   0x0000003a   Code   RO         1224    i.DMA_ITConfig      stm32f4xx_dma.o
    0x080014f0   0x00000058   Code   RO         1225    i.DMA_Init          stm32f4xx_dma.o
    0x08001548   0x000000c0   Code   RO         4900    i.Data_Collection_And_Xmit  main.o
    0x08001608   0x00000002   Code   RO         5166    i.DebugMon_Handler  stm32f4xx_it.o
    0x0800160a   0x00000002   PAD
    0x0800160c   0x00000098   Code   RO         6679    i.Debug_USART_Config  bsp_debug_usart.o
    0x080016a4   0x00000012   Code   RO         4901    i.Delay             main.o
    0x080016b6   0x00000012   Code   RO         6009    i.Delay             bsp_ili9806g_lcd.o
    0x080016c8   0x00000018   Code   RO         6637    i.Delay_10ms        bsp_systick.o
    0x080016e0   0x0000002c   Code   RO         7304    i.ETH_BSP_Config    stm32f4x7_phy.o
    0x0800170c   0x000000dc   Code   RO         6776    i.ETH_CheckFrameReceived  stm32f4x7_eth.o
    0x080017e8   0x0000004c   Code   RO         7305    i.ETH_CheckLinkStatus  stm32f4x7_phy.o
    0x08001834   0x00000024   Code   RO         6780    i.ETH_DMAReceptionCmd  stm32f4x7_eth.o
    0x08001858   0x00000064   Code   RO         6781    i.ETH_DMARxDescChainInit  stm32f4x7_eth.o
    0x080018bc   0x00000024   Code   RO         6783    i.ETH_DMATransmissionCmd  stm32f4x7_eth.o
    0x080018e0   0x00000050   Code   RO         6786    i.ETH_DMATxDescChainInit  stm32f4x7_eth.o
    0x08001930   0x00000008   Code   RO         6787    i.ETH_DMATxDescChecksumInsertionConfig  stm32f4x7_eth.o
    0x08001938   0x00000016   Code   RO         6792    i.ETH_DeInit        stm32f4x7_eth.o
    0x0800194e   0x00000002   PAD
    0x08001950   0x0000002c   Code   RO         6794    i.ETH_FlushTransmitFIFO  stm32f4x7_eth.o
    0x0800197c   0x0000010c   Code   RO         7306    i.ETH_GPIO_Config   stm32f4x7_phy.o
    0x08001a88   0x00000018   Code   RO         6820    i.ETH_GetSoftwareResetStatus  stm32f4x7_eth.o
    0x08001aa0   0x00000048   Code   RO         6822    i.ETH_Get_Received_Frame  stm32f4x7_eth.o
    0x08001ae8   0x00000314   Code   RO         6825    i.ETH_Init          stm32f4x7_eth.o
    0x08001dfc   0x00000034   Code   RO         6827    i.ETH_MACAddressConfig  stm32f4x7_eth.o
    0x08001e30   0x00000128   Code   RO         7307    i.ETH_MACDMA_Config  stm32f4x7_phy.o
    0x08001f58   0x0000003c   Code   RO         6832    i.ETH_MACReceptionCmd  stm32f4x7_eth.o
    0x08001f94   0x0000003c   Code   RO         6833    i.ETH_MACTransmissionCmd  stm32f4x7_eth.o
    0x08001fd0   0x000000cc   Code   RO         6844    i.ETH_Prepare_Transmit_Descriptors  stm32f4x7_eth.o
    0x0800209c   0x0000006c   Code   RO         6845    i.ETH_ReadPHYRegister  stm32f4x7_eth.o
    0x08002108   0x00000014   Code   RO         6853    i.ETH_SoftwareReset  stm32f4x7_eth.o
    0x0800211c   0x00000020   Code   RO         6854    i.ETH_Start         stm32f4x7_eth.o
    0x0800213c   0x00000020   Code   RO         6855    i.ETH_Stop          stm32f4x7_eth.o
    0x0800215c   0x000000b2   Code   RO         6856    i.ETH_StructInit    stm32f4x7_eth.o
    0x0800220e   0x00000002   PAD
    0x08002210   0x00000068   Code   RO         6858    i.ETH_WritePHYRegister  stm32f4x7_eth.o
    0x08002278   0x000000f8   Code   RO         7308    i.ETH_link_callback  stm32f4x7_phy.o
    0x08002370   0x00000034   Code   RO         1867    i.FSMC_NORSRAMCmd   stm32f4xx_fsmc.o
    0x080023a4   0x00000124   Code   RO         1869    i.FSMC_NORSRAMInit  stm32f4xx_fsmc.o
    0x080024c8   0x00000194   Code   RO         6236    i.FindSCR           bsp_sdio_sd.o
    0x0800265c   0x00000090   Code   RO         1992    i.GPIO_Init         stm32f4xx_gpio.o
    0x080026ec   0x00000046   Code   RO         1993    i.GPIO_PinAFConfig  stm32f4xx_gpio.o
    0x08002732   0x00000012   Code   RO         1996    i.GPIO_ReadInputDataBit  stm32f4xx_gpio.o
    0x08002744   0x00000004   Code   RO         1999    i.GPIO_ResetBits    stm32f4xx_gpio.o
    0x08002748   0x00000004   Code   RO         2000    i.GPIO_SetBits      stm32f4xx_gpio.o
    0x0800274c   0x00000022   Code   RO         5395    i.Get_Ads1256_Data_No_SPI  bsp_adc.o
    0x0800276e   0x00000002   PAD
    0x08002770   0x0000002c   Code   RO         5167    i.HardFault_Handler  stm32f4xx_it.o
    0x0800279c   0x00000024   Code   RO         6010    i.ILI9806G_BackLed_Control  bsp_ili9806g_lcd.o
    0x080027c0   0x0000002c   Code   RO         6011    i.ILI9806G_Clear    bsp_ili9806g_lcd.o
    0x080027ec   0x00000012   Code   RO         6013    i.ILI9806G_Delay    bsp_ili9806g_lcd.o
    0x080027fe   0x00000002   PAD
    0x08002800   0x00000098   Code   RO         6014    i.ILI9806G_DispChar_EN  bsp_ili9806g_lcd.o
    0x08002898   0x00000068   Code   RO         6015    i.ILI9806G_DispStringLine_EN  bsp_ili9806g_lcd.o
    0x08002900   0x00000060   Code   RO         6021    i.ILI9806G_FSMC_Config  bsp_ili9806g_lcd.o
    0x08002960   0x00000020   Code   RO         6022    i.ILI9806G_FillColor  bsp_ili9806g_lcd.o
    0x08002980   0x0000023c   Code   RO         6023    i.ILI9806G_GPIO_Config  bsp_ili9806g_lcd.o
    0x08002bbc   0x000000bc   Code   RO         6025    i.ILI9806G_GramScan  bsp_ili9806g_lcd.o
    0x08002c78   0x00000040   Code   RO         6026    i.ILI9806G_Init     bsp_ili9806g_lcd.o
    0x08002cb8   0x00000060   Code   RO         6027    i.ILI9806G_OpenWindow  bsp_ili9806g_lcd.o
    0x08002d18   0x00000368   Code   RO         6028    i.ILI9806G_REG_Config  bsp_ili9806g_lcd.o
    0x08003080   0x0000002c   Code   RO         6030    i.ILI9806G_Rst      bsp_ili9806g_lcd.o
    0x080030ac   0x00000008   Code   RO         6196    i.ILI9806G_Write_Cmd  bsp_ili9806g_lcd.o
    0x080030b4   0x00000008   Code   RO         6201    i.ILI9806G_Write_Data  bsp_ili9806g_lcd.o
    0x080030bc   0x0000031c   Code   RO         5398    i.Init_ADS_GPIO_NO_SPI  bsp_adc.o
    0x080033d8   0x00000038   Code   RO         6715    i.Key_GPIO_Config   bsp_key.o
    0x08003410   0x00000078   Code   RO         4905    i.LCD_Display_Init  main.o
    0x08003488   0x00000028   Code   RO         4906    i.LCD_Display_InitInfo  main.o
    0x080034b0   0x0000000c   Code   RO         6034    i.LCD_GetFont       bsp_ili9806g_lcd.o
    0x080034bc   0x00000014   Code   RO         6036    i.LCD_SetColors     bsp_ili9806g_lcd.o
    0x080034d0   0x0000000c   Code   RO         6037    i.LCD_SetFont       bsp_ili9806g_lcd.o
    0x080034dc   0x00000060   Code   RO         6748    i.LED_GPIO_Config   bsp_led.o
    0x0800353c   0x00000158   Code   RO         5246    i.LwIP_Init         netconf.o
    0x08003694   0x0000005c   Code   RO         5247    i.LwIP_Periodic_Handle  netconf.o
    0x080036f0   0x00000010   Code   RO         5248    i.LwIP_Pkt_Handle   netconf.o
    0x08003700   0x00000004   Code   RO         5168    i.MemManage_Handler  stm32f4xx_it.o
    0x08003704   0x00000002   Code   RO         5169    i.NMI_Handler       stm32f4xx_it.o
    0x08003706   0x00000002   PAD
    0x08003708   0x00000078   Code   RO          155    i.NVIC_Init         misc.o
    0x08003780   0x00000014   Code   RO          156    i.NVIC_PriorityGroupConfig  misc.o
    0x08003794   0x00000002   Code   RO         5170    i.PendSV_Handler    stm32f4xx_it.o
    0x08003796   0x00000002   PAD
    0x08003798   0x00000020   Code   RO         2696    i.RCC_AHB1PeriphClockCmd  stm32f4xx_rcc.o
    0x080037b8   0x00000020   Code   RO         2698    i.RCC_AHB1PeriphResetCmd  stm32f4xx_rcc.o
    0x080037d8   0x00000020   Code   RO         2702    i.RCC_AHB3PeriphClockCmd  stm32f4xx_rcc.o
    0x080037f8   0x00000020   Code   RO         2705    i.RCC_APB1PeriphClockCmd  stm32f4xx_rcc.o
    0x08003818   0x00000020   Code   RO         2708    i.RCC_APB2PeriphClockCmd  stm32f4xx_rcc.o
    0x08003838   0x00000020   Code   RO         2710    i.RCC_APB2PeriphResetCmd  stm32f4xx_rcc.o
    0x08003858   0x000000e8   Code   RO         2717    i.RCC_GetClocksFreq  stm32f4xx_rcc.o
    0x08003940   0x0000011c   Code   RO         6238    i.SDEnWideBus       bsp_sdio_sd.o
    0x08003a5c   0x0000000c   Code   RO         3630    i.SDIO_ClearFlag    stm32f4xx_sdio.o
    0x08003a68   0x0000000c   Code   RO         3631    i.SDIO_ClearITPendingBit  stm32f4xx_sdio.o
    0x08003a74   0x0000000c   Code   RO         3632    i.SDIO_ClockCmd     stm32f4xx_sdio.o
    0x08003a80   0x0000000c   Code   RO         3635    i.SDIO_DMACmd       stm32f4xx_sdio.o
    0x08003a8c   0x00000034   Code   RO         3636    i.SDIO_DataConfig   stm32f4xx_sdio.o
    0x08003ac0   0x00000016   Code   RO         3638    i.SDIO_DeInit       stm32f4xx_sdio.o
    0x08003ad6   0x00000002   PAD
    0x08003ad8   0x0000000c   Code   RO         3639    i.SDIO_GetCommandResponse  stm32f4xx_sdio.o
    0x08003ae4   0x00000018   Code   RO         3642    i.SDIO_GetFlagStatus  stm32f4xx_sdio.o
    0x08003afc   0x00000018   Code   RO         3643    i.SDIO_GetITStatus  stm32f4xx_sdio.o
    0x08003b14   0x00000010   Code   RO         3644    i.SDIO_GetPowerState  stm32f4xx_sdio.o
    0x08003b24   0x00000018   Code   RO         3645    i.SDIO_GetResponse  stm32f4xx_sdio.o
    0x08003b3c   0x00000008   Code   RO         6239    i.SDIO_IRQHandler   bsp_sdio_sd.o
    0x08003b44   0x00000020   Code   RO         3646    i.SDIO_ITConfig     stm32f4xx_sdio.o
    0x08003b64   0x00000030   Code   RO         3647    i.SDIO_Init         stm32f4xx_sdio.o
    0x08003b94   0x0000000c   Code   RO         3648    i.SDIO_ReadData     stm32f4xx_sdio.o
    0x08003ba0   0x0000002c   Code   RO         3650    i.SDIO_SendCommand  stm32f4xx_sdio.o
    0x08003bcc   0x0000000c   Code   RO         3652    i.SDIO_SetPowerState  stm32f4xx_sdio.o
    0x08003bd8   0x0000000c   Code   RO         6241    i.SD_Detect         bsp_sdio_sd.o
    0x08003be4   0x00000090   Code   RO         6242    i.SD_EnableWideBusOperation  bsp_sdio_sd.o
    0x08003c74   0x0000031c   Code   RO         6244    i.SD_GetCardInfo    bsp_sdio_sd.o
    0x08003f90   0x00000026   Code   RO         6246    i.SD_GetState       bsp_sdio_sd.o
    0x08003fb6   0x0000001e   Code   RO         6247    i.SD_GetStatus      bsp_sdio_sd.o
    0x08003fd4   0x000000c0   Code   RO         6250    i.SD_Init           bsp_sdio_sd.o
    0x08004094   0x0000013c   Code   RO         6251    i.SD_InitializeCards  bsp_sdio_sd.o
    0x080041d0   0x00000090   Code   RO         6252    i.SD_LowLevel_DMA_RxConfig  bsp_sdio_sd.o
    0x08004260   0x00000090   Code   RO         6253    i.SD_LowLevel_DMA_TxConfig  bsp_sdio_sd.o
    0x080042f0   0x000000a4   Code   RO         6255    i.SD_LowLevel_Init  bsp_sdio_sd.o
    0x08004394   0x000001a0   Code   RO         6257    i.SD_PowerON        bsp_sdio_sd.o
    0x08004534   0x00000028   Code   RO         6258    i.SD_ProcessDMAIRQ  bsp_sdio_sd.o
    0x0800455c   0x000000ac   Code   RO         6259    i.SD_ProcessIRQSrc  bsp_sdio_sd.o
    0x08004608   0x000000f8   Code   RO         6261    i.SD_ReadMultiBlocks  bsp_sdio_sd.o
    0x08004700   0x00000038   Code   RO         6262    i.SD_SelectDeselect  bsp_sdio_sd.o
    0x08004738   0x00000054   Code   RO         6264    i.SD_SendStatus     bsp_sdio_sd.o
    0x0800478c   0x00000034   Code   RO         6265    i.SD_StopTransfer   bsp_sdio_sd.o
    0x080047c0   0x00000080   Code   RO         6266    i.SD_WaitReadOperation  bsp_sdio_sd.o
    0x08004840   0x00000080   Code   RO         6267    i.SD_WaitWriteOperation  bsp_sdio_sd.o
    0x080048c0   0x00000158   Code   RO         6269    i.SD_WriteMultiBlocks  bsp_sdio_sd.o
    0x08004a18   0x00000002   Code   RO         5171    i.SVC_Handler       stm32f4xx_it.o
    0x08004a1a   0x00000002   PAD
    0x08004a1c   0x0000000c   Code   RO         4018    i.SYSCFG_ETH_MediaInterfaceConfig  stm32f4xx_syscfg.o
    0x08004a28   0x000000ec   Code   RO           13    i.SetSysClock       system_stm32f4xx.o
    0x08004b14   0x00000028   Code   RO          159    i.SysTick_CLKSourceConfig  misc.o
    0x08004b3c   0x00000008   Code   RO         5172    i.SysTick_Handler   stm32f4xx_it.o
    0x08004b44   0x00000064   Code   RO         6638    i.SysTick_Init      bsp_systick.o
    0x08004ba8   0x00000068   Code   RO           15    i.SystemInit        system_stm32f4xx.o
    0x08004c10   0x0000005c   Code   RO         4908    i.TIM3_Config       main.o
    0x08004c6c   0x00000034   Code   RO         4909    i.TIM3_IRQHandler   main.o
    0x08004ca0   0x00000054   Code   RO         4910    i.TIM4_Config       main.o
    0x08004cf4   0x00000050   Code   RO         4911    i.TIM4_IRQHandler   main.o
    0x08004d44   0x00000006   Code   RO         4087    i.TIM_ClearITPendingBit  stm32f4xx_tim.o
    0x08004d4a   0x00000018   Code   RO         4092    i.TIM_Cmd           stm32f4xx_tim.o
    0x08004d62   0x00000022   Code   RO         4113    i.TIM_GetITStatus   stm32f4xx_tim.o
    0x08004d84   0x00000012   Code   RO         4117    i.TIM_ITConfig      stm32f4xx_tim.o
    0x08004d96   0x00000002   PAD
    0x08004d98   0x00000084   Code   RO         4164    i.TIM_TimeBaseInit  stm32f4xx_tim.o
    0x08004e1c   0x00000018   Code   RO         6639    i.TimingDelay_Decrement  bsp_systick.o
    0x08004e34   0x00000018   Code   RO         4646    i.USART_Cmd         stm32f4xx_usart.o
    0x08004e4c   0x0000001a   Code   RO         4649    i.USART_GetFlagStatus  stm32f4xx_usart.o
    0x08004e66   0x00000002   PAD
    0x08004e68   0x000000d4   Code   RO         4653    i.USART_Init        stm32f4xx_usart.o
    0x08004f3c   0x00000008   Code   RO         4663    i.USART_SendData    stm32f4xx_usart.o
    0x08004f44   0x00000004   Code   RO         5173    i.UsageFault_Handler  stm32f4xx_it.o
    0x08004f48   0x00000020   Code   RO         9000    i.__0printf         mc_w.l(printfa.o)
    0x08004f68   0x00000028   Code   RO         9002    i.__0sprintf        mc_w.l(printfa.o)
    0x08004f90   0x00000008   Code   RO         9057    i.__aeabi_errno_addr  mc_w.l(errno.o)
    0x08004f98   0x0000000e   Code   RO         9113    i.__scatterload_copy  mc_w.l(handlers.o)
    0x08004fa6   0x00000002   Code   RO         9114    i.__scatterload_null  mc_w.l(handlers.o)
    0x08004fa8   0x0000000e   Code   RO         9115    i.__scatterload_zeroinit  mc_w.l(handlers.o)
    0x08004fb6   0x00000002   PAD
    0x08004fb8   0x00000164   Code   RO         9007    i._fp_digits        mc_w.l(printfa.o)
    0x0800511c   0x000006dc   Code   RO         9008    i._printf_core      mc_w.l(printfa.o)
    0x080057f8   0x00000024   Code   RO         9009    i._printf_post_padding  mc_w.l(printfa.o)
    0x0800581c   0x0000002e   Code   RO         9010    i._printf_pre_padding  mc_w.l(printfa.o)
    0x0800584a   0x0000000a   Code   RO         9012    i._sputc            mc_w.l(printfa.o)
    0x08005854   0x00000090   Code   RO         5655    i.check_fs          ff.o
    0x080058e4   0x00000014   Code   RO         5656    i.chk_chr           ff.o
    0x080058f8   0x0000001a   Code   RO         5657    i.clust2sect        ff.o
    0x08005912   0x00000002   PAD
    0x08005914   0x000000a0   Code   RO         5658    i.cmp_lfn           ff.o
    0x080059b4   0x000000d6   Code   RO         5659    i.create_chain      ff.o
    0x08005a8a   0x00000002   PAD
    0x08005a8c   0x00000270   Code   RO         5660    i.create_name       ff.o
    0x08005cfc   0x0000003c   Code   RO         5544    i.delay_init        delay.o
    0x08005d38   0x00000038   Code   RO         5545    i.delay_ms          delay.o
    0x08005d70   0x0000004c   Code   RO         5546    i.delay_us          delay.o
    0x08005dbc   0x0000004c   Code   RO         5547    i.delay_xms         delay.o
    0x08005e08   0x0000002e   Code   RO         7844    i.dhcp_arp_reply    dhcp.o
    0x08005e36   0x00000002   PAD
    0x08005e38   0x00000148   Code   RO         7849    i.dhcp_create_msg   dhcp.o
    0x08005f80   0x00000084   Code   RO         7850    i.dhcp_decline      dhcp.o
    0x08006004   0x00000028   Code   RO         7851    i.dhcp_delete_msg   dhcp.o
    0x0800602c   0x000000c4   Code   RO         7852    i.dhcp_discover     dhcp.o
    0x080060f0   0x00000050   Code   RO         7858    i.dhcp_network_changed  dhcp.o
    0x08006140   0x00000020   Code   RO         7859    i.dhcp_option       dhcp.o
    0x08006160   0x00000012   Code   RO         7860    i.dhcp_option_byte  dhcp.o
    0x08006172   0x00000042   Code   RO         7861    i.dhcp_option_long  dhcp.o
    0x080061b4   0x00000022   Code   RO         7862    i.dhcp_option_short  dhcp.o
    0x080061d6   0x00000046   Code   RO         7863    i.dhcp_option_trailer  dhcp.o
    0x0800621c   0x000000a8   Code   RO         7866    i.dhcp_reboot       dhcp.o
    0x080062c4   0x00000010   Code   RO         7871    i.dhcp_set_state    dhcp.o
    0x080062d4   0x0000005c   Code   RO         5661    i.dir_alloc         ff.o
    0x08006330   0x000000ea   Code   RO         5662    i.dir_find          ff.o
    0x0800641a   0x0000013a   Code   RO         5663    i.dir_next          ff.o
    0x08006554   0x0000012a   Code   RO         5665    i.dir_register      ff.o
    0x0800667e   0x000000c8   Code   RO         5667    i.dir_sdi           ff.o
    0x08006746   0x0000002a   Code   RO         5588    i.disk_initialize   diskio.o
    0x08006770   0x0000006c   Code   RO         5589    i.disk_ioctl        diskio.o
    0x080067dc   0x000000b4   Code   RO         5590    i.disk_read         diskio.o
    0x08006890   0x0000001c   Code   RO         5591    i.disk_status       diskio.o
    0x080068ac   0x000000ba   Code   RO         5592    i.disk_write        diskio.o
    0x08006966   0x0000010c   Code   RO         8588    i.etharp_arp_input  etharp.o
    0x08006a72   0x00000002   PAD
    0x08006a74   0x00000038   Code   RO         8589    i.etharp_cleanup_netif  etharp.o
    0x08006aac   0x00000160   Code   RO         8591    i.etharp_find_entry  etharp.o
    0x08006c0c   0x00000040   Code   RO         8592    i.etharp_free_entry  etharp.o
    0x08006c4c   0x00000148   Code   RO         8593    i.etharp_output     etharp.o
    0x08006d94   0x0000006c   Code   RO         8594    i.etharp_output_to_arp_index  etharp.o
    0x08006e00   0x0000015c   Code   RO         8595    i.etharp_query      etharp.o
    0x08006f5c   0x000000b2   Code   RO         8596    i.etharp_raw        etharp.o
    0x0800700e   0x00000002   PAD
    0x08007010   0x0000002c   Code   RO         8597    i.etharp_request    etharp.o
    0x0800703c   0x00000038   Code   RO         8598    i.etharp_send_ip    etharp.o
    0x08007074   0x0000008c   Code   RO         8599    i.etharp_tmr        etharp.o
    0x08007100   0x000000b8   Code   RO         8600    i.etharp_update_arp_entry  etharp.o
    0x080071b8   0x000000b8   Code   RO         8601    i.ethernet_input    etharp.o
    0x08007270   0x00000030   Code   RO         8691    i.ethernetif_init   ethernetif.o
    0x080072a0   0x0000002a   Code   RO         8692    i.ethernetif_input  ethernetif.o
    0x080072ca   0x00000020   Code   RO         5669    i.f_close           ff.o
    0x080072ea   0x00000002   PAD
    0x080072ec   0x00000684   Code   RO         5674    i.f_mkfs            ff.o
    0x08007970   0x0000005c   Code   RO         5675    i.f_mount           ff.o
    0x080079cc   0x0000017e   Code   RO         5676    i.f_open            ff.o
    0x08007b4a   0x000001d0   Code   RO         5678    i.f_read            ff.o
    0x08007d1a   0x000000b0   Code   RO         5682    i.f_sync            ff.o
    0x08007dca   0x0000020c   Code   RO         5686    i.f_write           ff.o
    0x08007fd6   0x00000002   PAD
    0x08007fd8   0x0000007c   Code   RO         5952    i.ff_convert        cc936.o
    0x08008054   0x0000005c   Code   RO         5953    i.ff_wtoupper       cc936.o
    0x080080b0   0x000003d8   Code   RO         5687    i.find_volume       ff.o
    0x08008488   0x00000080   Code   RO         5688    i.fit_lfn           ff.o
    0x08008508   0x00000090   Code   RO         5689    i.follow_path       ff.o
    0x08008598   0x00000024   Code   RO         6681    i.fputc             bsp_debug_usart.o
    0x080085bc   0x000000cc   Code   RO         5690    i.gen_numname       ff.o
    0x08008688   0x0000013e   Code   RO         5691    i.get_fat           ff.o
    0x080087c6   0x00000002   PAD
    0x080087c8   0x00000008   Code   RO         5593    i.get_fattime       diskio.o
    0x080087d0   0x0000004a   Code   RO         5693    i.get_ldnumber      ff.o
    0x0800881a   0x00000012   Code   RO         7519    i.icmp_dest_unreach  icmp.o
    0x0800882c   0x0000015c   Code   RO         7520    i.icmp_input        icmp.o
    0x08008988   0x00000070   Code   RO         7521    i.icmp_send_response  icmp.o
    0x080089f8   0x00000012   Code   RO         7522    i.icmp_time_exceeded  icmp.o
    0x08008a0a   0x00000014   Code   RO         7582    i.inet_chksum       inet_chksum.o
    0x08008a1e   0x00000056   Code   RO         7583    i.inet_chksum_pbuf  inet_chksum.o
    0x08008a74   0x0000004e   Code   RO         7692    i.ip4_addr_isbroadcast  ip_addr.o
    0x08008ac2   0x00000002   PAD
    0x08008ac4   0x000001ac   Code   RO         7745    i.ip_frag           ip_frag.o
    0x08008c70   0x0000000a   Code   RO         7746    i.ip_frag_alloc_pbuf_custom_ref  ip_frag.o
    0x08008c7a   0x00000012   Code   RO         7747    i.ip_frag_free_pbuf_custom_ref  ip_frag.o
    0x08008c8c   0x000001ac   Code   RO         7626    i.ip_input          ip.o
    0x08008e38   0x00000038   Code   RO         7627    i.ip_output         ip.o
    0x08008e70   0x000000c4   Code   RO         7628    i.ip_output_if      ip.o
    0x08008f34   0x0000018c   Code   RO         7748    i.ip_reass          ip_frag.o
    0x080090c0   0x00000164   Code   RO         7749    i.ip_reass_chain_frag_into_datagram_and_validate  ip_frag.o
    0x08009224   0x0000002c   Code   RO         7750    i.ip_reass_dequeue_datagram  ip_frag.o
    0x08009250   0x00000054   Code   RO         7751    i.ip_reass_enqueue_new_datagram  ip_frag.o
    0x080092a4   0x000000a0   Code   RO         7752    i.ip_reass_free_complete_datagram  ip_frag.o
    0x08009344   0x0000007c   Code   RO         7753    i.ip_reass_remove_oldest_datagram  ip_frag.o
    0x080093c0   0x00000054   Code   RO         7629    i.ip_route          ip.o
    0x08009414   0x00000020   Code   RO         7755    i.ipfrag_free_pbuf_custom  ip_frag.o
    0x08009434   0x00000020   Code   RO         5694    i.ld_clust          ff.o
    0x08009454   0x00000080   Code   RO         8693    i.low_level_init    ethernetif.o
    0x080094d4   0x000000e0   Code   RO         8694    i.low_level_input   ethernetif.o
    0x080095b4   0x000000e0   Code   RO         8695    i.low_level_output  ethernetif.o
    0x08009694   0x0000001a   Code   RO         7814    i.lwip_htonl        def.o
    0x080096ae   0x0000000c   Code   RO         7815    i.lwip_htons        def.o
    0x080096ba   0x0000000c   Code   RO         7816    i.lwip_ntohl        def.o
    0x080096c6   0x0000000c   Code   RO         7817    i.lwip_ntohs        def.o
    0x080096d2   0x0000005e   Code   RO         7586    i.lwip_standard_chksum  inet_chksum.o
    0x08009730   0x0000040c   Code   RO         4913    i.main              main.o
    0x08009b3c   0x00000038   Code   RO         4914    i.mcu_connect_udp_server  main.o
    0x08009b74   0x000000d0   Code   RO         4915    i.mcu_open_savefile  main.o
    0x08009c44   0x00000054   Code   RO         4916    i.mcu_save_ads1256data  main.o
    0x08009c98   0x00000058   Code   RO         4917    i.mcu_save_ads1256data_left  main.o
    0x08009cf0   0x000002ac   Code   RO         4918    i.mcu_xmit_ads1256data  main.o
    0x08009f9c   0x00000026   Code   RO         5695    i.mem_cmp           ff.o
    0x08009fc2   0x0000001a   Code   RO         5696    i.mem_cpy           ff.o
    0x08009fdc   0x00000050   Code   RO         8096    i.mem_free          mem.o
    0x0800a02c   0x0000005c   Code   RO         8097    i.mem_init          mem.o
    0x0800a088   0x000000ec   Code   RO         8098    i.mem_malloc        mem.o
    0x0800a174   0x00000014   Code   RO         5697    i.mem_set           ff.o
    0x0800a188   0x0000012c   Code   RO         8099    i.mem_trim          mem.o
    0x0800a2b4   0x00000020   Code   RO         8140    i.memp_free         memp.o
    0x0800a2d4   0x00000064   Code   RO         8141    i.memp_init         memp.o
    0x0800a338   0x0000002c   Code   RO         8142    i.memp_malloc       memp.o
    0x0800a364   0x000001b8   Code   RO         4919    i.mount_filesystem  main.o
    0x0800a51c   0x00000034   Code   RO         5698    i.move_window       ff.o
    0x0800a550   0x00000070   Code   RO         8179    i.netif_add         netif.o
    0x0800a5c0   0x00000022   Code   RO         8183    i.netif_set_addr    netif.o
    0x0800a5e2   0x00000002   PAD
    0x0800a5e4   0x0000000c   Code   RO         8184    i.netif_set_default  netif.o
    0x0800a5f0   0x0000002a   Code   RO         8185    i.netif_set_down    netif.o
    0x0800a61a   0x0000000c   Code   RO         8186    i.netif_set_gw      netif.o
    0x0800a626   0x0000000c   Code   RO         8187    i.netif_set_ipaddr  netif.o
    0x0800a632   0x00000006   Code   RO         8188    i.netif_set_link_callback  netif.o
    0x0800a638   0x0000002a   Code   RO         8189    i.netif_set_link_down  netif.o
    0x0800a662   0x00000050   Code   RO         8190    i.netif_set_link_up  netif.o
    0x0800a6b2   0x0000000c   Code   RO         8191    i.netif_set_netmask  netif.o
    0x0800a6be   0x00000036   Code   RO         8192    i.netif_set_up      netif.o
    0x0800a6f4   0x00000192   Code   RO         8279    i.pbuf_alloc        pbuf.o
    0x0800a886   0x0000006c   Code   RO         8280    i.pbuf_alloced_custom  pbuf.o
    0x0800a8f2   0x00000038   Code   RO         8281    i.pbuf_cat          pbuf.o
    0x0800a92a   0x00000016   Code   RO         8282    i.pbuf_chain        pbuf.o
    0x0800a940   0x00000012   Code   RO         8283    i.pbuf_clen         pbuf.o
    0x0800a952   0x000000c0   Code   RO         8285    i.pbuf_copy         pbuf.o
    0x0800aa12   0x00000086   Code   RO         8288    i.pbuf_free         pbuf.o
    0x0800aa98   0x0000007e   Code   RO         8290    i.pbuf_header       pbuf.o
    0x0800ab16   0x00000078   Code   RO         8293    i.pbuf_realloc      pbuf.o
    0x0800ab8e   0x0000000a   Code   RO         8294    i.pbuf_ref          pbuf.o
    0x0800ab98   0x00000074   Code   RO         8296    i.pbuf_take         pbuf.o
    0x0800ac0c   0x00000088   Code   RO         8100    i.plug_holes        mem.o
    0x0800ac94   0x00000188   Code   RO         5700    i.put_fat           ff.o
    0x0800ae1c   0x00000074   Code   RO         8395    i.raw_input         raw.o
    0x0800ae90   0x0000006c   Code   RO         5701    i.remove_chain      ff.o
    0x0800aefc   0x00000010   Code   RO         5702    i.st_clust          ff.o
    0x0800af0c   0x00000020   Code   RO         5703    i.sum_sfn           ff.o
    0x0800af2c   0x000000c8   Code   RO         5704    i.sync_fs           ff.o
    0x0800aff4   0x00000052   Code   RO         5705    i.sync_window       ff.o
    0x0800b046   0x00000002   PAD
    0x0800b048   0x00000080   Code   RO         8491    i.udp_bind          udp.o
    0x0800b0c8   0x00000064   Code   RO         8492    i.udp_connect       udp.o
    0x0800b12c   0x00000150   Code   RO         6558    i.udp_echoclient_connect  udp_echoclient.o
    0x0800b27c   0x000001d0   Code   RO         8495    i.udp_input         udp.o
    0x0800b44c   0x0000001c   Code   RO         8496    i.udp_new           udp.o
    0x0800b468   0x00000058   Code   RO         8497    i.udp_new_port      udp.o
    0x0800b4c0   0x00000108   Code   RO         6560    i.udp_receive_callback  udp_echoclient.o
    0x0800b5c8   0x00000006   Code   RO         8498    i.udp_recv          udp.o
    0x0800b5ce   0x00000002   PAD
    0x0800b5d0   0x00000040   Code   RO         8499    i.udp_remove        udp.o
    0x0800b610   0x00000014   Code   RO         8500    i.udp_send          udp.o
    0x0800b624   0x0000002e   Code   RO         8501    i.udp_sendto        udp.o
    0x0800b652   0x000000ce   Code   RO         8502    i.udp_sendto_if     udp.o
    0x0800b720   0x000000a0   Code   RO         6561    i.udp_xmit_ads1256data  udp_echoclient.o
    0x0800b7c0   0x00000052   Code   RO         6562    i.udp_xmit_flag     udp_echoclient.o
    0x0800b812   0x00000032   Code   RO         5706    i.validate          ff.o
    0x0800b844   0x000000c8   Data   RO         4921    .constdata          main.o
    0x0800b90c   0x0000003a   Data   RO         5707    .constdata          ff.o
    0x0800b946   0x0002b0c0   Data   RO         5954    .constdata          cc936.o
    0x08036a06   0x00005320   Data   RO         5984    .constdata          fonts.o
    0x0803bd26   0x00000002   PAD
    0x0803bd28   0x00000008   Data   RO         7699    .constdata          ip_addr.o
    0x0803bd30   0x00000018   Data   RO         8144    .constdata          memp.o
    0x0803bd48   0x0000000c   Data   RO         8603    .constdata          etharp.o
    0x0803bd54   0x00000081   Data   RO         9080    .constdata          mc_w.l(ctype_o.o)
    0x0803bdd5   0x00000003   PAD
    0x0803bdd8   0x00000004   Data   RO         9081    .constdata          mc_w.l(ctype_o.o)
    0x0803bddc   0x000000c9   Data   RO         4922    .conststring        main.o
    0x0803bea5   0x00000003   PAD
    0x0803bea8   0x00000020   Data   RO         9111    Region$$Table       anon$$obj.o


    Execution Region RW_IRAM1 (Base: 0x20000000, Size: 0x0001d5e8, Max: 0x00020000, ABSOLUTE, COMPRESSED[0x0000004c])

    Base Addr    Size         Type   Attr      Idx    E Section Name        Object

    0x20000000   0x00000014   Data   RW           16    .data               system_stm32f4xx.o
    0x20000014   0x00000010   Data   RW         2749    .data               stm32f4xx_rcc.o
    0x20000024   0x00000004   PAD
    0x20000028   0x000001d5   Data   RW         4923    .data               main.o
    0x200001fd   0x00000003   PAD
    0x20000200   0x0000001c   Data   RW         5250    .data               netconf.o
    0x2000021c   0x00000004   Data   RW         5548    .data               delay.o
    0x20000220   0x0000000a   Data   RW         5708    .data               ff.o
    0x2000022a   0x00000002   PAD
    0x2000022c   0x00000018   Data   RW         5985    .data               fonts.o
    0x20000244   0x00000010   Data   RW         6039    .data               bsp_ili9806g_lcd.o
    0x20000254   0x00000018   Data   RW         6272    .data               bsp_sdio_sd.o
    0x2000026c   0x0000000c   Data   RW         6564    .data               udp_echoclient.o
    0x20000278   0x00000004   Data   RW         6640    .data               bsp_systick.o
    0x2000027c   0x00000010   Data   RW         6860    .data               stm32f4x7_eth.o
    0x2000028c   0x00000006   Data   RW         7310    .data               stm32f4x7_phy.o
    0x20000292   0x00000002   PAD
    0x20000294   0x00000012   Data   RW         7630    .data               ip.o
    0x200002a6   0x00000002   PAD
    0x200002a8   0x00000006   Data   RW         7756    .data               ip_frag.o
    0x200002ae   0x00000002   PAD
    0x200002b0   0x00000004   Data   RW         7879    .data               dhcp.o
    0x200002b4   0x0000000c   Data   RW         8102    .data               mem.o
    0x200002c0   0x00000009   Data   RW         8193    .data               netif.o
    0x200002c9   0x00000003   PAD
    0x200002cc   0x00000004   Data   RW         8401    .data               raw.o
    0x200002d0   0x00000008   Data   RW         8503    .data               udp.o
    0x200002d8   0x00000001   Data   RW         8604    .data               etharp.o
    0x200002d9   0x00000003   PAD
    0x200002dc   0x00000004   Data   RW         8760    .data               mc_w.l(strtok.o)
    0x200002e0   0x00000004   Data   RW         9050    .data               mc_w.l(stdout.o)
    0x200002e4   0x00000004   Data   RW         9060    .data               mc_w.l(errno.o)
    0x200002e8   0x00007164   Zero   RW         4920    .bss                main.o
    0x2000744c   0x00000038   Zero   RW         5249    .bss                netconf.o
    0x20007484   0x00000018   Zero   RW         5403    .bss                bsp_adc.o
    0x2000749c   0x00000004   PAD
    0x200074a0   0x000000cc   Zero   RW         6271    .bss                bsp_sdio_sd.o
    0x2000756c   0x00000064   Zero   RW         6563    .bss                udp_echoclient.o
    0x200075d0   0x000030ac   Zero   RW         6859    .bss                stm32f4x7_eth.o
    0x2000a67c   0x000000bc   Zero   RW         7309    .bss                stm32f4x7_phy.o
    0x2000a738   0x0000c814   Zero   RW         8101    .bss                mem.o
    0x20016f4c   0x000055d3   Zero   RW         8143    .bss                memp.o
    0x2001c51f   0x00000001   PAD
    0x2001c520   0x000000c8   Zero   RW         8602    .bss                etharp.o
    0x2001c5e8   0x00001000   Zero   RW            1    STACK               startup_stm32f40xx.o


==============================================================================

Image component sizes


      Code (inc. data)   RO Data    RW Data    ZI Data      Debug   Object Name

      2174        140          0          0         24      10125   bsp_adc.o
       188         12          0          0          0       1373   bsp_debug_usart.o
      2396        106          0         16          0      13938   bsp_ili9806g_lcd.o
        56          8          0          0          0        590   bsp_key.o
        96          6          0          0          0        626   bsp_led.o
      5068        292          0         24        204      26767   bsp_sdio_sd.o
       148         22          0          4          0      28695   bsp_systick.o
       216         16     176320          0          0       2815   cc936.o
        62          0          0          0          0       2348   def.o
       268         16          0          4          0       2627   delay.o
      1226         26          0          4          0      15003   dhcp.o
       552         10          0          0          0      12345   diskio.o
      2310         66         12          1        200      14476   etharp.o
       666         46          0          0          0       6861   ethernetif.o
      8564        136         58         10          0      38039   ff.o
         0          0      21280         24          0       1393   fonts.o
       496          8          0          0          0       6118   icmp.o
         0          0          0          0          0       3872   inet.o
       200          0          0          0          0       2857   inet_chksum.o
         0          0          0          0          0        708   init.o
       764         34          0         18          0       7821   ip.o
        78          0          8          0          0       7394   ip_addr.o
      1652         36          0          6          0      10993   ip_frag.o
      3274       1438        401        469      29028      28757   main.o
       844         68          0         12      51220       5365   mem.o
       176         26         24          0      21971       3466   memp.o
       180         24          0          0          0       2493   misc.o
       452        186          0         28         56      15458   netconf.o
       418         14          0          9          0       9790   netif.o
      1304          0          0          0          0       9979   pbuf.o
       116         14          0          4          0       1660   raw.o
        36          8        392          0       4096        996   startup_stm32f40xx.o
      2280        156          0         16      12460      51821   stm32f4x7_eth.o
       932        194          0          6        188      10558   stm32f4x7_phy.o
       586         40          0          0          0       5652   stm32f4xx_dma.o
       344         16          0          0          0       2321   stm32f4xx_fsmc.o
       240          0          0          0          0       4103   stm32f4xx_gpio.o
        72         28          0          0          0       4566   stm32f4xx_it.o
       424         54          0         16          0       7286   stm32f4xx_rcc.o
       370         80          0          0          0      12202   stm32f4xx_sdio.o
        12          6          0          0          0        674   stm32f4xx_syscfg.o
       214         28          0          0          0       4262   stm32f4xx_tim.o
       270          8          0          0          0       3740   stm32f4xx_usart.o
       340         32          0         20          0     324285   system_stm32f4xx.o
         0          0          0          0          0       5660   tcp_echoclient.o
      1150         38          0          8          0      17713   udp.o
      1170        426          0         12        100       5476   udp_echoclient.o

    ----------------------------------------------------------------------
     42432       3864     198532        732     119552     756067   Object Totals
         0          0         32          0          0          0   (incl. Generated)
        48          0          5         21          5          0   (incl. Padding)

    ----------------------------------------------------------------------

      Code (inc. data)   RO Data    RW Data    ZI Data      Debug   Library Member Name

        86          0          0          0          0          0   __dczerorl2.o
        28          0          0          0          0         68   _chval.o
       158          0          0          0          0         92   _strtoul.o
        26          0          0          0          0         80   atoi.o
         8          4        133          0          0         68   ctype_o.o
         0          0          0          0          0          0   entry.o
         0          0          0          0          0          0   entry10a.o
         0          0          0          0          0          0   entry11a.o
         8          4          0          0          0          0   entry2.o
         4          0          0          0          0          0   entry5.o
         0          0          0          0          0          0   entry7b.o
         0          0          0          0          0          0   entry8b.o
         8          4          0          0          0          0   entry9a.o
         8          4          0          4          0         68   errno.o
        30          0          0          0          0          0   handlers.o
        36          8          0          0          0         68   init.o
         0          0          0          0          0          0   iusefp.o
        30          0          0          0          0         68   llshl.o
        36          0          0          0          0         68   llsshr.o
        32          0          0          0          0         68   llushr.o
        26          0          0          0          0         80   memcmp.o
        36          0          0          0          0         68   memcpya.o
        36          0          0          0          0        108   memseta.o
      2276         96          0          0          0        596   printfa.o
         0          0          0          4          0          0   stdout.o
        28          0          0          0          0         76   strcmp.o
        18          0          0          0          0         68   strcpy.o
        14          0          0          0          0         68   strlen.o
        68          6          0          4          0         80   strtok.o
       112          0          0          0          0         88   strtol.o
        44          0          0          0          0         80   uidiv.o
        98          0          0          0          0         92   uldiv.o
        48          0          0          0          0         68   cdrcmple.o
       334          0          0          0          0        148   dadd.o
       222          0          0          0          0        100   ddiv.o
       186          0          0          0          0        176   depilogue.o
        48          0          0          0          0         68   dfixul.o
        26          0          0          0          0         76   dfltui.o
       228          0          0          0          0         96   dmul.o

    ----------------------------------------------------------------------
      4348        126        136         12          0       2784   Library Totals
         2          0          3          0          0          0   (incl. Padding)

    ----------------------------------------------------------------------

      Code (inc. data)   RO Data    RW Data    ZI Data      Debug   Library Name

      3254        126        133         12          0       2052   mc_w.l
      1092          0          0          0          0        732   mf_w.l

    ----------------------------------------------------------------------
      4348        126        136         12          0       2784   Library Totals

    ----------------------------------------------------------------------

==============================================================================


      Code (inc. data)   RO Data    RW Data    ZI Data      Debug   

     46780       3990     198668        744     119552     726027   Grand Totals
     46780       3990     198668         76     119552     726027   ELF Image Totals (compressed)
     46780       3990     198668         76          0          0   ROM Totals

==============================================================================

    Total RO  Size (Code + RO Data)               245448 ( 239.70kB)
    Total RW  Size (RW Data + ZI Data)            120296 ( 117.48kB)
    Total ROM Size (Code + RO Data + RW Data)     245524 ( 239.77kB)

==============================================================================

